Component: ARM Compiler 5.06 update 6 (build 750) Tool: armlink [4d35ed]

==============================================================================

Section Cross References

    main.o(i.lv_tutorial_hello_world) refers to lv_disp.o(i.lv_disp_get_scr_act) for lv_disp_get_scr_act
    main.o(i.lv_tutorial_hello_world) refers to lv_label.o(i.lv_label_create) for lv_label_create
    main.o(i.lv_tutorial_hello_world) refers to lv_label.o(i.lv_label_set_text) for lv_label_set_text
    main.o(i.lv_tutorial_hello_world) refers to lv_obj.o(i.lv_obj_align) for lv_obj_align
    main.o(i.main) refers to systick.o(i.systick_init) for systick_init
    main.o(i.main) refers to led.o(i.led_init) for led_init
    main.o(i.main) refers to lcd_init.o(i.LCD_Init) for LCD_Init
    main.o(i.main) refers to lcd.o(i.LCD_Fill) for LCD_Fill
    main.o(i.main) refers to lv_obj.o(i.lv_init) for lv_init
    main.o(i.main) refers to lv_port_disp_mcgd32.o(i.lv_port_disp_init) for lv_port_disp_init
    main.o(i.main) refers to demo.o(i.demo_create) for demo_create
    main.o(i.main) refers to lv_task.o(i.lv_task_handler) for lv_task_handler
    main.o(i.main) refers to led.o(i.led_toggle) for led_toggle
    main.o(i.main) refers to systick.o(i.systick_delay) for systick_delay
    systick.o(i.SysTick_Handler) refers to lv_hal_tick.o(i.lv_tick_inc) for lv_tick_inc
    systick.o(i.SysTick_Handler) refers to systick.o(.data) for tick_cnt
    systick.o(i.systick_delay) refers to systick.o(i.systick_get_current_tick) for systick_get_current_tick
    systick.o(i.systick_get_current_tick) refers to systick.o(.data) for tick_cnt
    systick.o(i.systick_init) refers to systick.o(i.NVIC_SetPriority) for NVIC_SetPriority
    systick.o(i.systick_init) refers to system_gd32f30x.o(.data) for SystemCoreClock
    systick.o(i.systick_time_diff) refers to systick.o(i.systick_get_current_tick) for systick_get_current_tick
    led.o(i.led_init) refers to gd32f30x_rcu.o(i.rcu_periph_clock_enable) for rcu_periph_clock_enable
    led.o(i.led_init) refers to gd32f30x_gpio.o(i.gpio_pin_remap_config) for gpio_pin_remap_config
    led.o(i.led_init) refers to gd32f30x_gpio.o(i.gpio_init) for gpio_init
    led.o(i.led_init) refers to gd32f30x_gpio.o(i.gpio_bit_write) for gpio_bit_write
    led.o(i.led_init) refers to led.o(.data) for GPIO_PIN
    led.o(i.led_off) refers to led.o(.data) for GPIO_PIN
    led.o(i.led_on) refers to led.o(.data) for GPIO_PIN
    led.o(i.led_toggle) refers to gd32f30x_gpio.o(i.gpio_output_bit_get) for gpio_output_bit_get
    led.o(i.led_toggle) refers to gd32f30x_gpio.o(i.gpio_bit_write) for gpio_bit_write
    led.o(i.led_toggle) refers to led.o(.data) for GPIO_PIN
    spi.o(i.spi2_init) refers to gd32f30x_rcu.o(i.rcu_periph_clock_enable) for rcu_periph_clock_enable
    spi.o(i.spi2_init) refers to gd32f30x_gpio.o(i.gpio_pin_remap_config) for gpio_pin_remap_config
    spi.o(i.spi2_init) refers to gd32f30x_gpio.o(i.gpio_init) for gpio_init
    spi.o(i.spi2_init) refers to gd32f30x_spi.o(i.spi_init) for spi_init
    spi.o(i.spi2_init) refers to gd32f30x_spi.o(i.spi_enable) for spi_enable
    spi.o(i.spi2_transmit_receive_data) refers to gd32f30x_spi.o(i.spi_i2s_flag_get) for spi_i2s_flag_get
    spi.o(i.spi2_transmit_receive_data) refers to gd32f30x_spi.o(i.spi_i2s_data_transmit) for spi_i2s_data_transmit
    spi.o(i.spi2_transmit_receive_data) refers to gd32f30x_spi.o(i.spi_i2s_data_receive) for spi_i2s_data_receive
    system_gd32f30x.o(i.SystemCoreClockUpdate) refers to system_gd32f30x.o(.data) for SystemCoreClock
    system_gd32f30x.o(i.SystemInit) refers to system_gd32f30x.o(i.system_clock_config) for system_clock_config
    system_gd32f30x.o(i.system_clock_config) refers to system_gd32f30x.o(i.system_clock_120m_hxtal) for system_clock_120m_hxtal
    startup_gd32f30x_hd.o(STACK) refers (Special) to heapauxi.o(.text) for __use_two_region_memory
    startup_gd32f30x_hd.o(HEAP) refers (Special) to heapauxi.o(.text) for __use_two_region_memory
    startup_gd32f30x_hd.o(RESET) refers (Special) to heapauxi.o(.text) for __use_two_region_memory
    startup_gd32f30x_hd.o(RESET) refers to startup_gd32f30x_hd.o(STACK) for __initial_sp
    startup_gd32f30x_hd.o(RESET) refers to startup_gd32f30x_hd.o(.text) for Reset_Handler
    startup_gd32f30x_hd.o(RESET) refers to gd32f30x_it.o(i.NMI_Handler) for NMI_Handler
    startup_gd32f30x_hd.o(RESET) refers to gd32f30x_it.o(i.HardFault_Handler) for HardFault_Handler
    startup_gd32f30x_hd.o(RESET) refers to gd32f30x_it.o(i.MemManage_Handler) for MemManage_Handler
    startup_gd32f30x_hd.o(RESET) refers to gd32f30x_it.o(i.BusFault_Handler) for BusFault_Handler
    startup_gd32f30x_hd.o(RESET) refers to gd32f30x_it.o(i.UsageFault_Handler) for UsageFault_Handler
    startup_gd32f30x_hd.o(RESET) refers to gd32f30x_it.o(i.SVC_Handler) for SVC_Handler
    startup_gd32f30x_hd.o(RESET) refers to gd32f30x_it.o(i.DebugMon_Handler) for DebugMon_Handler
[...]
    lv_ta_set_text                           0x08018955   Thumb Code   320  lv_ta.o(i.lv_ta_set_text)
    lv_ta_set_text_sel                       0x08018aad   Thumb Code     2  lv_ta.o(i.lv_ta_set_text_sel)
    lv_tabview_add_tab                       0x08018da9   Thumb Code   632  lv_tabview.o(i.lv_tabview_add_tab)
    lv_tabview_create                        0x0801903d   Thumb Code   730  lv_tabview.o(i.lv_tabview_create)
    lv_tabview_get_anim_time                 0x0801933d   Thumb Code    16  lv_tabview.o(i.lv_tabview_get_anim_time)
    lv_tabview_get_sliding                   0x0801934d   Thumb Code    20  lv_tabview.o(i.lv_tabview_get_sliding)
    lv_tabview_get_style                     0x08019361   Thumb Code   116  lv_tabview.o(i.lv_tabview_get_style)
    lv_tabview_get_tab                       0x080193d5   Thumb Code    64  lv_tabview.o(i.lv_tabview_get_tab)
    lv_tabview_get_tab_act                   0x08019415   Thumb Code    16  lv_tabview.o(i.lv_tabview_get_tab_act)
    lv_tabview_set_style                     0x08019425   Thumb Code   190  lv_tabview.o(i.lv_tabview_set_style)
    lv_tabview_set_tab_act                   0x080194e5   Thumb Code   596  lv_tabview.o(i.lv_tabview_set_tab_act)
    lv_task_core_init                        0x080198c9   Thumb Code    18  lv_task.o(i.lv_task_core_init)
    lv_task_create                           0x080198e1   Thumb Code    62  lv_task.o(i.lv_task_create)
    lv_task_create_basic                     0x08019921   Thumb Code   156  lv_task.o(i.lv_task_create_basic)
    lv_task_del                              0x080199c5   Thumb Code    34  lv_task.o(i.lv_task_del)
    lv_task_enable                           0x080199f5   Thumb Code     6  lv_task.o(i.lv_task_enable)
    lv_task_handler                          0x08019a51   Thumb Code   330  lv_task.o(i.lv_task_handler)
    lv_task_ready                            0x08019bc5   Thumb Code    18  lv_task.o(i.lv_task_ready)
    lv_task_set_cb                           0x08019bd7   Thumb Code     4  lv_task.o(i.lv_task_set_cb)
    lv_task_set_period                       0x08019bdb   Thumb Code     4  lv_task.o(i.lv_task_set_period)
    lv_task_set_prio                         0x08019be1   Thumb Code    94  lv_task.o(i.lv_task_set_prio)
    lv_theme_get_current                     0x08019c45   Thumb Code     6  lv_theme.o(i.lv_theme_get_current)
    lv_tick_elaps                            0x08019c51   Thumb Code    26  lv_hal_tick.o(i.lv_tick_elaps)
    lv_tick_get                              0x08019c6d   Thumb Code    22  lv_hal_tick.o(i.lv_tick_get)
    lv_tick_inc                              0x08019c8d   Thumb Code    18  lv_hal_tick.o(i.lv_tick_inc)
    lv_txt_cut                               0x08019ca9   Thumb Code    66  lv_txt.o(i.lv_txt_cut)
    lv_txt_get_next_line                     0x08019cf1   Thumb Code   272  lv_txt.o(i.lv_txt_get_next_line)
    lv_txt_get_size                          0x08019e11   Thumb Code   204  lv_txt.o(i.lv_txt_get_size)
    lv_txt_get_width                         0x08019edd   Thumb Code   140  lv_txt.o(i.lv_txt_get_width)
    lv_txt_ins                               0x08019f6d   Thumb Code    74  lv_txt.o(i.lv_txt_ins)
    lv_txt_is_cmd                            0x08019fbd   Thumb Code    66  lv_txt.o(i.lv_txt_is_cmd)
    lv_utils_bsearch                         0x0801a345   Thumb Code    84  lv_utils.o(i.lv_utils_bsearch)
    main                                     0x0801a399   Thumb Code    72  main.o(i.main)
    rcu_periph_clock_enable                  0x0801a67d   Thumb Code    28  gd32f30x_rcu.o(i.rcu_periph_clock_enable)
    spi2_init                                0x0801ab05   Thumb Code    86  spi.o(i.spi2_init)
    spi2_transmit_receive_data               0x0801ab69   Thumb Code    50  spi.o(i.spi2_transmit_receive_data)
    spi_enable                               0x0801aba1   Thumb Code    10  gd32f30x_spi.o(i.spi_enable)
    spi_i2s_data_receive                     0x0801abab   Thumb Code     8  gd32f30x_spi.o(i.spi_i2s_data_receive)
    spi_i2s_data_transmit                    0x0801abb3   Thumb Code     4  gd32f30x_spi.o(i.spi_i2s_data_transmit)
    spi_i2s_flag_get                         0x0801abb7   Thumb Code    16  gd32f30x_spi.o(i.spi_i2s_flag_get)
    spi_init                                 0x0801abc7   Thumb Code    50  gd32f30x_spi.o(i.spi_init)
    systick_delay                            0x0801aead   Thumb Code    48  systick.o(i.systick_delay)
    systick_get_current_tick                 0x0801aedd   Thumb Code     6  systick.o(i.systick_get_current_tick)
    systick_init                             0x0801aee9   Thumb Code    74  systick.o(i.systick_init)
    tri_draw_flat                            0x0801bad5   Thumb Code  1112  lv_draw_triangle.o(i.tri_draw_flat)
    tri_draw_tall                            0x0801bf2d   Thumb Code   928  lv_draw_triangle.o(i.tri_draw_tall)
    _fp_init                                 0x0801c561   Thumb Code    10  fpinit.o(x$fpl$fpinit)
    __fplib_config_fpu_vfp                   0x0801c569   Thumb Code     0  fpinit.o(x$fpl$fpinit)
    __fplib_config_pureend_doubles           0x0801c569   Thumb Code     0  fpinit.o(x$fpl$fpinit)
    Region$$Table$$Base                      0x0801f690   Number         0  anon$$obj.o(Region$$Table)
    Region$$Table$$Limit                     0x0801f6b0   Number         0  anon$$obj.o(Region$$Table)
    SystemCoreClock                          0x2000001c   Data           4  system_gd32f30x.o(.data)
    lv_font_roboto_16                        0x20000080   Data          16  lv_font_roboto_16.o(.data)
    _lv_img_cache_array                      0x200000a4   Data           4  lv_gc.o(.data)
    _lv_task_act                             0x200000a8   Data           4  lv_gc.o(.data)
    _lv_draw_buf                             0x200000ac   Data           4  lv_gc.o(.data)
    lv_txt_encoded_size                      0x200000cc   Data           4  lv_txt.o(.data)
    lv_txt_unicode_to_encoded                0x200000d0   Data           4  lv_txt.o(.data)
    lv_txt_encoded_conv_wc                   0x200000d4   Data           4  lv_txt.o(.data)
    lv_txt_encoded_next                      0x200000d8   Data           4  lv_txt.o(.data)
    lv_txt_encoded_prev                      0x200000dc   Data           4  lv_txt.o(.data)
    lv_txt_encoded_get_byte_id               0x200000e0   Data           4  lv_txt.o(.data)
    lv_encoded_get_char_id                   0x200000e4   Data           4  lv_txt.o(.data)
    lv_txt_get_encoded_length                0x200000e8   Data           4  lv_txt.o(.data)
    lv_style_scr                             0x20000400   Data          60  lv_style.o(.bss)
    lv_style_transp                          0x2000043c   Data          60  lv_style.o(.bss)
    lv_style_transp_fit                      0x20000478   Data          60  lv_style.o(.bss)
    lv_style_transp_tight                    0x200004b4   Data          60  lv_style.o(.bss)
    lv_style_plain                           0x200004f0   Data          60  lv_style.o(.bss)
    lv_style_plain_color                     0x2000052c   Data          60  lv_style.o(.bss)
    lv_style_pretty                          0x20000568   Data          60  lv_style.o(.bss)
    lv_style_pretty_color                    0x200005a4   Data          60  lv_style.o(.bss)
    lv_style_btn_rel                         0x200005e0   Data          60  lv_style.o(.bss)
    lv_style_btn_pr                          0x2000061c   Data          60  lv_style.o(.bss)
    lv_style_btn_tgl_rel                     0x20000658   Data          60  lv_style.o(.bss)
    lv_style_btn_tgl_pr                      0x20000694   Data          60  lv_style.o(.bss)
    lv_style_btn_ina                         0x200006d0   Data          60  lv_style.o(.bss)
    _lv_task_ll                              0x2000070c   Data          12  lv_gc.o(.bss)
    _lv_disp_ll                              0x20000718   Data          12  lv_gc.o(.bss)
    _lv_indev_ll                             0x20000724   Data          12  lv_gc.o(.bss)
    _lv_drv_ll                               0x20000730   Data          12  lv_gc.o(.bss)
    _lv_file_ll                              0x2000073c   Data          12  lv_gc.o(.bss)
    _lv_anim_ll                              0x20000748   Data          12  lv_gc.o(.bss)
    _lv_group_ll                             0x20000754   Data          12  lv_gc.o(.bss)
    _lv_img_defoder_ll                       0x20000760   Data          12  lv_gc.o(.bss)
    __libspace_start                         0x20007014   Data          96  libspace.o(.bss)
    __temporary_stack_top$libspace           0x20007074   Data           0  libspace.o(.bss)



==============================================================================

Memory Map of the image

  Image Entry point : 0x08004131

  Load Region LR_IROM1 (Base: 0x08004000, Size: 0x0001bab0, Max: 0x00040000, ABSOLUTE, COMPRESSED[0x0001b898])

    Execution Region ER_IROM1 (Exec base: 0x08004000, Load base: 0x08004000, Size: 0x0001b6b0, Max: 0x00040000, ABSOLUTE)

    Exec Addr    Load Addr    Size         Type   Attr      Idx    E Section Name        Object

    0x08004000   0x08004000   0x00000130   Data   RO          640    RESET               startup_gd32f30x_hd.o
    0x08004130   0x08004130   0x00000008   Code   RO        14421  * !!!main             c_w.l(__main.o)
    0x08004138   0x08004138   0x00000034   Code   RO        14580    !!!scatter          c_w.l(__scatter.o)
    0x0800416c   0x0800416c   0x0000005a   Code   RO        14578    !!dczerorl2         c_w.l(__dczerorl2.o)
    0x080041c6   0x080041c6   0x00000002   PAD
    0x080041c8   0x080041c8   0x0000001c   Code   RO        14582    !!handler_zi        c_w.l(__scatter_zi.o)
    0x080041e4   0x080041e4   0x00000002   Code   RO        14448    .ARM.Collect$$libinit$$00000000  c_w.l(libinit.o)
    0x080041e6   0x080041e6   0x00000004   Code   RO        14454    .ARM.Collect$$libinit$$00000001  c_w.l(libinit2.o)
    0x080041ea   0x080041ea   0x00000000   Code   RO        14457    .ARM.Collect$$libinit$$00000004  c_w.l(libinit2.o)
    0x080041ea   0x080041ea   0x00000000   Code   RO        14460    .ARM.Collect$$libinit$$0000000A  c_w.l(libinit2.o)
    0x080041ea   0x080041ea   0x00000000   Code   RO        14462    .ARM.Collect$$libinit$$0000000C  c_w.l(libinit2.o)
    0x080041ea   0x080041ea   0x00000000   Code   RO        14464    .ARM.Collect$$libinit$$0000000E  c_w.l(libinit2.o)
    0x080041ea   0x080041ea   0x00000000   Code   RO        14467    .ARM.Collect$$libinit$$00000011  c_w.l(libinit2.o)
    0x080041ea   0x080041ea   0x00000000   Code   RO        14469    .ARM.Collect$$libinit$$00000013  c_w.l(libinit2.o)
    0x080041ea   0x080041ea   0x00000000   Code   RO        14471    .ARM.Collect$$libinit$$00000015  c_w.l(libinit2.o)
    0x080041ea   0x080041ea   0x00000000   Code   RO        14473    .ARM.Collect$$libinit$$00000017  c_w.l(libinit2.o)
    0x080041ea   0x080041ea   0x00000000   Code   RO        14475    .ARM.Collect$$libinit$$00000019  c_w.l(libinit2.o)
    0x080041ea   0x080041ea   0x00000000   Code   RO        14477    .ARM.Collect$$libinit$$0000001B  c_w.l(libinit2.o)
    0x080041ea   0x080041ea   0x00000000   Code   RO        14479    .ARM.Collect$$libinit$$0000001D  c_w.l(libinit2.o)
    0x080041ea   0x080041ea   0x00000000   Code   RO        14481    .ARM.Collect$$libinit$$0000001F  c_w.l(libinit2.o)
    0x080041ea   0x080041ea   0x00000000   Code   RO        14483    .ARM.Collect$$libinit$$00000021  c_w.l(libinit2.o)
    0x080041ea   0x080041ea   0x00000000   Code   RO        14485    .ARM.Collect$$libinit$$00000023  c_w.l(libinit2.o)
    0x080041ea   0x080041ea   0x00000000   Code   RO        14487    .ARM.Collect$$libinit$$00000025  c_w.l(libinit2.o)
    0x080041ea   0x080041ea   0x00000000   Code   RO        14491    .ARM.Collect$$libinit$$0000002C  c_w.l(libinit2.o)
    0x080041ea   0x080041ea   0x00000000   Code   RO        14493    .ARM.Collect$$libinit$$0000002E  c_w.l(libinit2.o)
    0x080041ea   0x080041ea   0x00000000   Code   RO        14495    .ARM.Collect$$libinit$$00000030  c_w.l(libinit2.o)
    0x080041ea   0x080041ea   0x00000000   Code   RO        14497    .ARM.Collect$$libinit$$00000032  c_w.l(libinit2.o)
    0x080041ea   0x080041ea   0x00000002   Code   RO        14498    .ARM.Collect$$libinit$$00000033  c_w.l(libinit2.o)
    0x080041ec   0x080041ec   0x00000002   Code   RO        14518    .ARM.Collect$$libshutdown$$00000000  c_w.l(libshutdown.o)
    0x080041ee   0x080041ee   0x00000000   Code   RO        14531    .ARM.Collect$$libshutdown$$00000002  c_w.l(libshutdown2.o)
    0x080041ee   0x080041ee   0x00000000   Code   RO        14533    .ARM.Collect$$libshutdown$$00000004  c_w.l(libshutdown2.o)
    0x080041ee   0x080041ee   0x00000000   Code   RO        14536    .ARM.Collect$$libshutdown$$00000007  c_w.l(libshutdown2.o)
    0x080041ee   0x080041ee   0x00000000   Code   RO        14539    .ARM.Collect$$libshutdown$$0000000A  c_w.l(libshutdown2.o)
    0x080041ee   0x080041ee   0x00000000   Code   RO        14541    .ARM.Collect$$libshutdown$$0000000C  c_w.l(libshutdown2.o)
    0x080041ee   0x080041ee   0x00000000   Code   RO        14544    .ARM.Collect$$libshutdown$$0000000F  c_w.l(libshutdown2.o)
    0x080041ee   0x080041ee   0x00000002   Code   RO        14545    .ARM.Collect$$libshutdown$$00000010  c_w.l(libshutdown2.o)
    0x080041f0   0x080041f0   0x00000000   Code   RO        14423    .ARM.Collect$$rtentry$$00000000  c_w.l(__rtentry.o)
    0x080041f0   0x080041f0   0x00000000   Code   RO        14425    .ARM.Collect$$rtentry$$00000002  c_w.l(__rtentry2.o)
    0x080041f0   0x080041f0   0x00000006   Code   RO        14437    .ARM.Collect$$rtentry$$00000004  c_w.l(__rtentry4.o)
    0x080041f6   0x080041f6   0x00000000   Code   RO        14427    .ARM.Collect$$rtentry$$00000009  c_w.l(__rtentry2.o)
    0x080041f6   0x080041f6   0x00000004   Code   RO        14428    .ARM.Collect$$rtentry$$0000000A  c_w.l(__rtentry2.o)
    0x080041fa   0x080041fa   0x00000000   Code   RO        14430    .ARM.Collect$$rtentry$$0000000C  c_w.l(__rtentry2.o)
    0x080041fa   0x080041fa   0x00000008   Code   RO        14431    .ARM.Collect$$rtentry$$0000000D  c_w.l(__rtentry2.o)
    0x08004202   0x08004202   0x00000002   Code   RO        14452    .ARM.Collect$$rtexit$$00000000  c_w.l(rtexit.o)
    0x08004204   0x08004204   0x00000000   Code   RO        14500    .ARM.Collect$$rtexit$$00000002  c_w.l(rtexit2.o)
    0x08004204   0x08004204   0x00000004   Code   RO        14501    .ARM.Collect$$rtexit$$00000003  c_w.l(rtexit2.o)
    0x08004208   0x08004208   0x00000006   Code   RO        14502    .ARM.Collect$$rtexit$$00000004  c_w.l(rtexit2.o)
    0x0800420e   0x0800420e   0x00000002   PAD
    0x08004210   0x08004210   0x00000040   Code   RO          641    .text               startup_gd32f30x_hd.o
    0x08004250   0x08004250   0x00000048   Code   RO        14403    .text               c_w.l(strcpy.o)
    0x08004298   0x08004298   0x0000003e   Code   RO        14405    .text               c_w.l(strlen.o)
    0x080042d6   0x080042d6   0x0000008a   Code   RO        14407    .text               c_w.l(rt_memcpy_v6.o)
    0x08004360   0x08004360   0x00000064   Code   RO        14409    .text               c_w.l(rt_memcpy_w.o)
    0x080043c4   0x080043c4   0x00000010   Code   RO        14411    .text               c_w.l(aeabi_memset.o)
    0x080043d4   0x080043d4   0x00000044   Code   RO        14413    .text               c_w.l(rt_memclr.o)
    0x08004418   0x08004418   0x0000004e   Code   RO        14415    .text               c_w.l(rt_memclr_w.o)
    0x08004466   0x08004466   0x00000002   PAD
    0x08004468   0x08004468   0x00000080   Code   RO        14417    .text               c_w.l(strcmpv7m.o)
    0x080044e8   0x080044e8   0x00000006   Code   RO        14419    .text               c_w.l(heapauxi.o)
    0x080044ee   0x080044ee   0x0000004a   Code   RO        14439    .text               c_w.l(sys_stackheap_outer.o)
    0x08004538   0x08004538   0x00000012   Code   RO        14441    .text               c_w.l(exit.o)
    0x0800454a   0x0800454a   0x00000002   PAD
    0x0800454c   0x0800454c   0x00000008   Code   RO        14449    .text               c_w.l(libspace.o)
    0x08004554   0x08004554   0x0000000c   Code   RO        14510    .text               c_w.l(sys_exit.o)
    0x08004560   0x08004560   0x00000002   Code   RO        14521    .text               c_w.l(use_no_semi.o)
    0x08004562   0x08004562   0x00000000   Code   RO        14523    .text               c_w.l(indicate_semi.o)
    0x08004562   0x08004562   0x00000004   Code   RO            3    i.BusFault_Handler  gd32f30x_it.o
    0x08004566   0x08004566   0x00000002   Code   RO            4    i.DebugMon_Handler  gd32f30x_it.o
    0x08004568   0x08004568   0x00000004   Code   RO            5    i.HardFault_Handler  gd32f30x_it.o
    0x0800456c   0x0800456c   0x0000004a   Code   RO         4636    i.LCD_Address_Set   lcd_init.o
    0x080045b6   0x080045b6   0x0000001c   Code   RO         4552    i.LCD_DrawPoint     lcd.o
    0x080045d2   0x080045d2   0x0000004a   Code   RO         4554    i.LCD_Fill          lcd.o
    0x0800461c   0x0800461c   0x00000078   Code   RO         4637    i.LCD_GPIO_Init     lcd_init.o
    0x08004694   0x08004694   0x000001b0   Code   RO         4638    i.LCD_Init          lcd_init.o
    0x08004844   0x08004844   0x00000012   Code   RO         4639    i.LCD_WR_DATA       lcd_init.o
    0x08004856   0x08004856   0x0000000c   Code   RO         4640    i.LCD_WR_DATA8      lcd_init.o
    0x08004862   0x08004862   0x00000002   PAD
    0x08004864   0x08004864   0x00000028   Code   RO         4641    i.LCD_WR_REG        lcd_init.o
    0x0800488c   0x0800488c   0x00000024   Code   RO         4642    i.LCD_Writ_Bus      lcd_init.o
    0x080048b0   0x080048b0   0x00000004   Code   RO            6    i.MemManage_Handler  gd32f30x_it.o
    0x080048b4   0x080048b4   0x00000002   Code   RO            7    i.NMI_Handler       gd32f30x_it.o
    0x080048b6   0x080048b6   0x00000002   PAD
    0x080048b8   0x080048b8   0x00000028   Code   RO          462    i.NVIC_SetPriority  systick.o
    0x080048e0   0x080048e0   0x00000002   Code   RO            8    i.PendSV_Handler    gd32f30x_it.o
    0x080048e2   0x080048e2   0x00000002   Code   RO            9    i.SVC_Handler       gd32f30x_it.o
    0x080048e4   0x080048e4   0x00000018   Code   RO          463    i.SysTick_Handler   systick.o
    0x080048fc   0x080048fc   0x000000a8   Code   RO          599    i.SystemInit        system_gd32f30x.o
    0x080049a4   0x080049a4   0x00000004   Code   RO           10    i.UsageFault_Handler  gd32f30x_it.o
    0x080049a8   0x080049a8   0x00000090   Code   RO         9418    i.allocate_btn_areas_and_controls  lv_btnm.o
    0x08004a38   0x08004a38   0x000000b4   Code   RO         7933    i.anim_ready_handler  lv_anim.o
    0x08004aec   0x08004aec   0x000000d0   Code   RO         7934    i.anim_task         lv_anim.o
    0x08004bbc   0x08004bbc   0x00000054   Code   RO         6707    i.antialias_get_opa_circ  lv_draw_rect.o
    0x08004c10   0x08004c10   0x00000008   Code   RO         9419    i.button_get_tgl_state  lv_btnm.o
    0x08004c18   0x08004c18   0x00000008   Code   RO         9420    i.button_is_click_trig  lv_btnm.o
    0x08004c20   0x08004c20   0x00000008   Code   RO         9421    i.button_is_hidden  lv_btnm.o
    0x08004c28   0x08004c28   0x00000008   Code   RO         9422    i.button_is_inactive  lv_btnm.o
    0x08004c30   0x08004c30   0x00000008   Code   RO         9423    i.button_is_repeat_disabled  lv_btnm.o
    0x08004c38   0x08004c38   0x00000008   Code   RO         9424    i.button_is_tgl_enabled  lv_btnm.o
    0x08004c40   0x08004c40   0x00000074   Code   RO        12904    i.char_is_accepted  lv_ta.o
    0x08004cb4   0x08004cb4   0x000002d4   Code   RO        14191    i.chart_create      demo.o
    0x08004f88   0x08004f88   0x000000a2   Code   RO        12905    i.cursor_blink_anim  lv_ta.o
    0x0800502a   0x0800502a   0x000000c8   Code   RO         5318    i.delete_children   lv_obj.o
    0x080050f2   0x080050f2   0x00000002   PAD
    0x080050f4   0x080050f4   0x00000164   Code   RO        14192    i.demo_create       demo.o
    0x08005258   0x08005258   0x00000040   Code   RO        14160    i.disp_flush        lv_port_disp_mcgd32.o
    0x08005298   0x08005298   0x00000002   Code   RO        14161    i.disp_init         lv_port_disp_mcgd32.o
    0x0800529a   0x0800529a   0x00000018   Code   RO        12070    i.edge_flash_anim   lv_page.o
    0x080052b2   0x080052b2   0x0000003e   Code   RO        12071    i.edge_flash_anim_end  lv_page.o
    0x080052f0   0x080052f0   0x00000030   Code   RO         8644    i.ent_alloc         lv_mem.o
    0x08005320   0x08005320   0x00000030   Code   RO         8645    i.ent_get_next      lv_mem.o
    0x08005350   0x08005350   0x0000004c   Code   RO         8646    i.ent_trunc         lv_mem.o
    0x0800539c   0x0800539c   0x000000f6   Code   RO         4816    i.focus_next_core   lv_group.o
    0x08005492   0x08005492   0x00000092   Code   RO         9425    i.get_button_from_point  lv_btnm.o
    0x08005524   0x08005524   0x00000010   Code   RO         9426    i.get_button_width  lv_btnm.o
    0x08005534   0x08005534   0x00000070   Code   RO        12906    i.get_cursor_style  lv_ta.o
    0x080055a4   0x080055a4   0x0000019c   Code   RO         7131    i.get_glyph_dsc_id  lv_font_fmt_txt.o
    0x08005740   0x08005740   0x000000d8   Code   RO         7132    i.get_kern_value    lv_font_fmt_txt.o
    0x08005818   0x08005818   0x0000000a   Code   RO         2334    i.gpio_bit_write    gd32f30x_gpio.o
    0x08005822   0x08005822   0x000000bc   Code   RO         2342    i.gpio_init         gd32f30x_gpio.o
    0x080058de   0x080058de   0x00000010   Code   RO         2345    i.gpio_output_bit_get  gd32f30x_gpio.o
    0x080058ee   0x080058ee   0x00000002   PAD
    0x080058f0   0x080058f0   0x00000090   Code   RO         2348    i.gpio_pin_remap_config  gd32f30x_gpio.o
    0x08005980   0x08005980   0x00000050   Code   RO         6570    i.hex_char_to_num   lv_draw_label.o
    0x080059d0   0x080059d0   0x00000082   Code   RO         9427    i.invalidate_button_area  lv_btnm.o
    0x08005a52   0x08005a52   0x00000002   PAD
    0x08005a54   0x08005a54   0x00000018   Code   RO        14193    i.kb_hide_anim_end  demo.o
    0x08005a6c   0x08005a6c   0x00000020   Code   RO         7133    i.kern_pair_16_compare  lv_font_fmt_txt.o
    0x08005a8c   0x08005a8c   0x00000020   Code   RO         7134    i.kern_pair_8_compare  lv_font_fmt_txt.o
    0x08005aac   0x08005aac   0x00000090   Code   RO        14194    i.keyboard_event_cb  demo.o
    0x08005b3c   0x08005b3c   0x00000094   Code   RO          529    i.led_init          led.o
    0x08005bd0   0x08005bd0   0x00000038   Code   RO          532    i.led_toggle        led.o
    0x08005c08   0x08005c08   0x000000d4   Code   RO         6620    i.line_draw_hor     lv_draw_line.o
    0x08005cdc   0x08005cdc   0x00000e26   Code   RO         6621    i.line_draw_skew    lv_draw_line.o
    0x08006b02   0x08006b02   0x000000d2   Code   RO         6622    i.line_draw_ver     lv_draw_line.o
    0x08006bd4   0x08006bd4   0x000000d4   Code   RO         6623    i.line_init         lv_draw_line.o
    0x08006ca8   0x08006ca8   0x00000068   Code   RO         6624    i.line_next         lv_draw_line.o
    0x08006d10   0x08006d10   0x00000022   Code   RO         6625    i.line_next_x       lv_draw_line.o
    0x08006d32   0x08006d32   0x00000022   Code   RO         6626    i.line_next_y       lv_draw_line.o
    0x08006d54   0x08006d54   0x0000002c   Code   RO        14195    i.list_btn_event_handler  demo.o
    0x08006d80   0x08006d80   0x00000270   Code   RO        14196    i.list_create       demo.o
    0x08006ff0   0x08006ff0   0x0000002c   Code   RO         7935    i.lv_anim_core_init  lv_anim.o
    0x0800701c   0x0800701c   0x00000058   Code   RO         7937    i.lv_anim_create    lv_anim.o
    0x08007074   0x08007074   0x00000058   Code   RO         7938    i.lv_anim_del       lv_anim.o
    0x080070cc   0x080070cc   0x00000034   Code   RO         7944    i.lv_anim_path_linear  lv_anim.o
    0x08007100   0x08007100   0x00000018   Code   RO         7946    i.lv_anim_path_step  lv_anim.o
    0x08007118   0x08007118   0x00000030   Code   RO         7947    i.lv_anim_speed_to_time  lv_anim.o
    0x08007148   0x08007148   0x0000000a   Code   RO         5319    i.lv_area_copy      lv_obj.o
    0x08007152   0x08007152   0x0000000a   Code   RO         5960    i.lv_area_copy      lv_refr.o
    0x0800715c   0x0800715c   0x0000000a   Code   RO         6708    i.lv_area_copy      lv_draw_rect.o
    0x08007166   0x08007166   0x0000000a   Code   RO         9428    i.lv_area_copy      lv_btnm.o
    0x08007170   0x08007170   0x0000000a   Code   RO        10444    i.lv_area_copy      lv_cont.o
    0x0800717a   0x0800717a   0x0000000a   Code   RO        12072    i.lv_area_copy      lv_page.o
    0x08007184   0x08007184   0x0000000a   Code   RO        12601    i.lv_area_copy      lv_slider.o
    0x0800718e   0x0800718e   0x0000000a   Code   RO        12907    i.lv_area_copy      lv_ta.o
    0x08007198   0x08007198   0x0000000e   Code   RO         5961    i.lv_area_get_height  lv_refr.o
    0x080071a6   0x080071a6   0x0000000e   Code   RO         6709    i.lv_area_get_height  lv_draw_rect.o
    0x080071b4   0x080071b4   0x0000000e   Code   RO        11191    i.lv_area_get_height  lv_label.o
    0x080071c2   0x080071c2   0x0000000e   Code   RO        12073    i.lv_area_get_height  lv_page.o
    0x080071d0   0x080071d0   0x0000000e   Code   RO        12602    i.lv_area_get_height  lv_slider.o
    0x080071de   0x080071de   0x0000000e   Code   RO        12908    i.lv_area_get_height  lv_ta.o
    0x080071ec   0x080071ec   0x00000022   Code   RO         8091    i.lv_area_get_size  lv_area.o
    0x0800720e   0x0800720e   0x0000000e   Code   RO         5962    i.lv_area_get_width  lv_refr.o
    0x0800721c   0x0800721c   0x0000000e   Code   RO         6347    i.lv_area_get_width  lv_draw_basic.o
    0x0800722a   0x0800722a   0x0000000e   Code   RO         6467    i.lv_area_get_width  lv_draw_img.o
    0x08007238   0x08007238   0x0000000e   Code   RO         6571    i.lv_area_get_width  lv_draw_label.o
    0x08007246   0x08007246   0x0000000e   Code   RO         6710    i.lv_area_get_width  lv_draw_rect.o
    0x08007254   0x08007254   0x0000000e   Code   RO         9429    i.lv_area_get_width  lv_btnm.o
    0x08007262   0x08007262   0x0000000e   Code   RO        11192    i.lv_area_get_width  lv_label.o
    0x08007270   0x08007270   0x0000000e   Code   RO        12074    i.lv_area_get_width  lv_page.o
    0x0800727e   0x0800727e   0x0000000e   Code   RO        12603    i.lv_area_get_width  lv_slider.o
    0x0800728c   0x0800728c   0x0000000e   Code   RO        12909    i.lv_area_get_width  lv_ta.o
    0x0800729a   0x0800729a   0x00000082   Code   RO         8092    i.lv_area_intersect  lv_area.o
    0x0800731c   0x0800731c   0x0000003a   Code   RO         8093    i.lv_area_is_in     lv_area.o
    0x08007356   0x08007356   0x0000003a   Code   RO         8094    i.lv_area_is_on     lv_area.o
    0x08007390   0x08007390   0x0000003a   Code   RO         8095    i.lv_area_is_point_on  lv_area.o
    0x080073ca   0x080073ca   0x00000064   Code   RO         8096    i.lv_area_join      lv_area.o
    0x0800742e   0x0800742e   0x0000000e   Code   RO         8097    i.lv_area_set       lv_area.o
    0x0800743c   0x0800743c   0x0000000c   Code   RO         8098    i.lv_area_set_height  lv_area.o
    0x08007448   0x08007448   0x0000003a   Code   RO         8099    i.lv_area_set_pos   lv_area.o
    0x08007482   0x08007482   0x0000000c   Code   RO         8100    i.lv_area_set_width  lv_area.o
    0x0800748e   0x0800748e   0x00000018   Code   RO         9135    i.lv_bar_anim       lv_bar.o
    0x080074a6   0x080074a6   0x00000020   Code   RO         9136    i.lv_bar_anim_ready  lv_bar.o
    0x080074c6   0x080074c6   0x00000002   PAD
    0x080074c8   0x080074c8   0x00000120   Code   RO         9137    i.lv_bar_create     lv_bar.o
    0x080075e8   0x080075e8   0x0000032c   Code   RO         9138    i.lv_bar_design     lv_bar.o
    0x08007914   0x08007914   0x00000012   Code   RO         9140    i.lv_bar_get_max_value  lv_bar.o
    0x08007926   0x08007926   0x00000012   Code   RO         9141    i.lv_bar_get_min_value  lv_bar.o
    0x08007938   0x08007938   0x00000034   Code   RO         9142    i.lv_bar_get_style  lv_bar.o
    0x0800796c   0x0800796c   0x00000020   Code   RO         9144    i.lv_bar_get_value  lv_bar.o
    0x0800798c   0x0800798c   0x00000060   Code   RO         9146    i.lv_bar_set_range  lv_bar.o
    0x080079ec   0x080079ec   0x00000034   Code   RO         9147    i.lv_bar_set_style  lv_bar.o
    0x08007a20   0x08007a20   0x000000d8   Code   RO         9149    i.lv_bar_set_value  lv_bar.o
    0x08007af8   0x08007af8   0x00000078   Code   RO         9150    i.lv_bar_signal     lv_bar.o
    0x08007b70   0x08007b70   0x0000014c   Code   RO         9293    i.lv_btn_create     lv_btn.o
    0x08007cbc   0x08007cbc   0x00000038   Code   RO         9294    i.lv_btn_design     lv_btn.o
    0x08007cf4   0x08007cf4   0x00000014   Code   RO         9298    i.lv_btn_get_state  lv_btn.o
    0x08007d08   0x08007d08   0x00000014   Code   RO         9300    i.lv_btn_get_toggle  lv_btn.o
    0x08007d1c   0x08007d1c   0x0000002e   Code   RO         9304    i.lv_btn_set_state  lv_btn.o
    0x08007d4a   0x08007d4a   0x0000004c   Code   RO         9305    i.lv_btn_set_style  lv_btn.o
    0x08007d96   0x08007d96   0x00000002   PAD
    0x08007d98   0x08007d98   0x00000228   Code   RO         9307    i.lv_btn_signal     lv_btn.o
    0x08007fc0   0x08007fc0   0x00000036   Code   RO         9430    i.lv_btnm_clear_btn_ctrl  lv_btnm.o
    0x08007ff6   0x08007ff6   0x0000002c   Code   RO         9431    i.lv_btnm_clear_btn_ctrl_all  lv_btnm.o
    0x08008022   0x08008022   0x00000002   PAD
    0x08008024   0x08008024   0x00000174   Code   RO         9432    i.lv_btnm_create    lv_btnm.o
    0x08008198   0x08008198   0x0000030c   Code   RO         9433    i.lv_btnm_design    lv_btnm.o
    0x080084a4   0x080084a4   0x00000010   Code   RO         9434    i.lv_btnm_get_active_btn  lv_btnm.o
    0x080084b4   0x080084b4   0x00000024   Code   RO         9435    i.lv_btnm_get_active_btn_text  lv_btnm.o
    0x080084d8   0x080084d8   0x00000030   Code   RO         9436    i.lv_btnm_get_btn_ctrl  lv_btnm.o
    0x08008508   0x08008508   0x00000058   Code   RO         9437    i.lv_btnm_get_btn_text  lv_btnm.o
    0x08008560   0x08008560   0x00000010   Code   RO         9438    i.lv_btnm_get_map_array  lv_btnm.o
    0x08008570   0x08008570   0x0000004a   Code   RO         9442    i.lv_btnm_get_style  lv_btnm.o
    0x080085ba   0x080085ba   0x00000036   Code   RO         9443    i.lv_btnm_set_btn_ctrl  lv_btnm.o
    0x080085f0   0x080085f0   0x0000002c   Code   RO         9444    i.lv_btnm_set_btn_ctrl_all  lv_btnm.o
    0x0800861c   0x0800861c   0x00000024   Code   RO         9446    i.lv_btnm_set_ctrl_map  lv_btnm.o
    0x08008640   0x08008640   0x00000234   Code   RO         9447    i.lv_btnm_set_map   lv_btnm.o
    0x08008874   0x08008874   0x00000062   Code   RO         9451    i.lv_btnm_set_style  lv_btnm.o
    0x080088d6   0x080088d6   0x00000002   PAD
    0x080088d8   0x080088d8   0x000004b4   Code   RO         9452    i.lv_btnm_signal    lv_btnm.o
    0x08008d8c   0x08008d8c   0x0000008c   Code   RO        10165    i.lv_chart_add_series  lv_chart.o
    0x08008e18   0x08008e18   0x00000148   Code   RO        10167    i.lv_chart_create   lv_chart.o
    0x08008f60   0x08008f60   0x000000d0   Code   RO        10168    i.lv_chart_design   lv_chart.o
    0x08009030   0x08009030   0x00000190   Code   RO        10169    i.lv_chart_draw_areas  lv_chart.o
    0x080091c0   0x080091c0   0x00000018   Code   RO        10170    i.lv_chart_draw_axes  lv_chart.o
    0x080091d8   0x080091d8   0x000001a0   Code   RO        10171    i.lv_chart_draw_cols  lv_chart.o
    0x08009378   0x08009378   0x00000126   Code   RO        10172    i.lv_chart_draw_div  lv_chart.o
    0x0800949e   0x0800949e   0x00000002   PAD
    0x080094a0   0x080094a0   0x00000168   Code   RO        10173    i.lv_chart_draw_lines  lv_chart.o
    0x08009608   0x08009608   0x00000180   Code   RO        10174    i.lv_chart_draw_points  lv_chart.o
    0x08009788   0x08009788   0x00000188   Code   RO        10175    i.lv_chart_draw_vertical_lines  lv_chart.o
    0x08009910   0x08009910   0x00000268   Code   RO        10176    i.lv_chart_draw_x_ticks  lv_chart.o
    0x08009b78   0x08009b78   0x00000254   Code   RO        10177    i.lv_chart_draw_y_ticks  lv_chart.o
    0x08009dcc   0x08009dcc   0x00000074   Code   RO        10185    i.lv_chart_inv_cols  lv_chart.o
    0x08009e40   0x08009e40   0x000000b8   Code   RO        10186    i.lv_chart_inv_lines  lv_chart.o
    0x08009ef8   0x08009ef8   0x00000066   Code   RO        10187    i.lv_chart_inv_points  lv_chart.o
    0x08009f5e   0x08009f5e   0x0000000c   Code   RO        10188    i.lv_chart_refresh  lv_chart.o
    0x08009f6a   0x08009f6a   0x000000b4   Code   RO        10191    i.lv_chart_set_next  lv_chart.o
    0x0800a01e   0x0800a01e   0x00000034   Code   RO        10194    i.lv_chart_set_range  lv_chart.o
    0x0800a052   0x0800a052   0x00000026   Code   RO        10196    i.lv_chart_set_series_opa  lv_chart.o
    0x0800a078   0x0800a078   0x00000012   Code   RO        10198    i.lv_chart_set_style  lv_chart.o
    0x0800a08a   0x0800a08a   0x00000022   Code   RO        10199    i.lv_chart_set_type  lv_chart.o
    0x0800a0ac   0x0800a0ac   0x00000098   Code   RO        10205    i.lv_chart_signal   lv_chart.o
    0x0800a144   0x0800a144   0x00000016   Code   RO         8205    i.lv_circ_cont      lv_circ.o
    0x0800a15a   0x0800a15a   0x00000010   Code   RO         8206    i.lv_circ_init      lv_circ.o
    0x0800a16a   0x0800a16a   0x0000003c   Code   RO         8207    i.lv_circ_next      lv_circ.o
    0x0800a1a6   0x0800a1a6   0x0000001c   Code   RO        14197    i.lv_color_hex      demo.o
    0x0800a1c2   0x0800a1c2   0x00000038   Code   RO        14198    i.lv_color_hex3     demo.o
    0x0800a1fa   0x0800a1fa   0x00000030   Code   RO         6083    i.lv_color_make     lv_style.o
    0x0800a22a   0x0800a22a   0x00000030   Code   RO        14199    i.lv_color_make     demo.o
    0x0800a25a   0x0800a25a   0x0000007c   Code   RO         6348    i.lv_color_mix      lv_draw_basic.o
    0x0800a2d6   0x0800a2d6   0x0000007c   Code   RO         6711    i.lv_color_mix      lv_draw_rect.o
    0x0800a352   0x0800a352   0x0000007c   Code   RO        10206    i.lv_color_mix      lv_chart.o
    0x0800a3ce   0x0800a3ce   0x00000002   PAD
    0x0800a3d0   0x0800a3d0   0x000000fc   Code   RO        10445    i.lv_cont_create    lv_cont.o
    0x0800a4cc   0x0800a4cc   0x00000014   Code   RO        10447    i.lv_cont_get_fit_left  lv_cont.o
    0x0800a4e0   0x0800a4e0   0x00000014   Code   RO        10449    i.lv_cont_get_fit_top  lv_cont.o
    0x0800a4f4   0x0800a4f4   0x00000014   Code   RO        10450    i.lv_cont_get_layout  lv_cont.o
    0x0800a508   0x0800a508   0x000000ec   Code   RO        10451    i.lv_cont_layout_center  lv_cont.o
    0x0800a5f4   0x0800a5f4   0x000000b6   Code   RO        10452    i.lv_cont_layout_col  lv_cont.o
    0x0800a6aa   0x0800a6aa   0x0000011a   Code   RO        10453    i.lv_cont_layout_grid  lv_cont.o
    0x0800a7c4   0x0800a7c4   0x00000244   Code   RO        10454    i.lv_cont_layout_pretty  lv_cont.o
    0x0800aa08   0x0800aa08   0x000000b4   Code   RO        10455    i.lv_cont_layout_row  lv_cont.o
    0x0800aabc   0x0800aabc   0x0000036e   Code   RO        10456    i.lv_cont_refr_autofit  lv_cont.o
    0x0800ae2a   0x0800ae2a   0x0000006a   Code   RO        10457    i.lv_cont_refr_layout  lv_cont.o
    0x0800ae94   0x0800ae94   0x00000018   Code   RO        11592    i.lv_cont_set_fit2  lv_list.o
    0x0800aeac   0x0800aeac   0x00000018   Code   RO        13448    i.lv_cont_set_fit2  lv_tabview.o
    0x0800aec4   0x0800aec4   0x00000078   Code   RO        10458    i.lv_cont_set_fit4  lv_cont.o
    0x0800af3c   0x0800af3c   0x00000030   Code   RO        10459    i.lv_cont_set_layout  lv_cont.o
    0x0800af6c   0x0800af6c   0x00000012   Code   RO        10460    i.lv_cont_set_style  lv_cont.o
    0x0800af7e   0x0800af7e   0x00000002   PAD
    0x0800af80   0x0800af80   0x000000c0   Code   RO        10461    i.lv_cont_signal    lv_cont.o
    0x0800b040   0x0800b040   0x00000022   Code   RO         7614    i.lv_disp_buf_init  lv_hal_disp.o
    0x0800b062   0x0800b062   0x00000002   PAD
    0x0800b064   0x0800b064   0x00000044   Code   RO         7615    i.lv_disp_drv_init  lv_hal_disp.o
    0x0800b0a8   0x0800b0a8   0x000000c8   Code   RO         7616    i.lv_disp_drv_register  lv_hal_disp.o
    0x0800b170   0x0800b170   0x0000000e   Code   RO         7618    i.lv_disp_flush_ready  lv_hal_disp.o
    0x0800b17e   0x0800b17e   0x0000001a   Code   RO         7619    i.lv_disp_get_antialiasing  lv_hal_disp.o
    0x0800b198   0x0800b198   0x00000006   Code   RO         7620    i.lv_disp_get_buf   lv_hal_disp.o
    0x0800b19e   0x0800b19e   0x00000002   PAD
    0x0800b1a0   0x0800b1a0   0x0000000c   Code   RO         7621    i.lv_disp_get_default  lv_hal_disp.o
    0x0800b1ac   0x0800b1ac   0x00000026   Code   RO         7622    i.lv_disp_get_hor_res  lv_hal_disp.o
    0x0800b1d2   0x0800b1d2   0x00000016   Code   RO         4700    i.lv_disp_get_layer_sys  lv_disp.o
    0x0800b1e8   0x0800b1e8   0x00000016   Code   RO         4701    i.lv_disp_get_layer_top  lv_disp.o
    0x0800b1fe   0x0800b1fe   0x00000016   Code   RO         4703    i.lv_disp_get_scr_act  lv_disp.o
    0x0800b214   0x0800b214   0x00000026   Code   RO         7625    i.lv_disp_get_ver_res  lv_hal_disp.o
    0x0800b23a   0x0800b23a   0x00000016   Code   RO         7626    i.lv_disp_is_double_buf  lv_hal_disp.o
    0x0800b250   0x0800b250   0x00000024   Code   RO         7627    i.lv_disp_is_true_double_buf  lv_hal_disp.o
    0x0800b274   0x0800b274   0x00000160   Code   RO         5963    i.lv_disp_refr_task  lv_refr.o
    0x0800b3d4   0x0800b3d4   0x00000034   Code   RO         6166    i.lv_draw_aa_get_opa  lv_draw.o
    0x0800b408   0x0800b408   0x0000005c   Code   RO         6167    i.lv_draw_aa_hor_seg  lv_draw.o
    0x0800b464   0x0800b464   0x0000005c   Code   RO         6168    i.lv_draw_aa_ver_seg  lv_draw.o
    0x0800b4c0   0x0800b4c0   0x00000044   Code   RO         6712    i.lv_draw_cont_radius_corr  lv_draw_rect.o
    0x0800b504   0x0800b504   0x0000009e   Code   RO         6349    i.lv_draw_fill      lv_draw_basic.o
    0x0800b5a2   0x0800b5a2   0x00000002   PAD
    0x0800b5a4   0x0800b5a4   0x00000024   Code   RO         6169    i.lv_draw_free_buf  lv_draw.o
    0x0800b5c8   0x0800b5c8   0x0000005c   Code   RO         6170    i.lv_draw_get_buf   lv_draw.o
    0x0800b624   0x0800b624   0x00000098   Code   RO         6468    i.lv_draw_img       lv_draw_img.o
    0x0800b6bc   0x0800b6bc   0x000004e8   Code   RO         6572    i.lv_draw_label     lv_draw_label.o
    0x0800bba4   0x0800bba4   0x00000368   Code   RO         6350    i.lv_draw_letter    lv_draw_basic.o
    0x0800bf0c   0x0800bf0c   0x0000033a   Code   RO         6627    i.lv_draw_line      lv_draw_line.o
    0x0800c246   0x0800c246   0x00000304   Code   RO         6351    i.lv_draw_map       lv_draw_basic.o
    0x0800c54a   0x0800c54a   0x000000d6   Code   RO         6352    i.lv_draw_px        lv_draw_basic.o
    0x0800c620   0x0800c620   0x00000090   Code   RO         6713    i.lv_draw_rect      lv_draw_rect.o
    0x0800c6b0   0x0800c6b0   0x000010b0   Code   RO         6714    i.lv_draw_rect_border_corner  lv_draw_rect.o
    0x0800d760   0x0800d760   0x00000472   Code   RO         6715    i.lv_draw_rect_border_straight  lv_draw_rect.o
    0x0800dbd2   0x0800dbd2   0x00000c28   Code   RO         6716    i.lv_draw_rect_main_corner  lv_draw_rect.o
    0x0800e7fa   0x0800e7fa   0x00000164   Code   RO         6717    i.lv_draw_rect_main_mid  lv_draw_rect.o
    0x0800e95e   0x0800e95e   0x000000ae   Code   RO         6718    i.lv_draw_shadow    lv_draw_rect.o
    0x0800ea0c   0x0800ea0c   0x00000272   Code   RO         6719    i.lv_draw_shadow_bottom  lv_draw_rect.o
    0x0800ec7e   0x0800ec7e   0x000003e6   Code   RO         6720    i.lv_draw_shadow_full  lv_draw_rect.o
    0x0800f064   0x0800f064   0x000001b2   Code   RO         6721    i.lv_draw_shadow_full_straight  lv_draw_rect.o
    0x0800f216   0x0800f216   0x000001ba   Code   RO         6827    i.lv_draw_triangle  lv_draw_triangle.o
    0x0800f3d0   0x0800f3d0   0x0000000c   Code   RO         5320    i.lv_event_get_data  lv_obj.o
    0x0800f3dc   0x0800f3dc   0x00000020   Code   RO         5321    i.lv_event_mark_deleted  lv_obj.o
    0x0800f3fc   0x0800f3fc   0x00000024   Code   RO         5322    i.lv_event_send     lv_obj.o
    0x0800f420   0x0800f420   0x0000009c   Code   RO         5323    i.lv_event_send_func  lv_obj.o
    0x0800f4bc   0x0800f4bc   0x00000034   Code   RO         7135    i.lv_font_get_bitmap_fmt_txt  lv_font_fmt_txt.o
    0x0800f4f0   0x0800f4f0   0x00000010   Code   RO         7086    i.lv_font_get_glyph_bitmap  lv_font.o
    0x0800f500   0x0800f500   0x0000001e   Code   RO         7087    i.lv_font_get_glyph_dsc  lv_font.o
    0x0800f51e   0x0800f51e   0x00000084   Code   RO         7136    i.lv_font_get_glyph_dsc_fmt_txt  lv_font_fmt_txt.o
    0x0800f5a2   0x0800f5a2   0x00000026   Code   RO         7088    i.lv_font_get_glyph_width  lv_font.o
    0x0800f5c8   0x0800f5c8   0x00000006   Code   RO        11193    i.lv_font_get_line_height  lv_label.o
    0x0800f5ce   0x0800f5ce   0x00000006   Code   RO        12910    i.lv_font_get_line_height  lv_ta.o
    0x0800f5d4   0x0800f5d4   0x00000032   Code   RO         8277    i.lv_fs_close       lv_fs.o
    0x0800f606   0x0800f606   0x00000002   PAD
    0x0800f608   0x0800f608   0x00000030   Code   RO         8284    i.lv_fs_get_drv     lv_fs.o
    0x0800f638   0x0800f638   0x0000003c   Code   RO         8285    i.lv_fs_get_ext     lv_fs.o
    0x0800f674   0x0800f674   0x00000026   Code   RO         8288    i.lv_fs_get_real_path  lv_fs.o
    0x0800f69a   0x0800f69a   0x00000002   PAD
    0x0800f69c   0x0800f69c   0x00000010   Code   RO         8289    i.lv_fs_init        lv_fs.o
    0x0800f6ac   0x0800f6ac   0x0000009a   Code   RO         8291    i.lv_fs_open        lv_fs.o
    0x0800f746   0x0800f746   0x00000048   Code   RO         8292    i.lv_fs_read        lv_fs.o
    0x0800f78e   0x0800f78e   0x00000028   Code   RO         8295    i.lv_fs_seek        lv_fs.o
    0x0800f7b6   0x0800f7b6   0x0000006a   Code   RO         4818    i.lv_group_add_obj  lv_group.o
    0x0800f820   0x0800f820   0x00000018   Code   RO         4822    i.lv_group_focus_next  lv_group.o
    0x0800f838   0x0800f838   0x00000018   Code   RO         4824    i.lv_group_focus_prev  lv_group.o
    0x0800f850   0x0800f850   0x00000012   Code   RO         4826    i.lv_group_get_editing  lv_group.o
    0x0800f862   0x0800f862   0x00000016   Code   RO         4828    i.lv_group_get_focused  lv_group.o
    0x0800f878   0x0800f878   0x00000010   Code   RO         4832    i.lv_group_init     lv_group.o
    0x0800f888   0x0800f888   0x0000003e   Code   RO         4833    i.lv_group_mod_style  lv_group.o
    0x0800f8c6   0x0800f8c6   0x00000046   Code   RO         4834    i.lv_group_refocus  lv_group.o
    0x0800f90c   0x0800f90c   0x00000088   Code   RO         4836    i.lv_group_remove_obj  lv_group.o
    0x0800f994   0x0800f994   0x0000005c   Code   RO         4840    i.lv_group_set_editing  lv_group.o
    0x0800f9f0   0x0800f9f0   0x00000068   Code   RO         6872    i.lv_img_cache_invalidate_src  lv_img_cache.o
    0x0800fa58   0x0800fa58   0x00000130   Code   RO         6873    i.lv_img_cache_open  lv_img_cache.o
    0x0800fb88   0x0800fb88   0x00000084   Code   RO         6874    i.lv_img_cache_set_size  lv_img_cache.o
    0x0800fc0c   0x0800fc0c   0x0000004c   Code   RO         6474    i.lv_img_color_format_get_px_size  lv_draw_img.o
    0x0800fc58   0x0800fc58   0x00000038   Code   RO         6475    i.lv_img_color_format_has_alpha  lv_draw_img.o
    0x0800fc90   0x0800fc90   0x0000002c   Code   RO         6476    i.lv_img_color_format_is_chroma_keyed  lv_draw_img.o
    0x0800fcbc   0x0800fcbc   0x00000100   Code   RO        10925    i.lv_img_create     lv_img.o
    0x0800fdbc   0x0800fdbc   0x00000030   Code   RO         6925    i.lv_img_decoder_built_in_close  lv_img_decoder.o
    0x0800fdec   0x0800fdec   0x000000ba   Code   RO         6926    i.lv_img_decoder_built_in_info  lv_img_decoder.o
    0x0800fea6   0x0800fea6   0x00000002   PAD
    0x0800fea8   0x0800fea8   0x000001e0   Code   RO         6927    i.lv_img_decoder_built_in_line_alpha  lv_img_decoder.o
    0x08010088   0x08010088   0x0000017e   Code   RO         6928    i.lv_img_decoder_built_in_line_indexed  lv_img_decoder.o
    0x08010206   0x08010206   0x0000007a   Code   RO         6929    i.lv_img_decoder_built_in_line_true_color  lv_img_decoder.o
    0x08010280   0x08010280   0x000001ac   Code   RO         6930    i.lv_img_decoder_built_in_open  lv_img_decoder.o
    0x0801042c   0x0801042c   0x000000c8   Code   RO         6931    i.lv_img_decoder_built_in_read_line  lv_img_decoder.o
    0x080104f4   0x080104f4   0x00000018   Code   RO         6932    i.lv_img_decoder_close  lv_img_decoder.o
    0x0801050c   0x0801050c   0x00000028   Code   RO         6933    i.lv_img_decoder_create  lv_img_decoder.o
    0x08010534   0x08010534   0x00000050   Code   RO         6935    i.lv_img_decoder_get_info  lv_img_decoder.o
    0x08010584   0x08010584   0x00000054   Code   RO         6936    i.lv_img_decoder_init  lv_img_decoder.o
    0x080105d8   0x080105d8   0x00000084   Code   RO         6937    i.lv_img_decoder_open  lv_img_decoder.o
    0x0801065c   0x0801065c   0x00000034   Code   RO         6938    i.lv_img_decoder_read_line  lv_img_decoder.o
    0x08010690   0x08010690   0x00000004   Code   RO         6939    i.lv_img_decoder_set_close_cb  lv_img_decoder.o
    0x08010694   0x08010694   0x00000004   Code   RO         6940    i.lv_img_decoder_set_info_cb  lv_img_decoder.o
    0x08010698   0x08010698   0x00000004   Code   RO         6941    i.lv_img_decoder_set_open_cb  lv_img_decoder.o
    0x0801069c   0x0801069c   0x00000004   Code   RO         6942    i.lv_img_decoder_set_read_line_cb  lv_img_decoder.o
    0x080106a0   0x080106a0   0x0000019c   Code   RO        10926    i.lv_img_design     lv_img.o
    0x0801083c   0x0801083c   0x00000184   Code   RO         6477    i.lv_img_draw_core  lv_draw_img.o
    0x080109c0   0x080109c0   0x00000014   Code   RO        10927    i.lv_img_get_auto_size  lv_img.o
    0x080109d4   0x080109d4   0x00000010   Code   RO        10931    i.lv_img_get_src    lv_img.o
    0x080109e4   0x080109e4   0x0000014a   Code   RO        10935    i.lv_img_set_src    lv_img.o
    0x08010b2e   0x08010b2e   0x00000002   PAD
    0x08010b30   0x08010b30   0x000000a4   Code   RO        10936    i.lv_img_signal     lv_img.o
    0x08010bd4   0x08010bd4   0x0000002a   Code   RO         6478    i.lv_img_src_get_type  lv_draw_img.o
    0x08010bfe   0x08010bfe   0x00000002   PAD
    0x08010c00   0x08010c00   0x0000000c   Code   RO         5126    i.lv_indev_get_act  lv_indev.o
    0x08010c0c   0x08010c0c   0x0000001c   Code   RO         7802    i.lv_indev_get_next  lv_hal_indev.o
    0x08010c28   0x08010c28   0x0000000c   Code   RO         5128    i.lv_indev_get_obj_act  lv_indev.o
    0x08010c34   0x08010c34   0x00000020   Code   RO         5129    i.lv_indev_get_point  lv_indev.o
    0x08010c54   0x08010c54   0x0000000c   Code   RO         5131    i.lv_indev_get_type  lv_indev.o
    0x08010c60   0x08010c60   0x0000002a   Code   RO         5132    i.lv_indev_get_vect  lv_indev.o
    0x08010c8a   0x08010c8a   0x0000000a   Code   RO         5133    i.lv_indev_init     lv_indev.o
    0x08010c94   0x08010c94   0x00000022   Code   RO         5134    i.lv_indev_is_dragging  lv_indev.o
    0x08010cb6   0x08010cb6   0x0000003e   Code   RO         5136    i.lv_indev_reset    lv_indev.o
    0x08010cf4   0x08010cf4   0x0000001e   Code   RO         5137    i.lv_indev_reset_long_press  lv_indev.o
    0x08010d12   0x08010d12   0x00000002   PAD
    0x08010d14   0x08010d14   0x0000005c   Code   RO         5324    i.lv_init           lv_obj.o
    0x08010d70   0x08010d70   0x000000de   Code   RO         5964    i.lv_inv_area       lv_refr.o
    0x08010e4e   0x08010e4e   0x00000002   PAD
    0x08010e50   0x08010e50   0x0000014c   Code   RO        11096    i.lv_kb_create      lv_kb.o
    0x08010f9c   0x08010f9c   0x00000250   Code   RO        11097    i.lv_kb_def_event_cb  lv_kb.o
    0x080111ec   0x080111ec   0x00000062   Code   RO        11104    i.lv_kb_set_style   lv_kb.o
    0x0801124e   0x0801124e   0x00000056   Code   RO        11105    i.lv_kb_set_ta      lv_kb.o
    0x080112a4   0x080112a4   0x000000bc   Code   RO        11106    i.lv_kb_signal      lv_kb.o
    0x08011360   0x08011360   0x000001d4   Code   RO        11194    i.lv_label_create   lv_label.o
    0x08011534   0x08011534   0x00000260   Code   RO        11196    i.lv_label_design   lv_label.o
    0x08011794   0x08011794   0x0000002c   Code   RO        11197    i.lv_label_dot_tmp_free  lv_label.o
    0x080117c0   0x080117c0   0x00000014   Code   RO        11198    i.lv_label_get_align  lv_label.o
    0x080117d4   0x080117d4   0x00000014   Code   RO        11200    i.lv_label_get_body_draw  lv_label.o
    0x080117e8   0x080117e8   0x0000001c   Code   RO        11201    i.lv_label_get_dot_tmp  lv_label.o
    0x08011804   0x08011804   0x0000018c   Code   RO        11202    i.lv_label_get_letter_on  lv_label.o
    0x08011990   0x08011990   0x0000019c   Code   RO        11203    i.lv_label_get_letter_pos  lv_label.o
    0x08011b2c   0x08011b2c   0x00000014   Code   RO        11204    i.lv_label_get_long_mode  lv_label.o
    0x08011b40   0x08011b40   0x00000014   Code   RO        11205    i.lv_label_get_recolor  lv_label.o
    0x08011b54   0x08011b54   0x00000010   Code   RO        11206    i.lv_label_get_text  lv_label.o
    0x08011b64   0x08011b64   0x00000008   Code   RO        11207    i.lv_label_get_text_sel_end  lv_label.o
    0x08011b6c   0x08011b6c   0x00000008   Code   RO        11208    i.lv_label_get_text_sel_start  lv_label.o
    0x08011b74   0x08011b74   0x0000007c   Code   RO        11209    i.lv_label_ins_text  lv_label.o
    0x08011bf0   0x08011bf0   0x000003f0   Code   RO        11211    i.lv_label_refr_text  lv_label.o
    0x08011fe0   0x08011fe0   0x00000078   Code   RO        11212    i.lv_label_revert_dots  lv_label.o
    0x08012058   0x08012058   0x0000002c   Code   RO        11213    i.lv_label_set_align  lv_label.o
    0x08012084   0x08012084   0x00000032   Code   RO        11216    i.lv_label_set_body_draw  lv_label.o
    0x080120b6   0x080120b6   0x00000060   Code   RO        11217    i.lv_label_set_dot_tmp  lv_label.o
    0x08012116   0x08012116   0x00000002   PAD
    0x08012118   0x08012118   0x00000090   Code   RO        11218    i.lv_label_set_long_mode  lv_label.o
    0x080121a8   0x080121a8   0x00000018   Code   RO        11219    i.lv_label_set_offset_x  lv_label.o
    0x080121c0   0x080121c0   0x00000018   Code   RO        11220    i.lv_label_set_offset_y  lv_label.o
    0x080121d8   0x080121d8   0x0000002c   Code   RO        11221    i.lv_label_set_recolor  lv_label.o
    0x08012204   0x08012204   0x0000003a   Code   RO        11222    i.lv_label_set_static_text  lv_label.o
    0x0801223e   0x0801223e   0x00000098   Code   RO        11223    i.lv_label_set_text  lv_label.o
    0x080122d6   0x080122d6   0x00000002   PAD
    0x080122d8   0x080122d8   0x00000148   Code   RO        11226    i.lv_label_signal   lv_label.o
    0x08012420   0x08012420   0x0000016c   Code   RO        11593    i.lv_list_add_btn   lv_list.o
    0x0801258c   0x0801258c   0x0000013c   Code   RO        11594    i.lv_list_btn_signal  lv_list.o
    0x080126c8   0x080126c8   0x00000048   Code   RO        11595    i.lv_list_btn_single_select  lv_list.o
    0x08012710   0x08012710   0x00000204   Code   RO        11597    i.lv_list_create    lv_list.o
    0x08012914   0x08012914   0x0000000c   Code   RO        11600    i.lv_list_get_anim_time  lv_list.o
    0x08012920   0x08012920   0x00000034   Code   RO        11601    i.lv_list_get_btn_img  lv_list.o
    0x08012954   0x08012954   0x00000034   Code   RO        11603    i.lv_list_get_btn_label  lv_list.o
    0x08012988   0x08012988   0x00000010   Code   RO        11604    i.lv_list_get_btn_selected  lv_list.o
    0x08012998   0x08012998   0x00000020   Code   RO        11605    i.lv_list_get_btn_text  lv_list.o
    0x080129b8   0x080129b8   0x00000042   Code   RO        11606    i.lv_list_get_next_btn  lv_list.o
    0x080129fa   0x080129fa   0x00000042   Code   RO        11607    i.lv_list_get_prev_btn  lv_list.o
    0x08012a3c   0x08012a3c   0x00000048   Code   RO        11611    i.lv_list_is_list_btn  lv_list.o
    0x08012a84   0x08012a84   0x00000048   Code   RO        11612    i.lv_list_is_list_img  lv_list.o
    0x08012acc   0x08012acc   0x0000004c   Code   RO        11613    i.lv_list_is_list_label  lv_list.o
    0x08012b18   0x08012b18   0x0000007c   Code   RO        11615    i.lv_list_set_btn_selected  lv_list.o
    0x08012b94   0x08012b94   0x000000c4   Code   RO        11617    i.lv_list_set_style  lv_list.o
    0x08012c58   0x08012c58   0x000002cc   Code   RO        11618    i.lv_list_signal    lv_list.o
    0x08012f24   0x08012f24   0x00000070   Code   RO         8487    i.lv_ll_chg_list    lv_ll.o
    0x08012f94   0x08012f94   0x00000030   Code   RO         8488    i.lv_ll_clear       lv_ll.o
    0x08012fc4   0x08012fc4   0x0000000a   Code   RO         8489    i.lv_ll_get_head    lv_ll.o
    0x08012fce   0x08012fce   0x00000016   Code   RO         8491    i.lv_ll_get_next    lv_ll.o
    0x08012fe4   0x08012fe4   0x00000014   Code   RO         8492    i.lv_ll_get_prev    lv_ll.o
    0x08012ff8   0x08012ff8   0x0000000a   Code   RO         8493    i.lv_ll_get_tail    lv_ll.o
    0x08013002   0x08013002   0x00000016   Code   RO         8494    i.lv_ll_init        lv_ll.o
    0x08013018   0x08013018   0x00000040   Code   RO         8495    i.lv_ll_ins_head    lv_ll.o
    0x08013058   0x08013058   0x00000072   Code   RO         8496    i.lv_ll_ins_prev    lv_ll.o
    0x080130ca   0x080130ca   0x00000046   Code   RO         8497    i.lv_ll_ins_tail    lv_ll.o
    0x08013110   0x08013110   0x00000018   Code   RO         8498    i.lv_ll_is_empty    lv_ll.o
    0x08013128   0x08013128   0x0000006a   Code   RO         8499    i.lv_ll_move_before  lv_ll.o
    0x08013192   0x08013192   0x0000008a   Code   RO         8500    i.lv_ll_rem         lv_ll.o
    0x0801321c   0x0801321c   0x00000084   Code   RO        11901    i.lv_mbox_add_btns  lv_mbox.o
    0x080132a0   0x080132a0   0x00000046   Code   RO        11902    i.lv_mbox_btnm_event_cb  lv_mbox.o
    0x080132e6   0x080132e6   0x0000000c   Code   RO        11903    i.lv_mbox_close_ready_cb  lv_mbox.o
    0x080132f2   0x080132f2   0x00000002   PAD
    0x080132f4   0x080132f4   0x00000128   Code   RO        11904    i.lv_mbox_create    lv_mbox.o
    0x0801341c   0x0801341c   0x0000002a   Code   RO        11905    i.lv_mbox_default_event_cb  lv_mbox.o
    0x08013446   0x08013446   0x0000001e   Code   RO        11906    i.lv_mbox_get_active_btn  lv_mbox.o
    0x08013464   0x08013464   0x00000010   Code   RO        11908    i.lv_mbox_get_anim_time  lv_mbox.o
    0x08013474   0x08013474   0x00000080   Code   RO        11911    i.lv_mbox_get_style  lv_mbox.o
    0x080134f4   0x080134f4   0x00000080   Code   RO        11915    i.lv_mbox_set_style  lv_mbox.o
    0x08013574   0x08013574   0x0000001e   Code   RO        11916    i.lv_mbox_set_text  lv_mbox.o
    0x08013592   0x08013592   0x00000002   PAD
    0x08013594   0x08013594   0x00000138   Code   RO        11917    i.lv_mbox_signal    lv_mbox.o
    0x080136cc   0x080136cc   0x000000f8   Code   RO        11918    i.lv_mbox_start_auto_close  lv_mbox.o
    0x080137c4   0x080137c4   0x0000004c   Code   RO         8647    i.lv_mem_alloc      lv_mem.o
    0x08013810   0x08013810   0x00000074   Code   RO         8649    i.lv_mem_free       lv_mem.o
    0x08013884   0x08013884   0x00000020   Code   RO         8650    i.lv_mem_get_size   lv_mem.o
    0x080138a4   0x080138a4   0x00000028   Code   RO         8651    i.lv_mem_init       lv_mem.o
    0x080138cc   0x080138cc   0x0000006c   Code   RO         8653    i.lv_mem_realloc    lv_mem.o
    0x08013938   0x08013938   0x000003b2   Code   RO         5325    i.lv_obj_align      lv_obj.o
    0x08013cea   0x08013cea   0x000002f8   Code   RO         5326    i.lv_obj_align_origo  lv_obj.o
    0x08013fe2   0x08013fe2   0x00000014   Code   RO         5327    i.lv_obj_allocate_ext_attr  lv_obj.o
    0x08013ff6   0x08013ff6   0x00000010   Code   RO         5329    i.lv_obj_clear_protect  lv_obj.o
    0x08014006   0x08014006   0x00000002   PAD
    0x08014008   0x08014008   0x000002f4   Code   RO         5332    i.lv_obj_create     lv_obj.o
    0x080142fc   0x080142fc   0x000000f0   Code   RO         5333    i.lv_obj_del        lv_obj.o
    0x080143ec   0x080143ec   0x000000c6   Code   RO         5336    i.lv_obj_design     lv_obj.o
    0x080144b2   0x080144b2   0x0000000c   Code   RO         5337    i.lv_obj_get_auto_realign  lv_obj.o
    0x080144be   0x080144be   0x00000022   Code   RO         5338    i.lv_obj_get_child  lv_obj.o
    0x080144e0   0x080144e0   0x00000022   Code   RO         5339    i.lv_obj_get_child_back  lv_obj.o
    0x08014502   0x08014502   0x00000012   Code   RO         5341    i.lv_obj_get_coords  lv_obj.o
    0x08014514   0x08014514   0x00000006   Code   RO         5342    i.lv_obj_get_design_cb  lv_obj.o
    0x0801451a   0x0801451a   0x00000002   PAD
    0x0801451c   0x0801451c   0x0000005c   Code   RO         5343    i.lv_obj_get_disp   lv_obj.o
    0x08014578   0x08014578   0x00000006   Code   RO         5349    i.lv_obj_get_ext_attr  lv_obj.o
    0x0801457e   0x0801457e   0x00000006   Code   RO         5355    i.lv_obj_get_group  lv_obj.o
    0x08014584   0x08014584   0x00000010   Code   RO         5356    i.lv_obj_get_height  lv_obj.o
    0x08014594   0x08014594   0x0000001e   Code   RO         5357    i.lv_obj_get_height_fit  lv_obj.o
    0x080145b2   0x080145b2   0x0000000c   Code   RO         5358    i.lv_obj_get_hidden  lv_obj.o
    0x080145be   0x080145be   0x00000028   Code   RO         5360    i.lv_obj_get_opa_scale  lv_obj.o
    0x080145e6   0x080145e6   0x00000006   Code   RO         5362    i.lv_obj_get_parent  lv_obj.o
    0x080145ec   0x080145ec   0x0000001a   Code   RO         5365    i.lv_obj_get_screen  lv_obj.o
    0x08014606   0x08014606   0x00000006   Code   RO         5366    i.lv_obj_get_signal_cb  lv_obj.o
    0x0801460c   0x0801460c   0x00000070   Code   RO         5367    i.lv_obj_get_style  lv_obj.o
    0x0801467c   0x0801467c   0x00000058   Code   RO         5369    i.lv_obj_get_type   lv_obj.o
    0x080146d4   0x080146d4   0x00000010   Code   RO         5370    i.lv_obj_get_width  lv_obj.o
    0x080146e4   0x080146e4   0x00000020   Code   RO         5371    i.lv_obj_get_width_fit  lv_obj.o
    0x08014704   0x08014704   0x00000018   Code   RO         5372    i.lv_obj_get_x      lv_obj.o
    0x0801471c   0x0801471c   0x00000018   Code   RO         5373    i.lv_obj_get_y      lv_obj.o
    0x08014734   0x08014734   0x000000ce   Code   RO         5374    i.lv_obj_invalidate  lv_obj.o
    0x08014802   0x08014802   0x0000001a   Code   RO         5375    i.lv_obj_is_focused  lv_obj.o
    0x0801481c   0x0801481c   0x00000012   Code   RO         5376    i.lv_obj_is_protected  lv_obj.o
    0x0801482e   0x0801482e   0x0000003e   Code   RO         5378    i.lv_obj_move_foreground  lv_obj.o
    0x0801486c   0x0801486c   0x0000003e   Code   RO         5379    i.lv_obj_realign    lv_obj.o
    0x080148aa   0x080148aa   0x0000001a   Code   RO         5380    i.lv_obj_refresh_ext_draw_pad  lv_obj.o
    0x080148c4   0x080148c4   0x0000001c   Code   RO         5381    i.lv_obj_refresh_style  lv_obj.o
    0x080148e0   0x080148e0   0x00000012   Code   RO         5384    i.lv_obj_set_click  lv_obj.o
    0x080148f2   0x080148f2   0x00000004   Code   RO         5385    i.lv_obj_set_design_cb  lv_obj.o
    0x080148f6   0x080148f6   0x00000022   Code   RO         5386    i.lv_obj_set_drag   lv_obj.o
    0x08014918   0x08014918   0x00000012   Code   RO         5388    i.lv_obj_set_drag_parent  lv_obj.o
    0x0801492a   0x0801492a   0x00000012   Code   RO         5389    i.lv_obj_set_drag_throw  lv_obj.o
    0x0801493c   0x0801493c   0x00000004   Code   RO         5390    i.lv_obj_set_event_cb  lv_obj.o
    0x08014940   0x08014940   0x0000001a   Code   RO         5392    i.lv_obj_set_height  lv_obj.o
    0x0801495a   0x0801495a   0x00000044   Code   RO         5393    i.lv_obj_set_hidden  lv_obj.o
    0x0801499e   0x0801499e   0x00000068   Code   RO         5396    i.lv_obj_set_parent  lv_obj.o
    0x08014a06   0x08014a06   0x000000a2   Code   RO         5398    i.lv_obj_set_pos    lv_obj.o
    0x08014aa8   0x08014aa8   0x0000000c   Code   RO         5399    i.lv_obj_set_protect  lv_obj.o
    0x08014ab4   0x08014ab4   0x00000004   Code   RO         5400    i.lv_obj_set_signal_cb  lv_obj.o
    0x08014ab8   0x08014ab8   0x0000009e   Code   RO         5401    i.lv_obj_set_size   lv_obj.o
    0x08014b56   0x08014b56   0x00000016   Code   RO         5402    i.lv_obj_set_style  lv_obj.o
    0x08014b6c   0x08014b6c   0x0000001a   Code   RO         5404    i.lv_obj_set_width  lv_obj.o
    0x08014b86   0x08014b86   0x0000001a   Code   RO         5405    i.lv_obj_set_x      lv_obj.o
    0x08014ba0   0x08014ba0   0x0000001a   Code   RO         5406    i.lv_obj_set_y      lv_obj.o
    0x08014bba   0x08014bba   0x00000002   PAD
    0x08014bbc   0x08014bbc   0x00000068   Code   RO         5407    i.lv_obj_signal     lv_obj.o
    0x08014c24   0x08014c24   0x00000258   Code   RO        12076    i.lv_page_create    lv_page.o
    0x08014e7c   0x08014e7c   0x000002d0   Code   RO        12077    i.lv_page_design    lv_page.o
    0x0801514c   0x0801514c   0x0000021c   Code   RO        12078    i.lv_page_focus     lv_page.o
    0x08015368   0x08015368   0x00000010   Code   RO        12079    i.lv_page_get_anim_time  lv_page.o
    0x08015378   0x08015378   0x00000016   Code   RO        12080    i.lv_page_get_edge_flash  lv_page.o
    0x0801538e   0x0801538e   0x00000034   Code   RO        12082    i.lv_page_get_fit_width  lv_page.o
    0x080153c2   0x080153c2   0x00000010   Code   RO        12084    i.lv_page_get_scrl  lv_page.o
    0x080153d2   0x080153d2   0x00000012   Code   RO        12085    i.lv_page_get_scrl_width  lv_page.o
    0x080153e4   0x080153e4   0x0000004a   Code   RO        12087    i.lv_page_get_style  lv_page.o
    0x0801542e   0x0801542e   0x00000018   Code   RO        12088    i.lv_page_glue_obj  lv_page.o
    0x08015446   0x08015446   0x000000a0   Code   RO        12089    i.lv_page_on_edge   lv_page.o
    0x080154e6   0x080154e6   0x00000410   Code   RO        12090    i.lv_page_sb_refresh  lv_page.o
    0x080158f6   0x080158f6   0x00000002   PAD
    0x080158f8   0x080158f8   0x0000006c   Code   RO        12091    i.lv_page_scroll_hor  lv_page.o
    0x08015964   0x08015964   0x0000006c   Code   RO        12092    i.lv_page_scroll_ver  lv_page.o
    0x080159d0   0x080159d0   0x00000506   Code   RO        12093    i.lv_page_scrollable_signal  lv_page.o
    0x08015ed6   0x08015ed6   0x00000012   Code   RO        12094    i.lv_page_set_anim_time  lv_page.o
    0x08015ee8   0x08015ee8   0x0000001c   Code   RO        12095    i.lv_page_set_edge_flash  lv_page.o
    0x08015f04   0x08015f04   0x0000007c   Code   RO        12096    i.lv_page_set_sb_mode  lv_page.o
    0x08015f80   0x08015f80   0x00000022   Code   RO        12911    i.lv_page_set_scrl_fit2  lv_ta.o
    0x08015fa2   0x08015fa2   0x00000072   Code   RO        12098    i.lv_page_set_style  lv_page.o
    0x08016014   0x08016014   0x000002ec   Code   RO        12099    i.lv_page_signal    lv_page.o
    0x08016300   0x08016300   0x0000007c   Code   RO        12100    i.lv_page_start_edge_flash  lv_page.o
    0x0801637c   0x0801637c   0x0000004c   Code   RO        14162    i.lv_port_disp_init  lv_port_disp_mcgd32.o
    0x080163c8   0x080163c8   0x00000158   Code   RO         5965    i.lv_refr_area      lv_refr.o
    0x08016520   0x08016520   0x00000084   Code   RO         5966    i.lv_refr_area_part  lv_refr.o
    0x080165a4   0x080165a4   0x00000064   Code   RO         5967    i.lv_refr_areas     lv_refr.o
    0x08016608   0x08016608   0x0000000c   Code   RO         5968    i.lv_refr_get_disp_refreshing  lv_refr.o
    0x08016614   0x08016614   0x0000007e   Code   RO         5969    i.lv_refr_get_top_obj  lv_refr.o
    0x08016692   0x08016692   0x00000002   Code   RO         5970    i.lv_refr_init      lv_refr.o
    0x08016694   0x08016694   0x000000dc   Code   RO         5971    i.lv_refr_join_area  lv_refr.o
    0x08016770   0x08016770   0x00000100   Code   RO         5973    i.lv_refr_obj       lv_refr.o
    0x08016870   0x08016870   0x0000006c   Code   RO         5974    i.lv_refr_obj_and_children  lv_refr.o
    0x080168dc   0x080168dc   0x00000064   Code   RO         5976    i.lv_refr_vdb_flush  lv_refr.o
    0x08016940   0x08016940   0x000000a8   Code   RO        12101    i.lv_scrl_design    lv_page.o
    0x080169e8   0x080169e8   0x000000f0   Code   RO        12604    i.lv_slider_create  lv_slider.o
    0x08016ad8   0x08016ad8   0x00000532   Code   RO        12605    i.lv_slider_design  lv_slider.o
    0x0801700a   0x0801700a   0x00000046   Code   RO        12607    i.lv_slider_get_style  lv_slider.o
    0x08017050   0x08017050   0x00000024   Code   RO        12608    i.lv_slider_get_value  lv_slider.o
    0x08017074   0x08017074   0x00000046   Code   RO        12611    i.lv_slider_set_style  lv_slider.o
    0x080170ba   0x080170ba   0x00000014   Code   RO        12612    i.lv_slider_set_value  lv_slider.o
    0x080170ce   0x080170ce   0x00000002   PAD
    0x080170d0   0x080170d0   0x00000370   Code   RO        12613    i.lv_slider_signal  lv_slider.o
    0x08017440   0x08017440   0x00000012   Code   RO         6087    i.lv_style_copy     lv_style.o
    0x08017452   0x08017452   0x00000002   PAD
    0x08017454   0x08017454   0x00000558   Code   RO         6088    i.lv_style_init     lv_style.o
    0x080179ac   0x080179ac   0x00000180   Code   RO        12912    i.lv_ta_add_char    lv_ta.o
    0x08017b2c   0x08017b2c   0x000001a8   Code   RO        12913    i.lv_ta_add_text    lv_ta.o
    0x08017cd4   0x08017cd4   0x00000002   Code   RO        12914    i.lv_ta_clear_selection  lv_ta.o
    0x08017cd6   0x08017cd6   0x00000002   PAD
    0x08017cd8   0x08017cd8   0x000002bc   Code   RO        12915    i.lv_ta_create      lv_ta.o
    0x08017f94   0x08017f94   0x0000007c   Code   RO        12916    i.lv_ta_cursor_down  lv_ta.o
    0x08018010   0x08018010   0x0000001e   Code   RO        12917    i.lv_ta_cursor_left  lv_ta.o
    0x0801802e   0x0801802e   0x0000001a   Code   RO        12918    i.lv_ta_cursor_right  lv_ta.o
    0x08018048   0x08018048   0x0000006c   Code   RO        12919    i.lv_ta_cursor_up   lv_ta.o
    0x080180b4   0x080180b4   0x00000120   Code   RO        12920    i.lv_ta_del_char    lv_ta.o
    0x080181d4   0x080181d4   0x00000028   Code   RO        12921    i.lv_ta_del_char_forward  lv_ta.o
    0x080181fc   0x080181fc   0x00000044   Code   RO        12922    i.lv_ta_design      lv_ta.o
    0x08018240   0x08018240   0x00000010   Code   RO        12923    i.lv_ta_get_accepted_chars  lv_ta.o
    0x08018250   0x08018250   0x00000012   Code   RO        12926    i.lv_ta_get_cursor_pos  lv_ta.o
    0x08018262   0x08018262   0x00000016   Code   RO        12927    i.lv_ta_get_cursor_type  lv_ta.o
    0x08018278   0x08018278   0x0000000c   Code   RO        12928    i.lv_ta_get_edge_flash  lv_ta.o
    0x08018284   0x08018284   0x00000012   Code   RO        12930    i.lv_ta_get_max_length  lv_ta.o
    0x08018296   0x08018296   0x0000006a   Code   RO        12935    i.lv_ta_get_style   lv_ta.o
    0x08018300   0x08018300   0x00000026   Code   RO        12936    i.lv_ta_get_text    lv_ta.o
    0x08018326   0x08018326   0x00000002   PAD
    0x08018328   0x08018328   0x000001c0   Code   RO        12938    i.lv_ta_scrollable_design  lv_ta.o
    0x080184e8   0x080184e8   0x000000f0   Code   RO        12939    i.lv_ta_scrollable_signal  lv_ta.o
    0x080185d8   0x080185d8   0x000001bc   Code   RO        12943    i.lv_ta_set_cursor_pos  lv_ta.o
    0x08018794   0x08018794   0x00000032   Code   RO        12944    i.lv_ta_set_cursor_type  lv_ta.o
    0x080187c6   0x080187c6   0x00000010   Code   RO        12945    i.lv_ta_set_edge_flash  lv_ta.o
    0x080187d6   0x080187d6   0x00000108   Code   RO        12948    i.lv_ta_set_one_line  lv_ta.o
    0x080188de   0x080188de   0x00000074   Code   RO        12952    i.lv_ta_set_style   lv_ta.o
    0x08018952   0x08018952   0x00000002   PAD
    0x08018954   0x08018954   0x00000158   Code   RO        12953    i.lv_ta_set_text    lv_ta.o
    0x08018aac   0x08018aac   0x00000002   Code   RO        12955    i.lv_ta_set_text_sel  lv_ta.o
    0x08018aae   0x08018aae   0x00000002   PAD
    0x08018ab0   0x08018ab0   0x000002f8   Code   RO        12956    i.lv_ta_signal      lv_ta.o
    0x08018da8   0x08018da8   0x00000294   Code   RO        13449    i.lv_tabview_add_tab  lv_tabview.o
    0x0801903c   0x0801903c   0x00000300   Code   RO        13451    i.lv_tabview_create  lv_tabview.o
    0x0801933c   0x0801933c   0x00000010   Code   RO        13452    i.lv_tabview_get_anim_time  lv_tabview.o
    0x0801934c   0x0801934c   0x00000014   Code   RO        13455    i.lv_tabview_get_sliding  lv_tabview.o
    0x08019360   0x08019360   0x00000074   Code   RO        13456    i.lv_tabview_get_style  lv_tabview.o
    0x080193d4   0x080193d4   0x00000040   Code   RO        13457    i.lv_tabview_get_tab  lv_tabview.o
    0x08019414   0x08019414   0x00000010   Code   RO        13458    i.lv_tabview_get_tab_act  lv_tabview.o
    0x08019424   0x08019424   0x000000be   Code   RO        13464    i.lv_tabview_set_style  lv_tabview.o
    0x080194e2   0x080194e2   0x00000002   PAD
    0x080194e4   0x080194e4   0x00000260   Code   RO        13465    i.lv_tabview_set_tab_act  lv_tabview.o
    0x08019744   0x08019744   0x00000184   Code   RO        13466    i.lv_tabview_signal  lv_tabview.o
    0x080198c8   0x080198c8   0x00000018   Code   RO         8718    i.lv_task_core_init  lv_task.o
    0x080198e0   0x080198e0   0x0000003e   Code   RO         8719    i.lv_task_create    lv_task.o
    0x0801991e   0x0801991e   0x00000002   PAD
    0x08019920   0x08019920   0x000000a4   Code   RO         8720    i.lv_task_create_basic  lv_task.o
    0x080199c4   0x080199c4   0x00000030   Code   RO         8721    i.lv_task_del       lv_task.o
    0x080199f4   0x080199f4   0x0000000c   Code   RO         8722    i.lv_task_enable    lv_task.o
    0x08019a00   0x08019a00   0x00000050   Code   RO         8723    i.lv_task_exec      lv_task.o
    0x08019a50   0x08019a50   0x00000174   Code   RO         8725    i.lv_task_handler   lv_task.o
    0x08019bc4   0x08019bc4   0x00000012   Code   RO         8727    i.lv_task_ready     lv_task.o
    0x08019bd6   0x08019bd6   0x00000004   Code   RO         8729    i.lv_task_set_cb    lv_task.o
    0x08019bda   0x08019bda   0x00000004   Code   RO         8730    i.lv_task_set_period  lv_task.o
    0x08019bde   0x08019bde   0x00000002   PAD
    0x08019be0   0x08019be0   0x00000064   Code   RO         8731    i.lv_task_set_prio  lv_task.o
    0x08019c44   0x08019c44   0x0000000c   Code   RO        13940    i.lv_theme_get_current  lv_theme.o
    0x08019c50   0x08019c50   0x0000001a   Code   RO         7896    i.lv_tick_elaps     lv_hal_tick.o
    0x08019c6a   0x08019c6a   0x00000002   PAD
    0x08019c6c   0x08019c6c   0x00000020   Code   RO         7897    i.lv_tick_get       lv_hal_tick.o
    0x08019c8c   0x08019c8c   0x0000001c   Code   RO         7898    i.lv_tick_inc       lv_hal_tick.o
    0x08019ca8   0x08019ca8   0x00000048   Code   RO         8826    i.lv_txt_cut        lv_txt.o
    0x08019cf0   0x08019cf0   0x00000120   Code   RO         8827    i.lv_txt_get_next_line  lv_txt.o
    0x08019e10   0x08019e10   0x000000cc   Code   RO         8828    i.lv_txt_get_size   lv_txt.o
    0x08019edc   0x08019edc   0x00000090   Code   RO         8829    i.lv_txt_get_width  lv_txt.o
    0x08019f6c   0x08019f6c   0x00000050   Code   RO         8830    i.lv_txt_ins        lv_txt.o
    0x08019fbc   0x08019fbc   0x00000048   Code   RO         8831    i.lv_txt_is_cmd     lv_txt.o
    0x0801a004   0x0801a004   0x000000a4   Code   RO         8832    i.lv_txt_unicode_to_utf8  lv_txt.o
    0x0801a0a8   0x0801a0a8   0x0000003e   Code   RO         8833    i.lv_txt_utf8_conv_wc  lv_txt.o
    0x0801a0e6   0x0801a0e6   0x00000002   PAD
    0x0801a0e8   0x0801a0e8   0x00000028   Code   RO         8834    i.lv_txt_utf8_get_byte_id  lv_txt.o
    0x0801a110   0x0801a110   0x00000028   Code   RO         8835    i.lv_txt_utf8_get_char_id  lv_txt.o
    0x0801a138   0x0801a138   0x00000028   Code   RO         8836    i.lv_txt_utf8_get_length  lv_txt.o
    0x0801a160   0x0801a160   0x00000148   Code   RO         8837    i.lv_txt_utf8_next  lv_txt.o
    0x0801a2a8   0x0801a2a8   0x00000060   Code   RO         8838    i.lv_txt_utf8_prev  lv_txt.o
    0x0801a308   0x0801a308   0x0000003c   Code   RO         8839    i.lv_txt_utf8_size  lv_txt.o
    0x0801a344   0x0801a344   0x00000054   Code   RO         8930    i.lv_utils_bsearch  lv_utils.o
    0x0801a398   0x0801a398   0x00000050   Code   RO          173    i.main              main.o
    0x0801a3e8   0x0801a3e8   0x00000028   Code   RO         9453    i.make_one_button_toggled  lv_btnm.o
    0x0801a410   0x0801a410   0x00000062   Code   RO         9454    i.maps_are_identical  lv_btnm.o
    0x0801a472   0x0801a472   0x00000078   Code   RO        11920    i.mbox_realign      lv_mbox.o
    0x0801a4ea   0x0801a4ea   0x00000030   Code   RO         8502    i.node_set_next     lv_ll.o
    0x0801a51a   0x0801a51a   0x0000002c   Code   RO         8503    i.node_set_prev     lv_ll.o
    0x0801a546   0x0801a546   0x0000002c   Code   RO         4846    i.obj_to_foreground  lv_group.o
    0x0801a572   0x0801a572   0x00000074   Code   RO        12958    i.placeholder_update  lv_ta.o
    0x0801a5e6   0x0801a5e6   0x00000024   Code   RO         6828    i.point_swap        lv_draw_triangle.o
    0x0801a60a   0x0801a60a   0x00000002   PAD
    0x0801a60c   0x0801a60c   0x00000060   Code   RO        12959    i.pwd_char_hider    lv_ta.o
    0x0801a66c   0x0801a66c   0x00000002   Code   RO        12960    i.pwd_char_hider_anim  lv_ta.o
    0x0801a66e   0x0801a66e   0x0000000e   Code   RO        12961    i.pwd_char_hider_anim_ready  lv_ta.o
    0x0801a67c   0x0801a67c   0x00000020   Code   RO         2877    i.rcu_periph_clock_enable  gd32f30x_rcu.o
    0x0801a69c   0x0801a69c   0x00000354   Code   RO        12962    i.refr_cursor_area  lv_ta.o
    0x0801a9f0   0x0801a9f0   0x00000050   Code   RO         5409    i.refresh_children_position  lv_obj.o
    0x0801aa40   0x0801aa40   0x00000042   Code   RO         5410    i.refresh_children_style  lv_obj.o
    0x0801aa82   0x0801aa82   0x0000004e   Code   RO        12102    i.scrl_def_event_cb  lv_page.o
    0x0801aad0   0x0801aad0   0x00000034   Code   RO        14200    i.slider_event_handler  demo.o
    0x0801ab04   0x0801ab04   0x00000064   Code   RO          569    i.spi2_init         spi.o
    0x0801ab68   0x0801ab68   0x00000038   Code   RO          570    i.spi2_transmit_receive_data  spi.o
    0x0801aba0   0x0801aba0   0x0000000a   Code   RO         3495    i.spi_enable        gd32f30x_spi.o
    0x0801abaa   0x0801abaa   0x00000008   Code   RO         3497    i.spi_i2s_data_receive  gd32f30x_spi.o
    0x0801abb2   0x0801abb2   0x00000004   Code   RO         3498    i.spi_i2s_data_transmit  gd32f30x_spi.o
    0x0801abb6   0x0801abb6   0x00000010   Code   RO         3500    i.spi_i2s_flag_get  gd32f30x_spi.o
    0x0801abc6   0x0801abc6   0x00000032   Code   RO         3505    i.spi_init          gd32f30x_spi.o
    0x0801abf8   0x0801abf8   0x00000148   Code   RO         6353    i.sw_color_fill     lv_draw_basic.o
    0x0801ad40   0x0801ad40   0x00000050   Code   RO         6354    i.sw_mem_blend      lv_draw_basic.o
    0x0801ad90   0x0801ad90   0x00000114   Code   RO          600    i.system_clock_120m_hxtal  system_gd32f30x.o
    0x0801aea4   0x0801aea4   0x00000008   Code   RO          601    i.system_clock_config  system_gd32f30x.o
    0x0801aeac   0x0801aeac   0x00000030   Code   RO          465    i.systick_delay     systick.o
    0x0801aedc   0x0801aedc   0x0000000c   Code   RO          466    i.systick_get_current_tick  systick.o
    0x0801aee8   0x0801aee8   0x00000050   Code   RO          467    i.systick_init      systick.o
    0x0801af38   0x0801af38   0x00000074   Code   RO        13467    i.tab_btnm_event_cb  lv_tabview.o
    0x0801afac   0x0801afac   0x00000106   Code   RO        13468    i.tabpage_press_lost_handler  lv_tabview.o
    0x0801b0b2   0x0801b0b2   0x00000024   Code   RO        13469    i.tabpage_pressed_handler  lv_tabview.o
    0x0801b0d6   0x0801b0d6   0x000001b8   Code   RO        13470    i.tabpage_pressing_handler  lv_tabview.o
    0x0801b28e   0x0801b28e   0x00000002   PAD
    0x0801b290   0x0801b290   0x0000007c   Code   RO        13471    i.tabpage_scrl_signal  lv_tabview.o
    0x0801b30c   0x0801b30c   0x00000074   Code   RO        13472    i.tabpage_signal    lv_tabview.o
    0x0801b380   0x0801b380   0x0000062c   Code   RO        13473    i.tabview_realign   lv_tabview.o
    0x0801b9ac   0x0801b9ac   0x00000128   Code   RO        14201    i.text_area_event_handler  demo.o
    0x0801bad4   0x0801bad4   0x00000458   Code   RO         6829    i.tri_draw_flat     lv_draw_triangle.o
    0x0801bf2c   0x0801bf2c   0x000003a0   Code   RO         6830    i.tri_draw_tall     lv_draw_triangle.o
    0x0801c2cc   0x0801c2cc   0x0000000a   Code   RO         7137    i.unicode_list_compare  lv_font_fmt_txt.o
    0x0801c2d6   0x0801c2d6   0x000000d2   Code   RO        12963    i.update_cursor_position_on_click  lv_ta.o
    0x0801c3a8   0x0801c3a8   0x000001b8   Code   RO        14202    i.write_create      demo.o
    0x0801c560   0x0801c560   0x0000000a   Code   RO        14508    x$fpl$fpinit        fz_wm.l(fpinit.o)
    0x0801c56a   0x0801c56a   0x00000002   PAD
    0x0801c56c   0x0801c56c   0x00000016   Data   RO         6093    .constdata          lv_style.o
    0x0801c582   0x0801c582   0x00000024   Data   RO         6171    .constdata          lv_draw.o
    0x0801c5a6   0x0801c5a6   0x00000011   Data   RO         6722    .constdata          lv_draw_rect.o
    0x0801c5b7   0x0801c5b7   0x00000001   PAD
    0x0801c5b8   0x0801c5b8   0x00002db8   Data   RO         7436    .constdata          lv_font_roboto_16.o
    0x0801f370   0x0801f370   0x00000002   Data   RO         7631    .constdata          lv_hal_disp.o
    0x0801f372   0x0801f372   0x00000112   Data   RO        11107    .constdata          lv_kb.o
    0x0801f484   0x0801f484   0x0000003e   Data   RO        14204    .constdata          demo.o
    0x0801f4c2   0x0801f4c2   0x00000002   PAD
    0x0801f4c4   0x0801f4c4   0x0000002d   Data   RO         9455    .conststring        lv_btnm.o
    0x0801f4f1   0x0801f4f1   0x00000003   PAD
    0x0801f4f4   0x0801f4f4   0x00000194   Data   RO        11108    .conststring        lv_kb.o
    0x0801f688   0x0801f688   0x00000007   Data   RO        14205    .conststring        demo.o
    0x0801f68f   0x0801f68f   0x00000001   PAD
    0x0801f690   0x0801f690   0x00000020   Data   RO        14576    Region$$Table       anon$$obj.o


    Execution Region RW_IRAM1 (Exec base: 0x20000000, Load base: 0x0801f6b0, Size: 0x00007878, Max: 0x0000c000, ABSOLUTE, COMPRESSED[0x000001e8])

    Exec Addr    Load Addr    Size         Type   Attr      Idx    E Section Name        Object

    0x20000000   COMPRESSED   0x00000004   Data   RW          469    .data               systick.o
    0x20000004   COMPRESSED   0x00000018   Data   RW          533    .data               led.o
    0x2000001c   COMPRESSED   0x00000004   Data   RW          602    .data               system_gd32f30x.o
    0x20000020   COMPRESSED   0x00000008   Data   RW         5142    .data               lv_indev.o
    0x20000028   COMPRESSED   0x0000000c   Data   RW         5412    .data               lv_obj.o
    0x20000034   COMPRESSED   0x00000008   Data   RW         5977    .data               lv_refr.o
    0x2000003c   COMPRESSED   0x00000024   Data   RW         6172    .data               lv_draw.o
    0x20000060   COMPRESSED   0x00000002   Data   RW         6875    .data               lv_img_cache.o
    0x20000062   COMPRESSED   0x00000002   PAD
    0x20000064   COMPRESSED   0x0000002c   Data   RW         7437    .data               lv_font_roboto_16.o
    0x20000090   COMPRESSED   0x00000004   Data   RW         7632    .data               lv_hal_disp.o
    0x20000094   COMPRESSED   0x00000005   Data   RW         7899    .data               lv_hal_tick.o
    0x20000099   COMPRESSED   0x00000003   PAD
    0x2000009c   COMPRESSED   0x00000005   Data   RW         7948    .data               lv_anim.o
    0x200000a1   COMPRESSED   0x00000003   PAD
    0x200000a4   COMPRESSED   0x0000000c   Data   RW         8461    .data               lv_gc.o
    0x200000b0   COMPRESSED   0x00000008   Data   RW         8655    .data               lv_mem.o
    0x200000b8   COMPRESSED   0x00000014   Data   RW         8732    .data               lv_task.o
    0x200000cc   COMPRESSED   0x00000020   Data   RW         8840    .data               lv_txt.o
    0x200000ec   COMPRESSED   0x00000008   Data   RW         9151    .data               lv_bar.o
    0x200000f4   COMPRESSED   0x00000008   Data   RW         9309    .data               lv_btn.o
    0x200000fc   COMPRESSED   0x00000024   Data   RW         9456    .data               lv_btnm.o
    0x20000120   COMPRESSED   0x00000008   Data   RW        10207    .data               lv_chart.o
    0x20000128   COMPRESSED   0x00000004   Data   RW        10462    .data               lv_cont.o
    0x2000012c   COMPRESSED   0x00000004   Data   RW        10937    .data               lv_img.o
    0x20000130   COMPRESSED   0x00000268   Data   RW        11109    .data               lv_kb.o
    0x20000398   COMPRESSED   0x00000004   Data   RW        11227    .data               lv_label.o
    0x2000039c   COMPRESSED   0x00000014   Data   RW        11620    .data               lv_list.o
    0x200003b0   COMPRESSED   0x00000004   Data   RW        11921    .data               lv_mbox.o
    0x200003b4   COMPRESSED   0x00000008   Data   RW        12103    .data               lv_page.o
    0x200003bc   COMPRESSED   0x00000008   Data   RW        12614    .data               lv_slider.o
    0x200003c4   COMPRESSED   0x00000014   Data   RW        12964    .data               lv_ta.o
    0x200003d8   COMPRESSED   0x00000010   Data   RW        13475    .data               lv_tabview.o
    0x200003e8   COMPRESSED   0x00000004   Data   RW        13942    .data               lv_theme.o
    0x200003ec   COMPRESSED   0x00000014   Data   RW        14206    .data               demo.o
    0x20000400        -       0x0000030c   Zero   RW         6092    .bss                lv_style.o
    0x2000070c        -       0x00000060   Zero   RW         8460    .bss                lv_gc.o
    0x2000076c        -       0x00004000   Zero   RW         8654    .bss                lv_mem.o
    0x2000476c        -       0x0000259c   Zero   RW        14163    .bss                lv_port_disp_mcgd32.o
    0x20006d08        -       0x0000030c   Zero   RW        14203    .bss                demo.o
    0x20007014        -       0x00000060   Zero   RW        14450    .bss                c_w.l(libspace.o)
    0x20007074   COMPRESSED   0x00000004   PAD
    0x20007078        -       0x00000400   Zero   RW          639    HEAP                startup_gd32f30x_hd.o
    0x20007478        -       0x00000400   Zero   RW          638    STACK               startup_gd32f30x_hd.o


==============================================================================

Image component sizes


      Code (inc. data)   RO Data    RW Data    ZI Data      Debug   Object Name

      2836        372         69         20        780      26308   demo.o
       358          6          0          0          0       3371   gd32f30x_gpio.o
        24          0          0          0          0      47732   gd32f30x_it.o
        32          4          0          0          0        638   gd32f30x_rcu.o
        88          0          0          0          0       4294   gd32f30x_spi.o
       102          0          0          0          0       1431   lcd.o
       732         20          0          0          0       4310   lcd_init.o
       204         24          0         24          0       1736   led.o
       732         50          0          5          0      13933   lv_anim.o
         0          0          0          0          0      18730   lv_arc.o
       534          0          0          0          0       8209   lv_area.o
         0          0          0          0          0        820   lv_async.o
      1760         52          0          8          0      25104   lv_bar.o
      1102         60          0          8          0      15289   lv_btn.o
      4174         98         45         36          0      26787   lv_btnm.o
         0          0          0          0          0       3662   lv_calendar.o
         0          0          0          0          0       5146   lv_canvas.o
      5170         92          0          8          0      36210   lv_chart.o
        98          0          0          0          0       3145   lv_circ.o
      3144         24          0          4          0      21715   lv_cont.o
        66          0          0          0          0      18188   lv_disp.o
       364         20         36         36          0      15609   lv_draw.o
      2562         24          0          0          0      26701   lv_draw_basic.o
       772         40          0          0          0      15306   lv_draw_img.o
      1350         24          0          0          0      12526   lv_draw_label.o
      5254          0          0          0          0      15873   lv_draw_line.o
     11568         16         17          0          0      26721   lv_draw_rect.o
      2518          0          0          0          0       5835   lv_draw_triangle.o
        84          0          0          0          0       3901   lv_font.o
       886         16          0          0          0       9165   lv_font_fmt_txt.o
         0          0          0          0          0       1768   lv_font_roboto_12.o
         0          0      11704         44          0       2156   lv_font_roboto_16.o
       478         16          0          0          0      12200   lv_fs.o
         0          0          0         12         96       3980   lv_gc.o
       860         20          0          0          0      29301   lv_group.o
       494         26          2          4          0      25637   lv_hal_disp.o
        28          4          0          0          0      16626   lv_hal_indev.o
        86         20          0          5          0       2580   lv_hal_tick.o
      1198         32          0          4          0       7333   lv_img.o
       540         34          0          2          0       7950   lv_img_cache.o
      2274         64          0          0          0      21134   lv_img_decoder.o
       246         12          0          8          0      19241   lv_indev.o
      1296        114        678        616          0      11489   lv_kb.o
      4318        108          0          4          0      34594   lv_label.o
      2844        130          0         20          0      23548   lv_list.o
       852          0          0          0          0      12620   lv_ll.o
      1564         78          0          4          0      26191   lv_mbox.o
       544         32          0          8      16384       6674   lv_mem.o
      5522        112          0         12          0      56439   lv_obj.o
      6310        112          0          8          0      51004   lv_page.o
       142         18          0          0       9628       2472   lv_port_disp_mcgd32.o
      2012         48          0          8          0      11947   lv_refr.o
         0          0          0          0          0       4896   lv_roller.o
      2684         38          0          8          0      13273   lv_slider.o
      1434         68         22          0        780       8410   lv_style.o
      6866        238          0         20          0      47386   lv_ta.o
      5544        128          0         16          0      28514   lv_tabview.o
       888         90          0         20          0       8510   lv_task.o
        12          6          0          4          0      22925   lv_theme.o
      1690         60          0         32          0      16305   lv_txt.o
        84          0          0          0          0        967   lv_utils.o
        80          8          0          0          0      19721   main.o
       156         20          0          0          0       1217   spi.o
        64         26        304          0       2048        988   startup_gd32f30x_hd.o
       452         30          0          4          0       3147   system_gd32f30x.o
       204         24          0          4          0      30035   systick.o

    ----------------------------------------------------------------------
     98366       2658      12916       1024      29716    1011573   Object Totals
         0          0         32          0          0          0   (incl. Generated)
        86          0          7          8          0          0   (incl. Padding)

    ----------------------------------------------------------------------

      Code (inc. data)   RO Data    RW Data    ZI Data      Debug   Library Member Name

        90          0          0          0          0          0   __dczerorl2.o
         8          0          0          0          0         68   __main.o
         0          0          0          0          0          0   __rtentry.o
        12          0          0          0          0          0   __rtentry2.o
         6          0          0          0          0          0   __rtentry4.o
        52          8          0          0          0          0   __scatter.o
        28          0          0          0          0          0   __scatter_zi.o
        16          0          0          0          0         68   aeabi_memset.o
        18          0          0          0          0         80   exit.o
         6          0          0          0          0        152   heapauxi.o
         0          0          0          0          0          0   indicate_semi.o
         2          0          0          0          0          0   libinit.o
         6          0          0          0          0          0   libinit2.o
         2          0          0          0          0          0   libshutdown.o
         2          0          0          0          0          0   libshutdown2.o
         8          4          0          0         96         68   libspace.o
        68          0          0          0          0         68   rt_memclr.o
        78          0          0          0          0         80   rt_memclr_w.o
       138          0          0          0          0         68   rt_memcpy_v6.o
       100          0          0          0          0         80   rt_memcpy_w.o
         2          0          0          0          0          0   rtexit.o
        10          0          0          0          0          0   rtexit2.o
       128          0          0          0          0         68   strcmpv7m.o
        72          0          0          0          0         80   strcpy.o
        62          0          0          0          0         76   strlen.o
        12          4          0          0          0         68   sys_exit.o
        74          0          0          0          0         80   sys_stackheap_outer.o
         2          0          0          0          0         68   use_no_semi.o
        10          0          0          0          0        116   fpinit.o

    ----------------------------------------------------------------------
      1022         16          0          0        100       1288   Library Totals
        10          0          0          0          4          0   (incl. Padding)

    ----------------------------------------------------------------------

      Code (inc. data)   RO Data    RW Data    ZI Data      Debug   Library Name

      1002         16          0          0         96       1172   c_w.l
        10          0          0          0          0        116   fz_wm.l

    ----------------------------------------------------------------------
      1022         16          0          0        100       1288   Library Totals

    ----------------------------------------------------------------------

==============================================================================


      Code (inc. data)   RO Data    RW Data    ZI Data      Debug   

     99388       2674      12916       1024      29816     953889   Grand Totals
     99388       2674      12916        488      29816     953889   ELF Image Totals (compressed)
     99388       2674      12916        488          0          0   ROM Totals

==============================================================================

    Total RO  Size (Code + RO Data)               112304 ( 109.67kB)
    Total RW  Size (RW Data + ZI Data)             30840 (  30.12kB)
    Total ROM Size (Code + RO Data + RW Data)     112792 ( 110.15kB)

==============================================================================

