Component: ARM Compiler 5.06 update 6 (build 750) Tool: armlink [4d35ed]

==============================================================================

Section Cross References

    main.o(i.main) refers to gd32f30x_misc.o(i.nvic_priority_group_set) for nvic_priority_group_set
    main.o(i.main) refers to tasks.o(i.xTaskCreate) for xTaskCreate
    main.o(i.main) refers to tasks.o(i.vTaskStartScheduler) for vTaskStartScheduler
    main.o(i.main) refers to motor_app.o(i.pmsm_init) for pmsm_init
    motor_hardware.o(i.adc0_config) refers to gd32f30x_rcu.o(i.rcu_periph_clock_enable) for rcu_periph_clock_enable
    motor_hardware.o(i.adc0_config) refers to gd32f30x_rcu.o(i.rcu_adc_clock_config) for rcu_adc_clock_config
    motor_hardware.o(i.adc0_config) refers to gd32f30x_adc.o(i.adc_mode_config) for adc_mode_config
    motor_hardware.o(i.adc0_config) refers to gd32f30x_adc.o(i.adc_special_function_config) for adc_special_function_config
    motor_hardware.o(i.adc0_config) refers to gd32f30x_adc.o(i.adc_data_alignment_config) for adc_data_alignment_config
    motor_hardware.o(i.adc0_config) refers to gd32f30x_adc.o(i.adc_channel_length_config) for adc_channel_length_config
    motor_hardware.o(i.adc0_config) refers to gd32f30x_adc.o(i.adc_inserted_channel_config) for adc_inserted_channel_config
    motor_hardware.o(i.adc0_config) refers to gd32f30x_adc.o(i.adc_external_trigger_source_config) for adc_external_trigger_source_config
    motor_hardware.o(i.adc0_config) refers to gd32f30x_adc.o(i.adc_external_trigger_config) for adc_external_trigger_config
    motor_hardware.o(i.adc0_config) refers to gd32f30x_adc.o(i.adc_interrupt_flag_clear) for adc_interrupt_flag_clear
    motor_hardware.o(i.adc0_config) refers to gd32f30x_adc.o(i.adc_interrupt_enable) for adc_interrupt_enable
    motor_hardware.o(i.adc0_config) refers to gd32f30x_adc.o(i.adc_enable) for adc_enable
    motor_hardware.o(i.adc0_config) refers to systick.o(i.systick_delay) for systick_delay
    motor_hardware.o(i.adc0_config) refers to gd32f30x_adc.o(i.adc_calibration_enable) for adc_calibration_enable
    motor_hardware.o(i.adc0_init) refers to motor_hardware.o(i.adc_gpio_init) for adc_gpio_init
    motor_hardware.o(i.adc0_init) refers to motor_hardware.o(i.adc0_config) for adc0_config
    motor_hardware.o(i.adc_gpio_init) refers to gd32f30x_rcu.o(i.rcu_periph_clock_enable) for rcu_periph_clock_enable
    motor_hardware.o(i.adc_gpio_init) refers to gd32f30x_gpio.o(i.gpio_init) for gpio_init
    motor_hardware.o(i.comp_protect_init) refers to gd32f30x_rcu.o(i.rcu_periph_clock_enable) for rcu_periph_clock_enable
    motor_hardware.o(i.comp_protect_init) refers to gd32f30x_gpio.o(i.gpio_init) for gpio_init
    motor_hardware.o(i.comp_protect_init) refers to gd32f30x_dac.o(i.dac_deinit) for dac_deinit
    motor_hardware.o(i.comp_protect_init) refers to gd32f30x_dac.o(i.dac_wave_mode_config) for dac_wave_mode_config
    motor_hardware.o(i.comp_protect_init) refers to gd32f30x_dac.o(i.dac_lfsr_noise_config) for dac_lfsr_noise_config
    motor_hardware.o(i.comp_protect_init) refers to gd32f30x_dac.o(i.dac_enable) for dac_enable
    motor_hardware.o(i.comp_protect_init) refers to gd32f30x_dac.o(i.dac_data_set) for dac_data_set
    motor_hardware.o(i.hall_get) refers to gd32f30x_gpio.o(i.gpio_input_bit_get) for gpio_input_bit_get
    motor_hardware.o(i.hall_init) refers to gd32f30x_rcu.o(i.rcu_periph_clock_enable) for rcu_periph_clock_enable
    motor_hardware.o(i.hall_init) refers to gd32f30x_gpio.o(i.gpio_pin_remap_config) for gpio_pin_remap_config
    motor_hardware.o(i.hall_init) refers to gd32f30x_gpio.o(i.gpio_init) for gpio_init
    motor_hardware.o(i.hall_init) refers to motor_hardware.o(i.hall_timer_config) for hall_timer_config
    motor_hardware.o(i.hall_timer_config) refers to gd32f30x_rcu.o(i.rcu_periph_clock_enable) for rcu_periph_clock_enable
    motor_hardware.o(i.hall_timer_config) refers to gd32f30x_timer.o(i.timer_deinit) for timer_deinit
    motor_hardware.o(i.hall_timer_config) refers to gd32f30x_timer.o(i.timer_init) for timer_init
    motor_hardware.o(i.hall_timer_config) refers to gd32f30x_timer.o(i.timer_input_capture_config) for timer_input_capture_config
    motor_hardware.o(i.hall_timer_config) refers to gd32f30x_timer.o(i.timer_input_trigger_source_select) for timer_input_trigger_source_select
    motor_hardware.o(i.hall_timer_config) refers to gd32f30x_timer.o(i.timer_slave_mode_select) for timer_slave_mode_select
    motor_hardware.o(i.hall_timer_config) refers to gd32f30x_timer.o(i.timer_hall_mode_config) for timer_hall_mode_config
    motor_hardware.o(i.hall_timer_config) refers to gd32f30x_timer.o(i.timer_auto_reload_shadow_enable) for timer_auto_reload_shadow_enable
    motor_hardware.o(i.hall_timer_config) refers to gd32f30x_timer.o(i.timer_interrupt_flag_clear) for timer_interrupt_flag_clear
    motor_hardware.o(i.hall_timer_config) refers to gd32f30x_timer.o(i.timer_interrupt_enable) for timer_interrupt_enable
[...]
    i.prvProcessReceivedCommands             0x080082bc   Section        0  timers.o(i.prvProcessReceivedCommands)
    prvProcessReceivedCommands               0x080082bd   Thumb Code   288  timers.o(i.prvProcessReceivedCommands)
    i.prvProcessTimerOrBlockTask             0x080083e0   Section        0  timers.o(i.prvProcessTimerOrBlockTask)
    prvProcessTimerOrBlockTask               0x080083e1   Thumb Code   102  timers.o(i.prvProcessTimerOrBlockTask)
    i.prvReloadTimer                         0x08008454   Section        0  timers.o(i.prvReloadTimer)
    prvReloadTimer                           0x08008455   Thumb Code    40  timers.o(i.prvReloadTimer)
    i.prvResetNextTaskUnblockTime            0x0800847c   Section        0  tasks.o(i.prvResetNextTaskUnblockTime)
    prvResetNextTaskUnblockTime              0x0800847d   Thumb Code    40  tasks.o(i.prvResetNextTaskUnblockTime)
    i.prvSampleTimeNow                       0x080084ac   Section        0  timers.o(i.prvSampleTimeNow)
    prvSampleTimeNow                         0x080084ad   Thumb Code    40  timers.o(i.prvSampleTimeNow)
    i.prvSwitchTimerLists                    0x080084d8   Section        0  timers.o(i.prvSwitchTimerLists)
    prvSwitchTimerLists                      0x080084d9   Thumb Code    58  timers.o(i.prvSwitchTimerLists)
    i.prvTaskExitError                       0x0800851c   Section        0  port.o(i.prvTaskExitError)
    prvTaskExitError                         0x0800851d   Thumb Code    60  port.o(i.prvTaskExitError)
    i.prvTimerTask                           0x0800855c   Section        0  timers.o(i.prvTimerTask)
    prvTimerTask                             0x0800855d   Thumb Code    26  timers.o(i.prvTimerTask)
    i.prvUnlockQueue                         0x08008576   Section        0  queue.o(i.prvUnlockQueue)
    prvUnlockQueue                           0x08008577   Thumb Code   126  queue.o(i.prvUnlockQueue)
    i.pvPortMalloc                           0x080085f4   Section        0  heap_4.o(i.pvPortMalloc)
    i.pwm_gpio_init                          0x080087ec   Section        0  motor_hardware.o(i.pwm_gpio_init)
    pwm_gpio_init                            0x080087ed   Thumb Code   126  motor_hardware.o(i.pwm_gpio_init)
    i.pwm_timer_config                       0x08008874   Section        0  motor_hardware.o(i.pwm_timer_config)
    pwm_timer_config                         0x08008875   Thumb Code   356  motor_hardware.o(i.pwm_timer_config)
    i.pxPortInitialiseStack                  0x080089dc   Section        0  port.o(i.pxPortInitialiseStack)
    i.rcu_adc_clock_config                   0x08008a08   Section        0  gd32f30x_rcu.o(i.rcu_adc_clock_config)
    i.rcu_clock_freq_get                     0x08008a74   Section        0  gd32f30x_rcu.o(i.rcu_clock_freq_get)
    i.rcu_periph_clock_enable                0x08008bcc   Section        0  gd32f30x_rcu.o(i.rcu_periph_clock_enable)
    i.rcu_periph_reset_disable               0x08008bec   Section        0  gd32f30x_rcu.o(i.rcu_periph_reset_disable)
    i.rcu_periph_reset_enable                0x08008c0c   Section        0  gd32f30x_rcu.o(i.rcu_periph_reset_enable)
    i.sin_cos                                0x08008c2c   Section        0  foc.o(i.sin_cos)
    i.spi0_init                              0x08008c54   Section        0  spi.o(i.spi0_init)
    i.spi0_transmit_receive_data             0x08008cbc   Section        0  spi.o(i.spi0_transmit_receive_data)
    i.spi2_init                              0x08008cf0   Section        0  spi.o(i.spi2_init)
    i.spi2_transmit_receive_data             0x08008d54   Section        0  spi.o(i.spi2_transmit_receive_data)
    i.spi_enable                             0x08008d8c   Section        0  gd32f30x_spi.o(i.spi_enable)
    i.spi_i2s_data_receive                   0x08008d96   Section        0  gd32f30x_spi.o(i.spi_i2s_data_receive)
    i.spi_i2s_data_transmit                  0x08008d9e   Section        0  gd32f30x_spi.o(i.spi_i2s_data_transmit)
    i.spi_i2s_flag_get                       0x08008da2   Section        0  gd32f30x_spi.o(i.spi_i2s_flag_get)
    i.spi_init                               0x08008db2   Section        0  gd32f30x_spi.o(i.spi_init)
    i.svpwm                                  0x08008de4   Section        0  foc.o(i.svpwm)
    i.system_clock_120m_hxtal                0x080090bc   Section        0  system_gd32f30x.o(i.system_clock_120m_hxtal)
    system_clock_120m_hxtal                  0x080090bd   Thumb Code   258  system_gd32f30x.o(i.system_clock_120m_hxtal)
    i.system_clock_config                    0x080091d0   Section        0  system_gd32f30x.o(i.system_clock_config)
    system_clock_config                      0x080091d1   Thumb Code     8  system_gd32f30x.o(i.system_clock_config)
    i.systick_delay                          0x080091d8   Section        0  systick.o(i.systick_delay)
    i.task_data_handler                      0x080091e4   Section        0  motor_app.o(i.task_data_handler)
    task_data_handler                        0x080091e5   Thumb Code   324  motor_app.o(i.task_data_handler)
    i.task_gui                               0x08009348   Section        0  motor_app.o(i.task_gui)
    task_gui                                 0x08009349   Thumb Code    16  motor_app.o(i.task_gui)
    i.timer_auto_reload_shadow_enable        0x08009358   Section        0  gd32f30x_timer.o(i.timer_auto_reload_shadow_enable)
    i.timer_break_config                     0x08009362   Section        0  gd32f30x_timer.o(i.timer_break_config)
    i.timer_channel_complementary_output_state_config 0x08009380   Section        0  gd32f30x_timer.o(i.timer_channel_complementary_output_state_config)
    i.timer_channel_input_capture_prescaler_config 0x080093c6   Section        0  gd32f30x_timer.o(i.timer_channel_input_capture_prescaler_config)
    i.timer_channel_output_config            0x08009420   Section        0  gd32f30x_timer.o(i.timer_channel_output_config)
    i.timer_channel_output_mode_config       0x0800960c   Section        0  gd32f30x_timer.o(i.timer_channel_output_mode_config)
    i.timer_channel_output_pulse_value_config 0x08009666   Section        0  gd32f30x_timer.o(i.timer_channel_output_pulse_value_config)
    i.timer_channel_output_shadow_config     0x0800968c   Section        0  gd32f30x_timer.o(i.timer_channel_output_shadow_config)
    i.timer_channel_output_state_config      0x080096e6   Section        0  gd32f30x_timer.o(i.timer_channel_output_state_config)
    i.timer_counter_read                     0x08009742   Section        0  gd32f30x_timer.o(i.timer_counter_read)
    i.timer_counter_value_config             0x0800974a   Section        0  gd32f30x_timer.o(i.timer_counter_value_config)
    i.timer_deinit                           0x08009750   Section        0  gd32f30x_timer.o(i.timer_deinit)
    i.timer_enable                           0x0800982c   Section        0  gd32f30x_timer.o(i.timer_enable)
    i.timer_hall_mode_config                 0x08009836   Section        0  gd32f30x_timer.o(i.timer_hall_mode_config)
    i.timer_init                             0x08009850   Section        0  gd32f30x_timer.o(i.timer_init)
    i.timer_input_capture_config             0x080098e8   Section        0  gd32f30x_timer.o(i.timer_input_capture_config)
    i.timer_input_trigger_source_select      0x08009a2e   Section        0  gd32f30x_timer.o(i.timer_input_trigger_source_select)
    i.timer_interrupt_enable                 0x08009a3e   Section        0  gd32f30x_timer.o(i.timer_interrupt_enable)
    i.timer_interrupt_flag_clear             0x08009a46   Section        0  gd32f30x_timer.o(i.timer_interrupt_flag_clear)
    i.timer_interrupt_flag_get               0x08009a4c   Section        0  gd32f30x_timer.o(i.timer_interrupt_flag_get)
    i.timer_primary_output_config            0x08009a64   Section        0  gd32f30x_timer.o(i.timer_primary_output_config)
    i.timer_quadrature_decoder_mode_config   0x08009a7c   Section        0  gd32f30x_timer.o(i.timer_quadrature_decoder_mode_config)
    i.timer_slave_mode_select                0x08009abc   Section        0  gd32f30x_timer.o(i.timer_slave_mode_select)
    i.ulTaskGenericNotifyTake                0x08009acc   Section        0  tasks.o(i.ulTaskGenericNotifyTake)
    i.usart_baudrate_set                     0x08009b98   Section        0  gd32f30x_usart.o(i.usart_baudrate_set)
    i.usart_deinit                           0x08009c28   Section        0  gd32f30x_usart.o(i.usart_deinit)
    i.usart_dma_receive_config               0x08009cb8   Section        0  gd32f30x_usart.o(i.usart_dma_receive_config)
    i.usart_dma_transmit_config              0x08009ccc   Section        0  gd32f30x_usart.o(i.usart_dma_transmit_config)
    i.usart_enable                           0x08009ce0   Section        0  gd32f30x_usart.o(i.usart_enable)
    i.usart_init                             0x08009cec   Section        0  uart.o(i.usart_init)
    i.usart_receive_config                   0x08009e40   Section        0  gd32f30x_usart.o(i.usart_receive_config)
    i.usart_send_data                        0x08009e54   Section        0  uart.o(i.usart_send_data)
    i.usart_transmit_config                  0x08009edc   Section        0  gd32f30x_usart.o(i.usart_transmit_config)
    i.uxListRemove                           0x08009ef0   Section        0  list.o(i.uxListRemove)
    i.vApplicationGetIdleTaskMemory          0x08009f18   Section        0  tasks.o(i.vApplicationGetIdleTaskMemory)
    i.vApplicationGetTimerTaskMemory         0x08009f30   Section        0  tasks.o(i.vApplicationGetTimerTaskMemory)
    i.vApplicationIdleHook                   0x08009f48   Section        0  motor_app.o(i.vApplicationIdleHook)
    i.vApplicationStackOverflowHook          0x08009f50   Section        0  main.o(i.vApplicationStackOverflowHook)
    i.vListInitialise                        0x08009f52   Section        0  list.o(i.vListInitialise)
    i.vListInitialiseItem                    0x08009f6c   Section        0  list.o(i.vListInitialiseItem)
    i.vListInsert                            0x08009f72   Section        0  list.o(i.vListInsert)
    i.vListInsertEnd                         0x08009fa6   Section        0  list.o(i.vListInsertEnd)
    i.vPortEnterCritical                     0x08009fc0   Section        0  port.o(i.vPortEnterCritical)
    i.vPortExitCritical                      0x0800a014   Section        0  port.o(i.vPortExitCritical)
    i.vPortFree                              0x0800a050   Section        0  heap_4.o(i.vPortFree)
    i.vPortSetupTimerInterrupt               0x0800a12c   Section        0  port.o(i.vPortSetupTimerInterrupt)
    i.vPortValidateInterruptPriority         0x0800a144   Section        0  port.o(i.vPortValidateInterruptPriority)
    i.vQueueWaitForMessageRestricted         0x0800a1bc   Section        0  queue.o(i.vQueueWaitForMessageRestricted)
    i.vTaskDelay                             0x0800a208   Section        0  tasks.o(i.vTaskDelay)
    i.vTaskDelete                            0x0800a264   Section        0  tasks.o(i.vTaskDelete)
    i.vTaskGenericNotifyGiveFromISR          0x0800a348   Section        0  tasks.o(i.vTaskGenericNotifyGiveFromISR)
    i.vTaskInternalSetTimeOutState           0x0800a4e4   Section        0  tasks.o(i.vTaskInternalSetTimeOutState)
    i.vTaskMissedYield                       0x0800a4fc   Section        0  tasks.o(i.vTaskMissedYield)
    i.vTaskPlaceOnEventList                  0x0800a508   Section        0  tasks.o(i.vTaskPlaceOnEventList)
    i.vTaskPlaceOnEventListRestricted        0x0800a540   Section        0  tasks.o(i.vTaskPlaceOnEventListRestricted)
    i.vTaskStartScheduler                    0x0800a5a8   Section        0  tasks.o(i.vTaskStartScheduler)
    i.vTaskSuspendAll                        0x0800a624   Section        0  tasks.o(i.vTaskSuspendAll)
    i.vTaskSwitchContext                     0x0800a634   Section        0  tasks.o(i.vTaskSwitchContext)
    i.xPortStartScheduler                    0x0800a710   Section        0  port.o(i.xPortStartScheduler)
    i.xQueueGenericCreateStatic              0x0800a878   Section        0  queue.o(i.xQueueGenericCreateStatic)
    i.xQueueGenericReset                     0x0800a914   Section        0  queue.o(i.xQueueGenericReset)
    i.xQueueGenericSend                      0x0800a9f0   Section        0  queue.o(i.xQueueGenericSend)
    i.xQueueReceive                          0x0800ab98   Section        0  queue.o(i.xQueueReceive)
    i.xTaskCheckForTimeOut                   0x0800ad00   Section        0  tasks.o(i.xTaskCheckForTimeOut)
    i.xTaskCreate                            0x0800ad90   Section        0  tasks.o(i.xTaskCreate)
    i.xTaskCreateStatic                      0x0800adc8   Section        0  tasks.o(i.xTaskCreateStatic)
    i.xTaskGetSchedulerState                 0x0800ae08   Section        0  tasks.o(i.xTaskGetSchedulerState)
    i.xTaskGetTickCount                      0x0800ae28   Section        0  tasks.o(i.xTaskGetTickCount)
    i.xTaskIncrementTick                     0x0800ae34   Section        0  tasks.o(i.xTaskIncrementTick)
    i.xTaskPriorityDisinherit                0x0800afe8   Section        0  tasks.o(i.xTaskPriorityDisinherit)
    i.xTaskRemoveFromEventList               0x0800b0cc   Section        0  tasks.o(i.xTaskRemoveFromEventList)
    i.xTaskResumeAll                         0x0800b200   Section        0  tasks.o(i.xTaskResumeAll)
    i.xTimerCreate                           0x0800b3a4   Section        0  timers.o(i.xTimerCreate)
    i.xTimerCreateTimerTask                  0x0800b3dc   Section        0  timers.o(i.xTimerCreateTimerTask)
    i.xTimerGenericCommandFromTask           0x0800b454   Section        0  timers.o(i.xTimerGenericCommandFromTask)
    .constdata                               0x0800b4e4   Section    13300  lcd.o(.constdata)
    .constdata                               0x0800e8d8   Section     2052  arm_common_tables.o(.constdata)
    .data                                    0x20000000   Section        4  adc_simple.o(.data)
    .data                                    0x20000004   Section       24  led.o(.data)
    GPIO_PORT                                0x20000004   Data          12  led.o(.data)
    GPIO_PIN                                 0x20000010   Data          12  led.o(.data)
    .data                                    0x2000001c   Section      704  ntc.o(.data)
    .data                                    0x200002dc   Section        5  encoder.o(.data)
    encoder_code                             0x200002dc   Data           1  encoder.o(.data)
    key_f                                    0x200002dd   Data           4  encoder.o(.data)
    .data                                    0x200002e4   Section       20  motor_app.o(.data)
    ia_sum                                   0x200002ec   Data           4  motor_app.o(.data)
    ib_sum                                   0x200002f0   Data           4  motor_app.o(.data)
    ic_sum                                   0x200002f4   Data           4  motor_app.o(.data)
    .data                                    0x200002f8   Section       64  tasks.o(.data)
    pxDelayedTaskList                        0x200002fc   Data           4  tasks.o(.data)
    pxOverflowDelayedTaskList                0x20000300   Data           4  tasks.o(.data)
    uxDeletedTasksWaitingCleanUp             0x20000304   Data           4  tasks.o(.data)
    uxCurrentNumberOfTasks                   0x20000308   Data           4  tasks.o(.data)
    xTickCount                               0x2000030c   Data           4  tasks.o(.data)
    uxTopReadyPriority                       0x20000310   Data           4  tasks.o(.data)
    xSchedulerRunning                        0x20000314   Data           4  tasks.o(.data)
    xPendedTicks                             0x20000318   Data           4  tasks.o(.data)
    xYieldPendings                           0x2000031c   Data           4  tasks.o(.data)
    xNumOfOverflows                          0x20000320   Data           4  tasks.o(.data)
    uxTaskNumber                             0x20000324   Data           4  tasks.o(.data)
    xNextTaskUnblockTime                     0x20000328   Data           4  tasks.o(.data)
    xIdleTaskHandles                         0x2000032c   Data           4  tasks.o(.data)
    uxTopUsedPriority                        0x20000330   Data           4  tasks.o(.data)
    uxSchedulerSuspended                     0x20000334   Data           4  tasks.o(.data)
    .data                                    0x20000338   Section       20  timers.o(.data)
    pxCurrentTimerList                       0x20000338   Data           4  timers.o(.data)
    pxOverflowTimerList                      0x2000033c   Data           4  timers.o(.data)
    xTimerQueue                              0x20000340   Data           4  timers.o(.data)
    xTimerTaskHandle                         0x20000344   Data           4  timers.o(.data)
    xLastTime                                0x20000348   Data           4  timers.o(.data)
    .data                                    0x2000034c   Section       28  heap_4.o(.data)
    xStart                                   0x2000034c   Data           8  heap_4.o(.data)
    pxEnd                                    0x20000354   Data           4  heap_4.o(.data)
    xFreeBytesRemaining                      0x20000358   Data           4  heap_4.o(.data)
    xMinimumEverFreeBytesRemaining           0x2000035c   Data           4  heap_4.o(.data)
    xNumberOfSuccessfulAllocations           0x20000360   Data           4  heap_4.o(.data)
    xNumberOfSuccessfulFrees                 0x20000364   Data           4  heap_4.o(.data)
    .data                                    0x20000368   Section       12  port.o(.data)
    uxCriticalNesting                        0x20000368   Data           4  port.o(.data)
    ucMaxSysCallPriority                     0x2000036c   Data           1  port.o(.data)
    ulMaxPRIGROUPValue                       0x20000370   Data           4  port.o(.data)
    .data                                    0x20000374   Section       12  pmsm.o(.data)
    .bss                                     0x20000380   Section      102  adc_simple.o(.bss)
    .bss                                     0x200003e6   Section       64  uart.o(.bss)
    rxbuffer                                 0x200003e6   Data          32  uart.o(.bss)
    txbuffer                                 0x20000406   Data          32  uart.o(.bss)
    .bss                                     0x20000428   Section       16  encoder.o(.bss)
    key_x                                    0x20000428   Data          16  encoder.o(.bss)
    .bss                                     0x20000438   Section       64  motor_app.o(.bss)
    .bss                                     0x20000478   Section     1392  tasks.o(.bss)
    pxReadyTasksLists                        0x20000478   Data         100  tasks.o(.bss)
    xDelayedTaskList1                        0x200004dc   Data          20  tasks.o(.bss)
    xDelayedTaskList2                        0x200004f0   Data          20  tasks.o(.bss)
    xPendingReadyList                        0x20000504   Data          20  tasks.o(.bss)
    xTasksWaitingTermination                 0x20000518   Data          20  tasks.o(.bss)
    xSuspendedTaskList                       0x2000052c   Data          20  tasks.o(.bss)
    xIdleTaskTCB                             0x20000540   Data          84  tasks.o(.bss)
    uxIdleTaskStack                          0x20000594   Data         512  tasks.o(.bss)
    xTimerTaskTCB                            0x20000794   Data          84  tasks.o(.bss)
    uxTimerTaskStack                         0x200007e8   Data         512  tasks.o(.bss)
    .bss                                     0x200009e8   Section      232  timers.o(.bss)
    xActiveTimerList1                        0x200009e8   Data          20  timers.o(.bss)
    xActiveTimerList2                        0x200009fc   Data          20  timers.o(.bss)
    xStaticTimerQueue                        0x20000a10   Data          72  timers.o(.bss)
    ucStaticTimerQueueStorage                0x20000a58   Data         120  timers.o(.bss)
    .bss                                     0x20000ad0   Section    16384  heap_4.o(.bss)
    ucHeap                                   0x20000ad0   Data       16384  heap_4.o(.bss)
    .bss                                     0x20004ad0   Section      392  pmsm.o(.bss)
    STACK                                    0x20004c58   Section     1024  startup_gd32f30x_hd.o(STACK)

    Global Symbols

    Symbol Name                              Value     Ov Type        Size  Object(Section)

    BuildAttributes$$THM_ISAv4$E$P$D$K$B$S$7EM$VFPi3$EXTD16$VFPS$VFMA$PE$A:L22UL41UL21$X:L11$S22US41US21$IEEE1$IW$USESV6$~STKCKD$USESV7$~SHL$OTIME$IEEEX$EBA8$MICROLIB$REQ8$PRES8$EABIv2 0x00000000   Number         0  anon$$obj.o ABSOLUTE
    __ARM_use_no_argv                        0x00000000   Number         0  main.o ABSOLUTE
    __cpp_initialize__aeabi_                  - Undefined Weak Reference
    __cxa_finalize                            - Undefined Weak Reference
    _clock_init                               - Undefined Weak Reference
    _microlib_exit                            - Undefined Weak Reference
    __Vectors_Size                           0x00000130   Number         0  startup_gd32f30x_hd.o ABSOLUTE
    __Vectors                                0x08004000   Data           4  startup_gd32f30x_hd.o(RESET)
    __Vectors_End                            0x08004130   Data           0  startup_gd32f30x_hd.o(RESET)
    __main                                   0x08004131   Thumb Code     0  entry.o(.ARM.Collect$$$$00000000)
    _main_stk                                0x08004131   Thumb Code     0  entry2.o(.ARM.Collect$$$$00000001)
    _main_scatterload                        0x08004135   Thumb Code     0  entry5.o(.ARM.Collect$$$$00000004)
    __main_after_scatterload                 0x08004139   Thumb Code     0  entry5.o(.ARM.Collect$$$$00000004)
    _main_clock                              0x08004139   Thumb Code     0  entry7b.o(.ARM.Collect$$$$00000008)
    _main_cpp_init                           0x08004139   Thumb Code     0  entry8b.o(.ARM.Collect$$$$0000000A)
    _main_init                               0x08004139   Thumb Code     0  entry9a.o(.ARM.Collect$$$$0000000B)
    __rt_final_cpp                           0x08004141   Thumb Code     0  entry10a.o(.ARM.Collect$$$$0000000D)
    __rt_final_exit                          0x08004141   Thumb Code     0  entry11a.o(.ARM.Collect$$$$0000000F)
    SVC_Handler                              0x08004145   Thumb Code    28  port.o(.emb_text)
    __asm___6_port_c_39a90d8d__prvStartFirstTask 0x08004165   Thumb Code    36  port.o(.emb_text)
    __asm___6_port_c_39a90d8d__prvEnableVFP  0x0800418d   Thumb Code    16  port.o(.emb_text)
    PendSV_Handler                           0x080041a1   Thumb Code    88  port.o(.emb_text)
    vPortGetIPSR                             0x080041fd   Thumb Code     6  port.o(.emb_text)
    Reset_Handler                            0x08004205   Thumb Code     8  startup_gd32f30x_hd.o(.text)
    ADC2_IRQHandler                          0x0800421f   Thumb Code     0  startup_gd32f30x_hd.o(.text)
    CAN0_EWMC_IRQHandler                     0x0800421f   Thumb Code     0  startup_gd32f30x_hd.o(.text)
    CAN0_RX1_IRQHandler                      0x0800421f   Thumb Code     0  startup_gd32f30x_hd.o(.text)
    DMA0_Channel0_IRQHandler                 0x0800421f   Thumb Code     0  startup_gd32f30x_hd.o(.text)
    DMA0_Channel1_IRQHandler                 0x0800421f   Thumb Code     0  startup_gd32f30x_hd.o(.text)
    DMA0_Channel2_IRQHandler                 0x0800421f   Thumb Code     0  startup_gd32f30x_hd.o(.text)
    DMA0_Channel3_IRQHandler                 0x0800421f   Thumb Code     0  startup_gd32f30x_hd.o(.text)
    DMA0_Channel4_IRQHandler                 0x0800421f   Thumb Code     0  startup_gd32f30x_hd.o(.text)
    DMA0_Channel5_IRQHandler                 0x0800421f   Thumb Code     0  startup_gd32f30x_hd.o(.text)
    DMA0_Channel6_IRQHandler                 0x0800421f   Thumb Code     0  startup_gd32f30x_hd.o(.text)
    DMA1_Channel0_IRQHandler                 0x0800421f   Thumb Code     0  startup_gd32f30x_hd.o(.text)
    DMA1_Channel1_IRQHandler                 0x0800421f   Thumb Code     0  startup_gd32f30x_hd.o(.text)
    DMA1_Channel2_IRQHandler                 0x0800421f   Thumb Code     0  startup_gd32f30x_hd.o(.text)
    DMA1_Channel3_4_IRQHandler               0x0800421f   Thumb Code     0  startup_gd32f30x_hd.o(.text)
    EXMC_IRQHandler                          0x0800421f   Thumb Code     0  startup_gd32f30x_hd.o(.text)
    EXTI0_IRQHandler                         0x0800421f   Thumb Code     0  startup_gd32f30x_hd.o(.text)
    EXTI10_15_IRQHandler                     0x0800421f   Thumb Code     0  startup_gd32f30x_hd.o(.text)
    EXTI1_IRQHandler                         0x0800421f   Thumb Code     0  startup_gd32f30x_hd.o(.text)
    EXTI2_IRQHandler                         0x0800421f   Thumb Code     0  startup_gd32f30x_hd.o(.text)
    EXTI3_IRQHandler                         0x0800421f   Thumb Code     0  startup_gd32f30x_hd.o(.text)
    EXTI4_IRQHandler                         0x0800421f   Thumb Code     0  startup_gd32f30x_hd.o(.text)
    EXTI5_9_IRQHandler                       0x0800421f   Thumb Code     0  startup_gd32f30x_hd.o(.text)
    FMC_IRQHandler                           0x0800421f   Thumb Code     0  startup_gd32f30x_hd.o(.text)
    I2C0_ER_IRQHandler                       0x0800421f   Thumb Code     0  startup_gd32f30x_hd.o(.text)
    I2C0_EV_IRQHandler                       0x0800421f   Thumb Code     0  startup_gd32f30x_hd.o(.text)
    I2C1_ER_IRQHandler                       0x0800421f   Thumb Code     0  startup_gd32f30x_hd.o(.text)
    I2C1_EV_IRQHandler                       0x0800421f   Thumb Code     0  startup_gd32f30x_hd.o(.text)
    LVD_IRQHandler                           0x0800421f   Thumb Code     0  startup_gd32f30x_hd.o(.text)
    RCU_CTC_IRQHandler                       0x0800421f   Thumb Code     0  startup_gd32f30x_hd.o(.text)
    RTC_Alarm_IRQHandler                     0x0800421f   Thumb Code     0  startup_gd32f30x_hd.o(.text)
    RTC_IRQHandler                           0x0800421f   Thumb Code     0  startup_gd32f30x_hd.o(.text)
    SDIO_IRQHandler                          0x0800421f   Thumb Code     0  startup_gd32f30x_hd.o(.text)
    SPI0_IRQHandler                          0x0800421f   Thumb Code     0  startup_gd32f30x_hd.o(.text)
    SPI1_IRQHandler                          0x0800421f   Thumb Code     0  startup_gd32f30x_hd.o(.text)
    SPI2_IRQHandler                          0x0800421f   Thumb Code     0  startup_gd32f30x_hd.o(.text)
    TAMPER_IRQHandler                        0x0800421f   Thumb Code     0  startup_gd32f30x_hd.o(.text)
    TIMER0_Channel_IRQHandler                0x0800421f   Thumb Code     0  startup_gd32f30x_hd.o(.text)
    TIMER0_TRG_CMT_IRQHandler                0x0800421f   Thumb Code     0  startup_gd32f30x_hd.o(.text)
    TIMER0_UP_IRQHandler                     0x0800421f   Thumb Code     0  startup_gd32f30x_hd.o(.text)
    TIMER1_IRQHandler                        0x0800421f   Thumb Code     0  startup_gd32f30x_hd.o(.text)
    TIMER2_IRQHandler                        0x0800421f   Thumb Code     0  startup_gd32f30x_hd.o(.text)
    TIMER4_IRQHandler                        0x0800421f   Thumb Code     0  startup_gd32f30x_hd.o(.text)
    TIMER5_IRQHandler                        0x0800421f   Thumb Code     0  startup_gd32f30x_hd.o(.text)
    TIMER6_IRQHandler                        0x0800421f   Thumb Code     0  startup_gd32f30x_hd.o(.text)
    TIMER7_BRK_IRQHandler                    0x0800421f   Thumb Code     0  startup_gd32f30x_hd.o(.text)
    TIMER7_Channel_IRQHandler                0x0800421f   Thumb Code     0  startup_gd32f30x_hd.o(.text)
    TIMER7_TRG_CMT_IRQHandler                0x0800421f   Thumb Code     0  startup_gd32f30x_hd.o(.text)
    TIMER7_UP_IRQHandler                     0x0800421f   Thumb Code     0  startup_gd32f30x_hd.o(.text)
    UART3_IRQHandler                         0x0800421f   Thumb Code     0  startup_gd32f30x_hd.o(.text)
    UART4_IRQHandler                         0x0800421f   Thumb Code     0  startup_gd32f30x_hd.o(.text)
    USART0_IRQHandler                        0x0800421f   Thumb Code     0  startup_gd32f30x_hd.o(.text)
    USART1_IRQHandler                        0x0800421f   Thumb Code     0  startup_gd32f30x_hd.o(.text)
    USART2_IRQHandler                        0x0800421f   Thumb Code     0  startup_gd32f30x_hd.o(.text)
    USBD_HP_CAN0_TX_IRQHandler               0x0800421f   Thumb Code     0  startup_gd32f30x_hd.o(.text)
    USBD_WKUP_IRQHandler                     0x0800421f   Thumb Code     0  startup_gd32f30x_hd.o(.text)
    WWDGT_IRQHandler                         0x0800421f   Thumb Code     0  startup_gd32f30x_hd.o(.text)
    arm_cos_f32                              0x08004229   Thumb Code   108  arm_cos_f32.o(.text)
    arm_sin_f32                              0x080042a1   Thumb Code   118  arm_sin_f32.o(.text)
    __aeabi_memcpy                           0x08004325   Thumb Code    36  memcpya.o(.text)
    __aeabi_memcpy4                          0x08004325   Thumb Code     0  memcpya.o(.text)
    __aeabi_memcpy8                          0x08004325   Thumb Code     0  memcpya.o(.text)
    __aeabi_memset                           0x08004349   Thumb Code    14  memseta.o(.text)
    __aeabi_memset4                          0x08004349   Thumb Code     0  memseta.o(.text)
    __aeabi_memset8                          0x08004349   Thumb Code     0  memseta.o(.text)
    __aeabi_memclr                           0x08004357   Thumb Code     4  memseta.o(.text)
    __aeabi_memclr4                          0x08004357   Thumb Code     0  memseta.o(.text)
    __aeabi_memclr8                          0x08004357   Thumb Code     0  memseta.o(.text)
    memset                                   0x0800435b   Thumb Code    18  memseta.o(.text)
    __scatterload                            0x0800436d   Thumb Code    28  init.o(.text)
    __scatterload_rt2                        0x0800436d   Thumb Code     0  init.o(.text)
    __decompress                             0x08004391   Thumb Code     0  __dczerorl2.o(.text)
    __decompress1                            0x08004391   Thumb Code    86  __dczerorl2.o(.text)
    ADC0_1_IRQHandler                        0x080043e9   Thumb Code    88  motor_app.o(i.ADC0_1_IRQHandler)
    BusFault_Handler                         0x08004451   Thumb Code     4  gd32f30x_it.o(i.BusFault_Handler)
    DRV8323RS_clearFaults                    0x08004455   Thumb Code    14  drv8323rs.o(i.DRV8323RS_clearFaults)
    DRV8323RS_createSPIDataWord              0x08004463   Thumb Code    30  drv8323rs.o(i.DRV8323RS_createSPIDataWord)
    DRV8323RS_disable                        0x08004481   Thumb Code    22  drv8323rs.o(i.DRV8323RS_disable)
    DRV8323RS_enable                         0x0800449d   Thumb Code    20  drv8323rs.o(i.DRV8323RS_enable)
    DRV8323RS_init                           0x080044b5   Thumb Code   164  drv8323rs.o(i.DRV8323RS_init)
    DRV8323RS_setCsaGain                     0x08004561   Thumb Code    16  drv8323rs.o(i.DRV8323RS_setCsaGain)
    DRV8323RS_setVdsLvl                      0x08004571   Thumb Code    16  drv8323rs.o(i.DRV8323RS_setVdsLvl)
    DRV8323RS_spiRead                        0x08004581   Thumb Code    52  drv8323rs.o(i.DRV8323RS_spiRead)
    DRV8323RS_spiUpdateRegister              0x080045b9   Thumb Code    34  drv8323rs.o(i.DRV8323RS_spiUpdateRegister)
    DRV8323RS_spiWrite                       0x080045dd   Thumb Code    46  drv8323rs.o(i.DRV8323RS_spiWrite)
    DebugMon_Handler                         0x08004611   Thumb Code     2  gd32f30x_it.o(i.DebugMon_Handler)
    HardFault_Handler                        0x08004613   Thumb Code     4  gd32f30x_it.o(i.HardFault_Handler)
    LCD_Address_Set                          0x08004631   Thumb Code    74  lcd_init.o(i.LCD_Address_Set)
    LCD_DrawPoint                            0x0800467b   Thumb Code    28  lcd.o(i.LCD_DrawPoint)
    LCD_Fill                                 0x08004697   Thumb Code    74  lcd.o(i.LCD_Fill)
    LCD_GPIO_Init                            0x080046e1   Thumb Code   114  lcd_init.o(i.LCD_GPIO_Init)
    LCD_Init                                 0x08004759   Thumb Code   428  lcd_init.o(i.LCD_Init)
    LCD_ShowChar                             0x08004909   Thumb Code   328  lcd.o(i.LCD_ShowChar)
    LCD_ShowFloatNum2                        0x08004a61   Thumb Code   314  lcd.o(i.LCD_ShowFloatNum2)
    LCD_ShowIntNum                           0x08004b9b   Thumb Code   186  lcd.o(i.LCD_ShowIntNum)
    LCD_ShowString                           0x08004c55   Thumb Code    66  lcd.o(i.LCD_ShowString)
    LCD_WR_DATA                              0x08004c97   Thumb Code    18  lcd_init.o(i.LCD_WR_DATA)
    LCD_WR_DATA8                             0x08004ca9   Thumb Code    12  lcd_init.o(i.LCD_WR_DATA8)
    LCD_WR_REG                               0x08004cb5   Thumb Code    34  lcd_init.o(i.LCD_WR_REG)
    LCD_Writ_Bus                             0x08004cdd   Thumb Code    32  lcd_init.o(i.LCD_Writ_Bus)
    MemManage_Handler                        0x08004d01   Thumb Code     4  gd32f30x_it.o(i.MemManage_Handler)
    NMI_Handler                              0x08004d05   Thumb Code     2  gd32f30x_it.o(i.NMI_Handler)
    SysTick_Handler                          0x08004d15   Thumb Code    46  port.o(i.SysTick_Handler)
    SystemInit                               0x08004d49   Thumb Code   156  system_gd32f30x.o(i.SystemInit)
    TIMER0_BRK_IRQHandler                    0x08004df1   Thumb Code    48  motor_app.o(i.TIMER0_BRK_IRQHandler)
    TIMER3_IRQHandler                        0x08004e25   Thumb Code    60  encoder.o(i.TIMER3_IRQHandler)
    USBD_LP_CAN0_RX0_IRQHandler              0x08004e69   Thumb Code    18  motor_app.o(i.USBD_LP_CAN0_RX0_IRQHandler)
    UsageFault_Handler                       0x08004e81   Thumb Code     4  gd32f30x_it.o(i.UsageFault_Handler)
    __scatterload_copy                       0x08004e85   Thumb Code    14  handlers.o(i.__scatterload_copy)
    __scatterload_null                       0x08004e93   Thumb Code     2  handlers.o(i.__scatterload_null)
    __scatterload_zeroinit                   0x08004e95   Thumb Code    14  handlers.o(i.__scatterload_zeroinit)
    adc0_init                                0x08004f4d   Thumb Code    12  motor_hardware.o(i.adc0_init)
    adc1_init                                0x08004f59   Thumb Code   174  adc_simple.o(i.adc1_init)
    adc_calibration_enable                   0x0800501d   Thumb Code    42  gd32f30x_adc.o(i.adc_calibration_enable)
    adc_channel_length_config                0x08005047   Thumb Code    70  gd32f30x_adc.o(i.adc_channel_length_config)
    adc_data_alignment_config                0x0800508d   Thumb Code    22  gd32f30x_adc.o(i.adc_data_alignment_config)
    adc_enable                               0x080050a3   Thumb Code    18  gd32f30x_adc.o(i.adc_enable)
    adc_external_trigger_config              0x080050b5   Thumb Code    62  gd32f30x_adc.o(i.adc_external_trigger_config)
    adc_external_trigger_source_config       0x080050f3   Thumb Code    48  gd32f30x_adc.o(i.adc_external_trigger_source_config)
    adc_flag_clear                           0x08005123   Thumb Code     6  gd32f30x_adc.o(i.adc_flag_clear)
    adc_flag_get                             0x08005129   Thumb Code    14  gd32f30x_adc.o(i.adc_flag_get)
    adc_inserted_channel_config              0x08005199   Thumb Code   116  gd32f30x_adc.o(i.adc_inserted_channel_config)
    adc_inserted_data_read                   0x0800520d   Thumb Code    46  gd32f30x_adc.o(i.adc_inserted_data_read)
    adc_interrupt_enable                     0x0800523b   Thumb Code    44  gd32f30x_adc.o(i.adc_interrupt_enable)
    adc_interrupt_flag_clear                 0x08005267   Thumb Code     6  gd32f30x_adc.o(i.adc_interrupt_flag_clear)
    adc_mode_config                          0x0800526d   Thumb Code    22  gd32f30x_adc.o(i.adc_mode_config)
    adc_read_data                            0x08005289   Thumb Code    52  adc_simple.o(i.adc_read_data)
    adc_regular_channel_config               0x080052c1   Thumb Code   172  gd32f30x_adc.o(i.adc_regular_channel_config)
    adc_regular_data_read                    0x0800536d   Thumb Code     8  gd32f30x_adc.o(i.adc_regular_data_read)
    adc_software_trigger_enable              0x08005375   Thumb Code    30  gd32f30x_adc.o(i.adc_software_trigger_enable)
    adc_special_function_config              0x08005393   Thumb Code    90  gd32f30x_adc.o(i.adc_special_function_config)
    adc_task                                 0x080053ed   Thumb Code   174  adc_simple.o(i.adc_task)
    calc_pi                                  0x080054ad   Thumb Code   122  foc.o(i.calc_pi)
    calculate_temperature_float              0x08005685   Thumb Code   230  ntc.o(i.calculate_temperature_float)
    can_bus_init                             0x08005771   Thumb Code    24  can.o(i.can_bus_init)
    can_deinit                               0x0800582d   Thumb Code    28  gd32f30x_can.o(i.can_deinit)
    can_filter_init                          0x0800584d   Thumb Code   262  gd32f30x_can.o(i.can_filter_init)
    can_init                                 0x08005989   Thumb Code   290  gd32f30x_can.o(i.can_init)
    can_interrupt_enable                     0x08005aab   Thumb Code     8  gd32f30x_can.o(i.can_interrupt_enable)
    can_message_receive                      0x08005ab3   Thumb Code   228  gd32f30x_can.o(i.can_message_receive)
    can_message_transmit                     0x08005b99   Thumb Code   332  gd32f30x_can.o(i.can_message_transmit)
    can_struct_para_init                     0x08005cf7   Thumb Code   164  gd32f30x_can.o(i.can_struct_para_init)
    clark                                    0x08005d9d   Thumb Code    46  foc.o(i.clark)
    dma_channel_enable                       0x08005dd1   Thumb Code    50  gd32f30x_dma.o(i.dma_channel_enable)
    dma_circulation_disable                  0x08005e03   Thumb Code    50  gd32f30x_dma.o(i.dma_circulation_disable)
    dma_deinit                               0x08005e35   Thumb Code   112  gd32f30x_dma.o(i.dma_deinit)
    dma_flag_get                             0x08005ea5   Thumb Code    24  gd32f30x_dma.o(i.dma_flag_get)
    dma_init                                 0x08005ebd   Thumb Code   302  gd32f30x_dma.o(i.dma_init)
    dma_memory_to_memory_disable             0x08005feb   Thumb Code    50  gd32f30x_dma.o(i.dma_memory_to_memory_disable)
    dma_struct_para_init                     0x08006035   Thumb Code    28  gd32f30x_dma.o(i.dma_struct_para_init)
    encoder_get                              0x08006051   Thumb Code    12  encoder.o(i.encoder_get)
    encoder_init                             0x080060a9   Thumb Code    26  encoder.o(i.encoder_init)
    gpio_bit_write                           0x08006155   Thumb Code    10  gd32f30x_gpio.o(i.gpio_bit_write)
    gpio_init                                0x0800615f   Thumb Code   188  gd32f30x_gpio.o(i.gpio_init)
    gpio_input_bit_get                       0x0800621b   Thumb Code    16  gd32f30x_gpio.o(i.gpio_input_bit_get)
    gpio_output_bit_get                      0x0800622b   Thumb Code    16  gd32f30x_gpio.o(i.gpio_output_bit_get)
    gpio_pin_remap_config                    0x0800623d   Thumb Code   138  gd32f30x_gpio.o(i.gpio_pin_remap_config)
    hall_init                                0x080062cd   Thumb Code    86  motor_hardware.o(i.hall_init)
    init_pi                                  0x08006405   Thumb Code    18  foc.o(i.init_pi)
    inv_park                                 0x0800641d   Thumb Code    58  foc.o(i.inv_park)
    key_get                                  0x08006535   Thumb Code    48  encoder.o(i.key_get)
    key_scan                                 0x0800658d   Thumb Code    24  encoder.o(i.key_scan)
    led_init                                 0x08006605   Thumb Code   134  led.o(i.led_init)
    led_on                                   0x08006699   Thumb Code    16  led.o(i.led_on)
    led_toggle                               0x080066b1   Thumb Code    46  led.o(i.led_toggle)
    main                                     0x080066e9   Thumb Code    78  main.o(i.main)
    mcLib_PLLEstimator                       0x080067ed   Thumb Code   620  pll_estimator.o(i.mcLib_PLLEstimator)
    mcLib_ParkTransform                      0x08006a5d   Thumb Code    62  pll_estimator.o(i.mcLib_ParkTransform)
    motor_hardware_init                      0x08006d85   Thumb Code    24  motor_hardware.o(i.motor_hardware_init)
    motor_interrupt_init                     0x08006d9d   Thumb Code    24  motor_hardware.o(i.motor_interrupt_init)
    motor_pwm_disable                        0x08006db5   Thumb Code    64  motor_hardware.o(i.motor_pwm_disable)
    motor_pwm_enable                         0x08006df9   Thumb Code    64  motor_hardware.o(i.motor_pwm_enable)
    motor_pwm_set_duty                       0x08006e3d   Thumb Code    40  motor_hardware.o(i.motor_pwm_set_duty)
    mypow                                    0x080072f1   Thumb Code    22  lcd.o(i.mypow)
    nvic_irq_enable                          0x08007309   Thumb Code   186  gd32f30x_misc.o(i.nvic_irq_enable)
    nvic_priority_group_set                  0x080073cd   Thumb Code    10  gd32f30x_misc.o(i.nvic_priority_group_set)
    park                                     0x080073e1   Thumb Code    58  foc.o(i.park)
    pmsm_foc_init                            0x08007639   Thumb Code    44  pmsm.o(i.pmsm_foc_init)
    pmsm_foc_run                             0x0800772d   Thumb Code   188  pmsm.o(i.pmsm_foc_run)
    pmsm_init                                0x080077f9   Thumb Code   390  motor_app.o(i.pmsm_init)
    pvPortMalloc                             0x080085f5   Thumb Code   474  heap_4.o(i.pvPortMalloc)
    pxPortInitialiseStack                    0x080089dd   Thumb Code    38  port.o(i.pxPortInitialiseStack)
    rcu_adc_clock_config                     0x08008a09   Thumb Code    98  gd32f30x_rcu.o(i.rcu_adc_clock_config)
    rcu_clock_freq_get                       0x08008a75   Thumb Code   310  gd32f30x_rcu.o(i.rcu_clock_freq_get)
    rcu_periph_clock_enable                  0x08008bcd   Thumb Code    28  gd32f30x_rcu.o(i.rcu_periph_clock_enable)
    rcu_periph_reset_disable                 0x08008bed   Thumb Code    28  gd32f30x_rcu.o(i.rcu_periph_reset_disable)
    rcu_periph_reset_enable                  0x08008c0d   Thumb Code    28  gd32f30x_rcu.o(i.rcu_periph_reset_enable)
    sin_cos                                  0x08008c2d   Thumb Code    38  foc.o(i.sin_cos)
    spi0_init                                0x08008c55   Thumb Code    94  spi.o(i.spi0_init)
    spi0_transmit_receive_data               0x08008cbd   Thumb Code    48  spi.o(i.spi0_transmit_receive_data)
    spi2_init                                0x08008cf1   Thumb Code    86  spi.o(i.spi2_init)
    spi2_transmit_receive_data               0x08008d55   Thumb Code    50  spi.o(i.spi2_transmit_receive_data)
    spi_enable                               0x08008d8d   Thumb Code    10  gd32f30x_spi.o(i.spi_enable)
    spi_i2s_data_receive                     0x08008d97   Thumb Code     8  gd32f30x_spi.o(i.spi_i2s_data_receive)
    spi_i2s_data_transmit                    0x08008d9f   Thumb Code     4  gd32f30x_spi.o(i.spi_i2s_data_transmit)
    spi_i2s_flag_get                         0x08008da3   Thumb Code    16  gd32f30x_spi.o(i.spi_i2s_flag_get)
    spi_init                                 0x08008db3   Thumb Code    50  gd32f30x_spi.o(i.spi_init)
    svpwm                                    0x08008de5   Thumb Code   718  foc.o(i.svpwm)
    systick_delay                            0x080091d9   Thumb Code    12  systick.o(i.systick_delay)
    timer_auto_reload_shadow_enable          0x08009359   Thumb Code    10  gd32f30x_timer.o(i.timer_auto_reload_shadow_enable)
    timer_break_config                       0x08009363   Thumb Code    30  gd32f30x_timer.o(i.timer_break_config)
    timer_channel_complementary_output_state_config 0x08009381   Thumb Code    70  gd32f30x_timer.o(i.timer_channel_complementary_output_state_config)
    timer_channel_input_capture_prescaler_config 0x080093c7   Thumb Code    90  gd32f30x_timer.o(i.timer_channel_input_capture_prescaler_config)
    timer_channel_output_config              0x08009421   Thumb Code   484  gd32f30x_timer.o(i.timer_channel_output_config)
    timer_channel_output_mode_config         0x0800960d   Thumb Code    90  gd32f30x_timer.o(i.timer_channel_output_mode_config)
    timer_channel_output_pulse_value_config  0x08009667   Thumb Code    38  gd32f30x_timer.o(i.timer_channel_output_pulse_value_config)
    timer_channel_output_shadow_config       0x0800968d   Thumb Code    90  gd32f30x_timer.o(i.timer_channel_output_shadow_config)
    timer_channel_output_state_config        0x080096e7   Thumb Code    92  gd32f30x_timer.o(i.timer_channel_output_state_config)
    timer_counter_read                       0x08009743   Thumb Code     8  gd32f30x_timer.o(i.timer_counter_read)
    timer_counter_value_config               0x0800974b   Thumb Code     4  gd32f30x_timer.o(i.timer_counter_value_config)
    timer_deinit                             0x08009751   Thumb Code   210  gd32f30x_timer.o(i.timer_deinit)
    timer_enable                             0x0800982d   Thumb Code    10  gd32f30x_timer.o(i.timer_enable)
    timer_hall_mode_config                   0x08009837   Thumb Code    26  gd32f30x_timer.o(i.timer_hall_mode_config)
    timer_init                               0x08009851   Thumb Code   122  gd32f30x_timer.o(i.timer_init)
    timer_input_capture_config               0x080098e9   Thumb Code   326  gd32f30x_timer.o(i.timer_input_capture_config)
    timer_input_trigger_source_select        0x08009a2f   Thumb Code    16  gd32f30x_timer.o(i.timer_input_trigger_source_select)
    timer_interrupt_enable                   0x08009a3f   Thumb Code     8  gd32f30x_timer.o(i.timer_interrupt_enable)
    timer_interrupt_flag_clear               0x08009a47   Thumb Code     6  gd32f30x_timer.o(i.timer_interrupt_flag_clear)
    timer_interrupt_flag_get                 0x08009a4d   Thumb Code    24  gd32f30x_timer.o(i.timer_interrupt_flag_get)
    timer_primary_output_config              0x08009a65   Thumb Code    24  gd32f30x_timer.o(i.timer_primary_output_config)
    timer_quadrature_decoder_mode_config     0x08009a7d   Thumb Code    64  gd32f30x_timer.o(i.timer_quadrature_decoder_mode_config)
    timer_slave_mode_select                  0x08009abd   Thumb Code    16  gd32f30x_timer.o(i.timer_slave_mode_select)
    ulTaskGenericNotifyTake                  0x08009acd   Thumb Code   196  tasks.o(i.ulTaskGenericNotifyTake)
    usart_baudrate_set                       0x08009b99   Thumb Code   136  gd32f30x_usart.o(i.usart_baudrate_set)
    usart_deinit                             0x08009c29   Thumb Code   136  gd32f30x_usart.o(i.usart_deinit)
    usart_dma_receive_config                 0x08009cb9   Thumb Code    20  gd32f30x_usart.o(i.usart_dma_receive_config)
    usart_dma_transmit_config                0x08009ccd   Thumb Code    20  gd32f30x_usart.o(i.usart_dma_transmit_config)
    usart_enable                             0x08009ce1   Thumb Code    10  gd32f30x_usart.o(i.usart_enable)
    usart_init                               0x08009ced   Thumb Code   314  uart.o(i.usart_init)
    usart_receive_config                     0x08009e41   Thumb Code    20  gd32f30x_usart.o(i.usart_receive_config)
    usart_send_data                          0x08009e55   Thumb Code   122  uart.o(i.usart_send_data)
    usart_transmit_config                    0x08009edd   Thumb Code    20  gd32f30x_usart.o(i.usart_transmit_config)
    uxListRemove                             0x08009ef1   Thumb Code    40  list.o(i.uxListRemove)
    vApplicationGetIdleTaskMemory            0x08009f19   Thumb Code    14  tasks.o(i.vApplicationGetIdleTaskMemory)
    vApplicationGetTimerTaskMemory           0x08009f31   Thumb Code    14  tasks.o(i.vApplicationGetTimerTaskMemory)
    vApplicationIdleHook                     0x08009f49   Thumb Code     8  motor_app.o(i.vApplicationIdleHook)
    vApplicationStackOverflowHook            0x08009f51   Thumb Code     2  main.o(i.vApplicationStackOverflowHook)
    vListInitialise                          0x08009f53   Thumb Code    26  list.o(i.vListInitialise)
    vListInitialiseItem                      0x08009f6d   Thumb Code     6  list.o(i.vListInitialiseItem)
    vListInsert                              0x08009f73   Thumb Code    52  list.o(i.vListInsert)
    vListInsertEnd                           0x08009fa7   Thumb Code    24  list.o(i.vListInsertEnd)
    vPortEnterCritical                       0x08009fc1   Thumb Code    76  port.o(i.vPortEnterCritical)
    vPortExitCritical                        0x0800a015   Thumb Code    56  port.o(i.vPortExitCritical)
    vPortFree                                0x0800a051   Thumb Code   202  heap_4.o(i.vPortFree)
    vPortSetupTimerInterrupt                 0x0800a12d   Thumb Code    20  port.o(i.vPortSetupTimerInterrupt)
    vPortValidateInterruptPriority           0x0800a145   Thumb Code   106  port.o(i.vPortValidateInterruptPriority)
    vQueueWaitForMessageRestricted           0x0800a1bd   Thumb Code    74  queue.o(i.vQueueWaitForMessageRestricted)
    vTaskDelay                               0x0800a209   Thumb Code    82  tasks.o(i.vTaskDelay)
    vTaskDelete                              0x0800a265   Thumb Code   196  tasks.o(i.vTaskDelete)
    vTaskGenericNotifyGiveFromISR            0x0800a349   Thumb Code   386  tasks.o(i.vTaskGenericNotifyGiveFromISR)
    vTaskInternalSetTimeOutState             0x0800a4e5   Thumb Code    14  tasks.o(i.vTaskInternalSetTimeOutState)
    vTaskMissedYield                         0x0800a4fd   Thumb Code     8  tasks.o(i.vTaskMissedYield)
    vTaskPlaceOnEventList                    0x0800a509   Thumb Code    52  tasks.o(i.vTaskPlaceOnEventList)
    vTaskPlaceOnEventListRestricted          0x0800a541   Thumb Code    98  tasks.o(i.vTaskPlaceOnEventListRestricted)
    vTaskStartScheduler                      0x0800a5a9   Thumb Code   106  tasks.o(i.vTaskStartScheduler)
    vTaskSuspendAll                          0x0800a625   Thumb Code    12  tasks.o(i.vTaskSuspendAll)
    vTaskSwitchContext                       0x0800a635   Thumb Code   198  tasks.o(i.vTaskSwitchContext)
    xPortStartScheduler                      0x0800a711   Thumb Code   330  port.o(i.xPortStartScheduler)
    xQueueGenericCreateStatic                0x0800a879   Thumb Code   154  queue.o(i.xQueueGenericCreateStatic)
    xQueueGenericReset                       0x0800a915   Thumb Code   214  queue.o(i.xQueueGenericReset)
    xQueueGenericSend                        0x0800a9f1   Thumb Code   420  queue.o(i.xQueueGenericSend)
    xQueueReceive                            0x0800ab99   Thumb Code   356  queue.o(i.xQueueReceive)
    xTaskCheckForTimeOut                     0x0800ad01   Thumb Code   136  tasks.o(i.xTaskCheckForTimeOut)
    xTaskCreate                              0x0800ad91   Thumb Code    56  tasks.o(i.xTaskCreate)
    xTaskCreateStatic                        0x0800adc9   Thumb Code    64  tasks.o(i.xTaskCreateStatic)
    xTaskGetSchedulerState                   0x0800ae09   Thumb Code    24  tasks.o(i.xTaskGetSchedulerState)
    xTaskGetTickCount                        0x0800ae29   Thumb Code     6  tasks.o(i.xTaskGetTickCount)
    xTaskIncrementTick                       0x0800ae35   Thumb Code   392  tasks.o(i.xTaskIncrementTick)
    xTaskPriorityDisinherit                  0x0800afe9   Thumb Code   214  tasks.o(i.xTaskPriorityDisinherit)
    xTaskRemoveFromEventList                 0x0800b0cd   Thumb Code   282  tasks.o(i.xTaskRemoveFromEventList)
    xTaskResumeAll                           0x0800b201   Thumb Code   382  tasks.o(i.xTaskResumeAll)
    xTimerCreate                             0x0800b3a5   Thumb Code    54  timers.o(i.xTimerCreate)
    xTimerCreateTimerTask                    0x0800b3dd   Thumb Code   100  timers.o(i.xTimerCreateTimerTask)
    xTimerGenericCommandFromTask             0x0800b455   Thumb Code   140  timers.o(i.xTimerGenericCommandFromTask)
    ascii_1206                               0x0800b4e4   Data        1140  lcd.o(.constdata)
    ascii_1608                               0x0800b958   Data        1520  lcd.o(.constdata)
    ascii_2412                               0x0800bf48   Data        4560  lcd.o(.constdata)
    ascii_3216                               0x0800d118   Data        6080  lcd.o(.constdata)
    sinTable_f32                             0x0800e8d8   Data        2052  arm_common_tables.o(.constdata)
    Region$$Table$$Base                      0x0800f0dc   Number         0  anon$$obj.o(Region$$Table)
    Region$$Table$$Limit                     0x0800f0fc   Number         0  anon$$obj.o(Region$$Table)
    channel_index                            0x20000000   Data           1  adc_simple.o(.data)
    adc_channel_buffer                       0x20000001   Data           3  adc_simple.o(.data)
    ntc_table                                0x2000001c   Data         704  ntc.o(.data)
    PeriodicalTimer                          0x200002e4   Data           4  motor_app.o(.data)
    PmsmStateHandle                          0x200002e8   Data           4  motor_app.o(.data)
    pxCurrentTCB                             0x200002f8   Data           4  tasks.o(.data)
    theta_error                              0x20000374   Data           4  pmsm.o(.data)
    iq_error                                 0x20000378   Data           4  pmsm.o(.data)
    iq_error_count                           0x2000037c   Data           4  pmsm.o(.data)
    adc_filter_handler                       0x20000380   Data         102  adc_simple.o(.bss)
    motor1                                   0x20000438   Data          44  motor_app.o(.bss)
    transmit_message                         0x20000464   Data          20  motor_app.o(.bss)
    pmsm_foc_param                           0x20004ad0   Data         204  pmsm.o(.bss)
    pmsm_mc_param                            0x20004b9c   Data          52  pmsm.o(.bss)
    mcApp_EstimParam                         0x20004bd0   Data         136  pmsm.o(.bss)
    __initial_sp                             0x20005058   Data           0  startup_gd32f30x_hd.o(STACK)



==============================================================================

Memory Map of the image

  Image Entry point : 0x08004131

  Load Region LR_IROM1 (Base: 0x08004000, Size: 0x0000b47c, Max: 0x00040000, ABSOLUTE, COMPRESSED[0x0000b3d8])

    Execution Region ER_IROM1 (Exec base: 0x08004000, Load base: 0x08004000, Size: 0x0000b0fc, Max: 0x00040000, ABSOLUTE)

    Exec Addr    Load Addr    Size         Type   Attr      Idx    E Section Name        Object

    0x08004000   0x08004000   0x00000130   Data   RO         1243    RESET               startup_gd32f30x_hd.o
    0x08004130   0x08004130   0x00000000   Code   RO         6870  * .ARM.Collect$$$$00000000  mc_w.l(entry.o)
    0x08004130   0x08004130   0x00000004   Code   RO         6881    .ARM.Collect$$$$00000001  mc_w.l(entry2.o)
    0x08004134   0x08004134   0x00000004   Code   RO         6884    .ARM.Collect$$$$00000004  mc_w.l(entry5.o)
    0x08004138   0x08004138   0x00000000   Code   RO         6886    .ARM.Collect$$$$00000008  mc_w.l(entry7b.o)
    0x08004138   0x08004138   0x00000000   Code   RO         6888    .ARM.Collect$$$$0000000A  mc_w.l(entry8b.o)
    0x08004138   0x08004138   0x00000008   Code   RO         6889    .ARM.Collect$$$$0000000B  mc_w.l(entry9a.o)
    0x08004140   0x08004140   0x00000000   Code   RO         6891    .ARM.Collect$$$$0000000D  mc_w.l(entry10a.o)
    0x08004140   0x08004140   0x00000000   Code   RO         6893    .ARM.Collect$$$$0000000F  mc_w.l(entry11a.o)
    0x08004140   0x08004140   0x00000004   Code   RO         6882    .ARM.Collect$$$$00002712  mc_w.l(entry2.o)
    0x08004144   0x08004144   0x000000be   Code   RO         6466    .emb_text           port.o
    0x08004202   0x08004202   0x00000002   PAD
    0x08004204   0x08004204   0x00000024   Code   RO         1244    .text               startup_gd32f30x_hd.o
    0x08004228   0x08004228   0x00000078   Code   RO         6711    .text               arm_cortexM4lf_math.lib(arm_cos_f32.o)
    0x080042a0   0x080042a0   0x00000084   Code   RO         6767    .text               arm_cortexM4lf_math.lib(arm_sin_f32.o)
    0x08004324   0x08004324   0x00000024   Code   RO         6873    .text               mc_w.l(memcpya.o)
    0x08004348   0x08004348   0x00000024   Code   RO         6877    .text               mc_w.l(memseta.o)
    0x0800436c   0x0800436c   0x00000024   Code   RO         6895    .text               mc_w.l(init.o)
    0x08004390   0x08004390   0x00000056   Code   RO         6905    .text               mc_w.l(__dczerorl2.o)
    0x080043e6   0x080043e6   0x00000002   PAD
    0x080043e8   0x080043e8   0x00000068   Code   RO         1053    i.ADC0_1_IRQHandler  motor_app.o
    0x08004450   0x08004450   0x00000004   Code   RO            3    i.BusFault_Handler  gd32f30x_it.o
    0x08004454   0x08004454   0x0000000e   Code   RO          788    i.DRV8323RS_clearFaults  drv8323rs.o
    0x08004462   0x08004462   0x0000001e   Code   RO          789    i.DRV8323RS_createSPIDataWord  drv8323rs.o
    0x08004480   0x08004480   0x0000001c   Code   RO          790    i.DRV8323RS_disable  drv8323rs.o
    0x0800449c   0x0800449c   0x00000018   Code   RO          791    i.DRV8323RS_enable  drv8323rs.o
    0x080044b4   0x080044b4   0x000000ac   Code   RO          792    i.DRV8323RS_init    drv8323rs.o
    0x08004560   0x08004560   0x00000010   Code   RO          795    i.DRV8323RS_setCsaGain  drv8323rs.o
    0x08004570   0x08004570   0x00000010   Code   RO          808    i.DRV8323RS_setVdsLvl  drv8323rs.o
    0x08004580   0x08004580   0x00000038   Code   RO          810    i.DRV8323RS_spiRead  drv8323rs.o
    0x080045b8   0x080045b8   0x00000022   Code   RO          811    i.DRV8323RS_spiUpdateRegister  drv8323rs.o
    0x080045da   0x080045da   0x00000002   PAD
    0x080045dc   0x080045dc   0x00000034   Code   RO          812    i.DRV8323RS_spiWrite  drv8323rs.o
    0x08004610   0x08004610   0x00000002   Code   RO            4    i.DebugMon_Handler  gd32f30x_it.o
    0x08004612   0x08004612   0x00000004   Code   RO            5    i.HardFault_Handler  gd32f30x_it.o
    0x08004616   0x08004616   0x00000002   PAD
    0x08004618   0x08004618   0x00000018   Code   RO          967    i.IsKey0Down        encoder.o
    0x08004630   0x08004630   0x0000004a   Code   RO         5242    i.LCD_Address_Set   lcd_init.o
    0x0800467a   0x0800467a   0x0000001c   Code   RO         5152    i.LCD_DrawPoint     lcd.o
    0x08004696   0x08004696   0x0000004a   Code   RO         5154    i.LCD_Fill          lcd.o
    0x080046e0   0x080046e0   0x00000078   Code   RO         5243    i.LCD_GPIO_Init     lcd_init.o
    0x08004758   0x08004758   0x000001b0   Code   RO         5244    i.LCD_Init          lcd_init.o
    0x08004908   0x08004908   0x00000158   Code   RO         5155    i.LCD_ShowChar      lcd.o
    0x08004a60   0x08004a60   0x0000013a   Code   RO         5157    i.LCD_ShowFloatNum2  lcd.o
    0x08004b9a   0x08004b9a   0x000000ba   Code   RO         5158    i.LCD_ShowIntNum    lcd.o
    0x08004c54   0x08004c54   0x00000042   Code   RO         5160    i.LCD_ShowString    lcd.o
    0x08004c96   0x08004c96   0x00000012   Code   RO         5245    i.LCD_WR_DATA       lcd_init.o
    0x08004ca8   0x08004ca8   0x0000000c   Code   RO         5246    i.LCD_WR_DATA8      lcd_init.o
    0x08004cb4   0x08004cb4   0x00000028   Code   RO         5247    i.LCD_WR_REG        lcd_init.o
    0x08004cdc   0x08004cdc   0x00000024   Code   RO         5248    i.LCD_Writ_Bus      lcd_init.o
    0x08004d00   0x08004d00   0x00000004   Code   RO            6    i.MemManage_Handler  gd32f30x_it.o
    0x08004d04   0x08004d04   0x00000002   Code   RO            7    i.NMI_Handler       gd32f30x_it.o
    0x08004d06   0x08004d06   0x0000000c   Code   RO         1054    i.PeriodicalTimerCbk  motor_app.o
    0x08004d12   0x08004d12   0x00000002   PAD
    0x08004d14   0x08004d14   0x00000034   Code   RO         6467    i.SysTick_Handler   port.o
    0x08004d48   0x08004d48   0x000000a8   Code   RO         1202    i.SystemInit        system_gd32f30x.o
    0x08004df0   0x08004df0   0x00000034   Code   RO         1055    i.TIMER0_BRK_IRQHandler  motor_app.o
    0x08004e24   0x08004e24   0x00000044   Code   RO          968    i.TIMER3_IRQHandler  encoder.o
    0x08004e68   0x08004e68   0x00000018   Code   RO         1056    i.USBD_LP_CAN0_RX0_IRQHandler  motor_app.o
    0x08004e80   0x08004e80   0x00000004   Code   RO            8    i.UsageFault_Handler  gd32f30x_it.o
    0x08004e84   0x08004e84   0x0000000e   Code   RO         6899    i.__scatterload_copy  mc_w.l(handlers.o)
    0x08004e92   0x08004e92   0x00000002   Code   RO         6900    i.__scatterload_null  mc_w.l(handlers.o)
    0x08004e94   0x08004e94   0x0000000e   Code   RO         6901    i.__scatterload_zeroinit  mc_w.l(handlers.o)
    0x08004ea2   0x08004ea2   0x00000002   PAD
    0x08004ea4   0x08004ea4   0x000000a8   Code   RO          225    i.adc0_config       motor_hardware.o
    0x08004f4c   0x08004f4c   0x0000000c   Code   RO          226    i.adc0_init         motor_hardware.o
    0x08004f58   0x08004f58   0x000000c4   Code   RO          336    i.adc1_init         adc_simple.o
    0x0800501c   0x0800501c   0x0000002a   Code   RO         1250    i.adc_calibration_enable  gd32f30x_adc.o
    0x08005046   0x08005046   0x00000046   Code   RO         1251    i.adc_channel_length_config  gd32f30x_adc.o
    0x0800508c   0x0800508c   0x00000016   Code   RO         1252    i.adc_data_alignment_config  gd32f30x_adc.o
    0x080050a2   0x080050a2   0x00000012   Code   RO         1258    i.adc_enable        gd32f30x_adc.o
    0x080050b4   0x080050b4   0x0000003e   Code   RO         1259    i.adc_external_trigger_config  gd32f30x_adc.o
    0x080050f2   0x080050f2   0x00000030   Code   RO         1260    i.adc_external_trigger_source_config  gd32f30x_adc.o
    0x08005122   0x08005122   0x00000006   Code   RO         1261    i.adc_flag_clear    gd32f30x_adc.o
    0x08005128   0x08005128   0x0000000e   Code   RO         1262    i.adc_flag_get      gd32f30x_adc.o
    0x08005136   0x08005136   0x00000002   PAD
    0x08005138   0x08005138   0x00000060   Code   RO          227    i.adc_gpio_init     motor_hardware.o
    0x08005198   0x08005198   0x00000074   Code   RO         1263    i.adc_inserted_channel_config  gd32f30x_adc.o
    0x0800520c   0x0800520c   0x0000002e   Code   RO         1265    i.adc_inserted_data_read  gd32f30x_adc.o
    0x0800523a   0x0800523a   0x0000002c   Code   RO         1267    i.adc_interrupt_enable  gd32f30x_adc.o
    0x08005266   0x08005266   0x00000006   Code   RO         1268    i.adc_interrupt_flag_clear  gd32f30x_adc.o
    0x0800526c   0x0800526c   0x0000001c   Code   RO         1270    i.adc_mode_config   gd32f30x_adc.o
    0x08005288   0x08005288   0x00000038   Code   RO          337    i.adc_read_data     adc_simple.o
    0x080052c0   0x080052c0   0x000000ac   Code   RO         1274    i.adc_regular_channel_config  gd32f30x_adc.o
    0x0800536c   0x0800536c   0x00000008   Code   RO         1275    i.adc_regular_data_read  gd32f30x_adc.o
    0x08005374   0x08005374   0x0000001e   Code   RO         1277    i.adc_software_trigger_enable  gd32f30x_adc.o
    0x08005392   0x08005392   0x0000005a   Code   RO         1278    i.adc_special_function_config  gd32f30x_adc.o
    0x080053ec   0x080053ec   0x000000c0   Code   RO          338    i.adc_task          adc_simple.o
    0x080054ac   0x080054ac   0x0000007a   Code   RO         6545    i.calc_pi           foc.o
    0x08005526   0x08005526   0x00000002   PAD
    0x08005528   0x08005528   0x0000015c   Code   RO         6604    i.calculate_park_angle  pmsm.o
    0x08005684   0x08005684   0x000000ec   Code   RO          623    i.calculate_temperature_float  ntc.o
    0x08005770   0x08005770   0x0000001c   Code   RO          378    i.can_bus_init      can.o
    0x0800578c   0x0800578c   0x000000a0   Code   RO          379    i.can_config        can.o
    0x0800582c   0x0800582c   0x00000020   Code   RO         1617    i.can_deinit        gd32f30x_can.o
    0x0800584c   0x0800584c   0x00000110   Code   RO         1620    i.can_filter_init   gd32f30x_can.o
    0x0800595c   0x0800595c   0x0000002c   Code   RO          380    i.can_gpio_config   can.o
    0x08005988   0x08005988   0x00000122   Code   RO         1623    i.can_init          gd32f30x_can.o
    0x08005aaa   0x08005aaa   0x00000008   Code   RO         1625    i.can_interrupt_enable  gd32f30x_can.o
    0x08005ab2   0x08005ab2   0x000000e4   Code   RO         1628    i.can_message_receive  gd32f30x_can.o
    0x08005b96   0x08005b96   0x00000002   PAD
    0x08005b98   0x08005b98   0x00000150   Code   RO         1629    i.can_message_transmit  gd32f30x_can.o
    0x08005ce8   0x08005ce8   0x0000000e   Code   RO          381    i.can_nvic_config   can.o
    0x08005cf6   0x08005cf6   0x000000a4   Code   RO         1632    i.can_struct_para_init  gd32f30x_can.o
    0x08005d9a   0x08005d9a   0x00000002   PAD
    0x08005d9c   0x08005d9c   0x00000034   Code   RO         6546    i.clark             foc.o
    0x08005dd0   0x08005dd0   0x00000032   Code   RO         2207    i.dma_channel_enable  gd32f30x_dma.o
    0x08005e02   0x08005e02   0x00000032   Code   RO         2208    i.dma_circulation_disable  gd32f30x_dma.o
    0x08005e34   0x08005e34   0x00000070   Code   RO         2210    i.dma_deinit        gd32f30x_dma.o
    0x08005ea4   0x08005ea4   0x00000018   Code   RO         2212    i.dma_flag_get      gd32f30x_dma.o
    0x08005ebc   0x08005ebc   0x0000012e   Code   RO         2213    i.dma_init          gd32f30x_dma.o
    0x08005fea   0x08005fea   0x00000032   Code   RO         2221    i.dma_memory_to_memory_disable  gd32f30x_dma.o
    0x0800601c   0x0800601c   0x00000018   Code   RO         2225    i.dma_periph_and_channel_check  gd32f30x_dma.o
    0x08006034   0x08006034   0x0000001c   Code   RO         2230    i.dma_struct_para_init  gd32f30x_dma.o
    0x08006050   0x08006050   0x00000010   Code   RO          969    i.encoder_get       encoder.o
    0x08006060   0x08006060   0x00000048   Code   RO          970    i.encoder_gpio_init  encoder.o
    0x080060a8   0x080060a8   0x0000001a   Code   RO          971    i.encoder_init      encoder.o
    0x080060c2   0x080060c2   0x00000002   PAD
    0x080060c4   0x080060c4   0x00000090   Code   RO          972    i.encoder_timer_init  encoder.o
    0x08006154   0x08006154   0x0000000a   Code   RO         2934    i.gpio_bit_write    gd32f30x_gpio.o
    0x0800615e   0x0800615e   0x000000bc   Code   RO         2942    i.gpio_init         gd32f30x_gpio.o
    0x0800621a   0x0800621a   0x00000010   Code   RO         2943    i.gpio_input_bit_get  gd32f30x_gpio.o
    0x0800622a   0x0800622a   0x00000010   Code   RO         2945    i.gpio_output_bit_get  gd32f30x_gpio.o
    0x0800623a   0x0800623a   0x00000002   PAD
    0x0800623c   0x0800623c   0x00000090   Code   RO         2948    i.gpio_pin_remap_config  gd32f30x_gpio.o
    0x080062cc   0x080062cc   0x00000060   Code   RO          230    i.hall_init         motor_hardware.o
    0x0800632c   0x0800632c   0x000000d8   Code   RO          231    i.hall_timer_config  motor_hardware.o
    0x08006404   0x08006404   0x00000018   Code   RO         6547    i.init_pi           foc.o
    0x0800641c   0x0800641c   0x0000003a   Code   RO         6548    i.inv_park          foc.o
    0x08006456   0x08006456   0x00000002   PAD
    0x08006458   0x08006458   0x000000dc   Code   RO          974    i.key_detect        encoder.o
    0x08006534   0x08006534   0x00000034   Code   RO          975    i.key_get           encoder.o
    0x08006568   0x08006568   0x00000024   Code   RO          976    i.key_put           encoder.o
    0x0800658c   0x0800658c   0x00000018   Code   RO          977    i.key_scan          encoder.o
    0x080065a4   0x080065a4   0x00000060   Code   RO          978    i.key_var_init      encoder.o
    0x08006604   0x08006604   0x00000094   Code   RO          580    i.led_init          led.o
    0x08006698   0x08006698   0x00000018   Code   RO          582    i.led_on            led.o
    0x080066b0   0x080066b0   0x00000038   Code   RO          583    i.led_toggle        led.o
    0x080066e8   0x080066e8   0x0000006c   Code   RO          160    i.main              main.o
    0x08006754   0x08006754   0x00000098   Code   RO         6605    i.mcApp_InitEstimParm  pmsm.o
    0x080067ec   0x080067ec   0x00000270   Code   RO         6684    i.mcLib_PLLEstimator  pll_estimator.o
    0x08006a5c   0x08006a5c   0x0000003e   Code   RO         6685    i.mcLib_ParkTransform  pll_estimator.o
    0x08006a9a   0x08006a9a   0x00000002   PAD
    0x08006a9c   0x08006a9c   0x00000220   Code   RO         1057    i.motor_app_mainfunction  motor_app.o
    0x08006cbc   0x08006cbc   0x000000c8   Code   RO         1058    i.motor_can_transmit  motor_app.o
    0x08006d84   0x08006d84   0x00000018   Code   RO          232    i.motor_hardware_init  motor_hardware.o
    0x08006d9c   0x08006d9c   0x00000018   Code   RO          233    i.motor_interrupt_init  motor_hardware.o
    0x08006db4   0x08006db4   0x00000044   Code   RO          234    i.motor_pwm_disable  motor_hardware.o
    0x08006df8   0x08006df8   0x00000044   Code   RO          235    i.motor_pwm_enable  motor_hardware.o
    0x08006e3c   0x08006e3c   0x0000002c   Code   RO          238    i.motor_pwm_set_duty  motor_hardware.o
    0x08006e68   0x08006e68   0x0000029c   Code   RO         1059    i.motor_ui_init     motor_app.o
    0x08007104   0x08007104   0x000001ec   Code   RO         1060    i.motor_ui_updata   motor_app.o
    0x080072f0   0x080072f0   0x00000016   Code   RO         5161    i.mypow             lcd.o
    0x08007306   0x08007306   0x00000002   PAD
    0x08007308   0x08007308   0x000000c4   Code   RO         3260    i.nvic_irq_enable   gd32f30x_misc.o
    0x080073cc   0x080073cc   0x00000014   Code   RO         3261    i.nvic_priority_group_set  gd32f30x_misc.o
    0x080073e0   0x080073e0   0x0000003a   Code   RO         6549    i.park              foc.o
    0x0800741a   0x0800741a   0x00000002   PAD
    0x0800741c   0x0800741c   0x0000021c   Code   RO         6606    i.pid_control       pmsm.o
    0x08007638   0x08007638   0x00000038   Code   RO         6607    i.pmsm_foc_init     pmsm.o
    0x08007670   0x08007670   0x000000bc   Code   RO         6608    i.pmsm_foc_init_control_parameters  pmsm.o
    0x0800772c   0x0800772c   0x000000cc   Code   RO         6609    i.pmsm_foc_run      pmsm.o
    0x080077f8   0x080077f8   0x000001e8   Code   RO         1061    i.pmsm_init         motor_app.o
    0x080079e0   0x080079e0   0x00000014   Code   RO         1062    i.pmsm_state        motor_app.o
    0x080079f4   0x080079f4   0x000000b0   Code   RO         5834    i.prvAddCurrentTaskToDelayedList  tasks.o
    0x08007aa4   0x08007aa4   0x000000f4   Code   RO         5835    i.prvAddNewTaskToReadyList  tasks.o
    0x08007b98   0x08007b98   0x0000005c   Code   RO         6222    i.prvCheckForValidListAndQueue  timers.o
    0x08007bf4   0x08007bf4   0x00000048   Code   RO         5836    i.prvCheckTasksWaitingTermination  tasks.o
    0x08007c3c   0x08007c3c   0x0000002a   Code   RO         5451    i.prvCopyDataFromQueue  queue.o
    0x08007c66   0x08007c66   0x0000007e   Code   RO         5452    i.prvCopyDataToQueue  queue.o
    0x08007ce4   0x08007ce4   0x00000088   Code   RO         5837    i.prvCreateIdleTasks  tasks.o
    0x08007d6c   0x08007d6c   0x000000b8   Code   RO         5838    i.prvCreateStaticTask  tasks.o
    0x08007e24   0x08007e24   0x0000005e   Code   RO         5839    i.prvCreateTask     tasks.o
    0x08007e82   0x08007e82   0x00000050   Code   RO         5840    i.prvDeleteTCB      tasks.o
    0x08007ed2   0x08007ed2   0x00000002   PAD
    0x08007ed4   0x08007ed4   0x00000028   Code   RO         6223    i.prvGetNextExpireTime  timers.o
    0x08007efc   0x08007efc   0x0000006c   Code   RO         6399    i.prvHeapInit       heap_4.o
    0x08007f68   0x08007f68   0x0000002c   Code   RO         5841    i.prvIdleTask       tasks.o
    0x08007f94   0x08007f94   0x00000026   Code   RO         5455    i.prvInitialiseNewQueue  queue.o
    0x08007fba   0x08007fba   0x000000cc   Code   RO         5842    i.prvInitialiseNewTask  tasks.o
    0x08008086   0x08008086   0x00000058   Code   RO         6224    i.prvInitialiseNewTimer  timers.o
    0x080080de   0x080080de   0x00000002   PAD
    0x080080e0   0x080080e0   0x00000068   Code   RO         5843    i.prvInitialiseTaskLists  tasks.o
    0x08008148   0x08008148   0x000000a0   Code   RO         6400    i.prvInsertBlockIntoFreeList  heap_4.o
    0x080081e8   0x080081e8   0x00000058   Code   RO         6225    i.prvInsertTimerInActiveList  timers.o
    0x08008240   0x08008240   0x0000001a   Code   RO         5456    i.prvIsQueueEmpty   queue.o
    0x0800825a   0x0800825a   0x0000001e   Code   RO         5457    i.prvIsQueueFull    queue.o
    0x08008278   0x08008278   0x00000044   Code   RO         6226    i.prvProcessExpiredTimer  timers.o
    0x080082bc   0x080082bc   0x00000124   Code   RO         6227    i.prvProcessReceivedCommands  timers.o
    0x080083e0   0x080083e0   0x00000074   Code   RO         6228    i.prvProcessTimerOrBlockTask  timers.o
    0x08008454   0x08008454   0x00000028   Code   RO         6229    i.prvReloadTimer    timers.o
    0x0800847c   0x0800847c   0x00000030   Code   RO         5844    i.prvResetNextTaskUnblockTime  tasks.o
    0x080084ac   0x080084ac   0x0000002c   Code   RO         6230    i.prvSampleTimeNow  timers.o
    0x080084d8   0x080084d8   0x00000044   Code   RO         6231    i.prvSwitchTimerLists  timers.o
    0x0800851c   0x0800851c   0x00000040   Code   RO         6468    i.prvTaskExitError  port.o
    0x0800855c   0x0800855c   0x0000001a   Code   RO         6232    i.prvTimerTask      timers.o
    0x08008576   0x08008576   0x0000007e   Code   RO         5458    i.prvUnlockQueue    queue.o
    0x080085f4   0x080085f4   0x000001f8   Code   RO         6402    i.pvPortMalloc      heap_4.o
    0x080087ec   0x080087ec   0x00000088   Code   RO          240    i.pwm_gpio_init     motor_hardware.o
    0x08008874   0x08008874   0x00000168   Code   RO          241    i.pwm_timer_config  motor_hardware.o
    0x080089dc   0x080089dc   0x0000002c   Code   RO         6469    i.pxPortInitialiseStack  port.o
    0x08008a08   0x08008a08   0x0000006c   Code   RO         3450    i.rcu_adc_clock_config  gd32f30x_rcu.o
    0x08008a74   0x08008a74   0x00000158   Code   RO         3459    i.rcu_clock_freq_get  gd32f30x_rcu.o
    0x08008bcc   0x08008bcc   0x00000020   Code   RO         3477    i.rcu_periph_clock_enable  gd32f30x_rcu.o
    0x08008bec   0x08008bec   0x00000020   Code   RO         3480    i.rcu_periph_reset_disable  gd32f30x_rcu.o
    0x08008c0c   0x08008c0c   0x00000020   Code   RO         3481    i.rcu_periph_reset_enable  gd32f30x_rcu.o
    0x08008c2c   0x08008c2c   0x00000026   Code   RO         6550    i.sin_cos           foc.o
    0x08008c52   0x08008c52   0x00000002   PAD
    0x08008c54   0x08008c54   0x00000068   Code   RO          646    i.spi0_init         spi.o
    0x08008cbc   0x08008cbc   0x00000034   Code   RO          647    i.spi0_transmit_receive_data  spi.o
    0x08008cf0   0x08008cf0   0x00000064   Code   RO          648    i.spi2_init         spi.o
    0x08008d54   0x08008d54   0x00000038   Code   RO          649    i.spi2_transmit_receive_data  spi.o
    0x08008d8c   0x08008d8c   0x0000000a   Code   RO         4095    i.spi_enable        gd32f30x_spi.o
    0x08008d96   0x08008d96   0x00000008   Code   RO         4097    i.spi_i2s_data_receive  gd32f30x_spi.o
    0x08008d9e   0x08008d9e   0x00000004   Code   RO         4098    i.spi_i2s_data_transmit  gd32f30x_spi.o
    0x08008da2   0x08008da2   0x00000010   Code   RO         4100    i.spi_i2s_flag_get  gd32f30x_spi.o
    0x08008db2   0x08008db2   0x00000032   Code   RO         4105    i.spi_init          gd32f30x_spi.o
    0x08008de4   0x08008de4   0x000002d8   Code   RO         6551    i.svpwm             foc.o
    0x080090bc   0x080090bc   0x00000114   Code   RO         1203    i.system_clock_120m_hxtal  system_gd32f30x.o
    0x080091d0   0x080091d0   0x00000008   Code   RO         1204    i.system_clock_config  system_gd32f30x.o
    0x080091d8   0x080091d8   0x0000000c   Code   RO          689    i.systick_delay     systick.o
    0x080091e4   0x080091e4   0x00000164   Code   RO         1063    i.task_data_handler  motor_app.o
    0x08009348   0x08009348   0x00000010   Code   RO         1064    i.task_gui          motor_app.o
    0x08009358   0x08009358   0x0000000a   Code   RO         4341    i.timer_auto_reload_shadow_enable  gd32f30x_timer.o
    0x08009362   0x08009362   0x0000001e   Code   RO         4345    i.timer_break_config  gd32f30x_timer.o
    0x08009380   0x08009380   0x00000046   Code   RO         4351    i.timer_channel_complementary_output_state_config  gd32f30x_timer.o
    0x080093c6   0x080093c6   0x0000005a   Code   RO         4355    i.timer_channel_input_capture_prescaler_config  gd32f30x_timer.o
    0x08009420   0x08009420   0x000001ec   Code   RO         4358    i.timer_channel_output_config  gd32f30x_timer.o
    0x0800960c   0x0800960c   0x0000005a   Code   RO         4360    i.timer_channel_output_mode_config  gd32f30x_timer.o
    0x08009666   0x08009666   0x00000026   Code   RO         4362    i.timer_channel_output_pulse_value_config  gd32f30x_timer.o
    0x0800968c   0x0800968c   0x0000005a   Code   RO         4363    i.timer_channel_output_shadow_config  gd32f30x_timer.o
    0x080096e6   0x080096e6   0x0000005c   Code   RO         4364    i.timer_channel_output_state_config  gd32f30x_timer.o
    0x08009742   0x08009742   0x00000008   Code   RO         4368    i.timer_counter_read  gd32f30x_timer.o
    0x0800974a   0x0800974a   0x00000004   Code   RO         4370    i.timer_counter_value_config  gd32f30x_timer.o
    0x0800974e   0x0800974e   0x00000002   PAD
    0x08009750   0x08009750   0x000000dc   Code   RO         4371    i.timer_deinit      gd32f30x_timer.o
    0x0800982c   0x0800982c   0x0000000a   Code   RO         4376    i.timer_enable      gd32f30x_timer.o
    0x08009836   0x08009836   0x0000001a   Code   RO         4385    i.timer_hall_mode_config  gd32f30x_timer.o
    0x08009850   0x08009850   0x00000098   Code   RO         4386    i.timer_init        gd32f30x_timer.o
    0x080098e8   0x080098e8   0x00000146   Code   RO         4387    i.timer_input_capture_config  gd32f30x_timer.o
    0x08009a2e   0x08009a2e   0x00000010   Code   RO         4389    i.timer_input_trigger_source_select  gd32f30x_timer.o
    0x08009a3e   0x08009a3e   0x00000008   Code   RO         4393    i.timer_interrupt_enable  gd32f30x_timer.o
    0x08009a46   0x08009a46   0x00000006   Code   RO         4394    i.timer_interrupt_flag_clear  gd32f30x_timer.o
    0x08009a4c   0x08009a4c   0x00000018   Code   RO         4395    i.timer_interrupt_flag_get  gd32f30x_timer.o
    0x08009a64   0x08009a64   0x00000018   Code   RO         4401    i.timer_primary_output_config  gd32f30x_timer.o
    0x08009a7c   0x08009a7c   0x00000040   Code   RO         4402    i.timer_quadrature_decoder_mode_config  gd32f30x_timer.o
    0x08009abc   0x08009abc   0x00000010   Code   RO         4405    i.timer_slave_mode_select  gd32f30x_timer.o
    0x08009acc   0x08009acc   0x000000cc   Code   RO         5847    i.ulTaskGenericNotifyTake  tasks.o
    0x08009b98   0x08009b98   0x00000090   Code   RO         4781    i.usart_baudrate_set  gd32f30x_usart.o
    0x08009c28   0x08009c28   0x00000090   Code   RO         4786    i.usart_deinit      gd32f30x_usart.o
    0x08009cb8   0x08009cb8   0x00000014   Code   RO         4788    i.usart_dma_receive_config  gd32f30x_usart.o
    0x08009ccc   0x08009ccc   0x00000014   Code   RO         4789    i.usart_dma_transmit_config  gd32f30x_usart.o
    0x08009ce0   0x08009ce0   0x0000000a   Code   RO         4790    i.usart_enable      gd32f30x_usart.o
    0x08009cea   0x08009cea   0x00000002   PAD
    0x08009cec   0x08009cec   0x00000154   Code   RO          754    i.usart_init        uart.o
    0x08009e40   0x08009e40   0x00000014   Code   RO         4814    i.usart_receive_config  gd32f30x_usart.o
    0x08009e54   0x08009e54   0x00000088   Code   RO          755    i.usart_send_data   uart.o
    0x08009edc   0x08009edc   0x00000014   Code   RO         4828    i.usart_transmit_config  gd32f30x_usart.o
    0x08009ef0   0x08009ef0   0x00000028   Code   RO         5412    i.uxListRemove      list.o
    0x08009f18   0x08009f18   0x00000018   Code   RO         5855    i.vApplicationGetIdleTaskMemory  tasks.o
    0x08009f30   0x08009f30   0x00000018   Code   RO         5856    i.vApplicationGetTimerTaskMemory  tasks.o
    0x08009f48   0x08009f48   0x00000008   Code   RO         1065    i.vApplicationIdleHook  motor_app.o
    0x08009f50   0x08009f50   0x00000002   Code   RO          161    i.vApplicationStackOverflowHook  main.o
    0x08009f52   0x08009f52   0x0000001a   Code   RO         5413    i.vListInitialise   list.o
    0x08009f6c   0x08009f6c   0x00000006   Code   RO         5414    i.vListInitialiseItem  list.o
    0x08009f72   0x08009f72   0x00000034   Code   RO         5415    i.vListInsert       list.o
    0x08009fa6   0x08009fa6   0x00000018   Code   RO         5416    i.vListInsertEnd    list.o
    0x08009fbe   0x08009fbe   0x00000002   PAD
    0x08009fc0   0x08009fc0   0x00000054   Code   RO         6471    i.vPortEnterCritical  port.o
    0x0800a014   0x0800a014   0x0000003c   Code   RO         6472    i.vPortExitCritical  port.o
    0x0800a050   0x0800a050   0x000000dc   Code   RO         6403    i.vPortFree         heap_4.o
    0x0800a12c   0x0800a12c   0x00000018   Code   RO         6473    i.vPortSetupTimerInterrupt  port.o
    0x0800a144   0x0800a144   0x00000078   Code   RO         6474    i.vPortValidateInterruptPriority  port.o
    0x0800a1bc   0x0800a1bc   0x0000004a   Code   RO         5465    i.vQueueWaitForMessageRestricted  queue.o
    0x0800a206   0x0800a206   0x00000002   PAD
    0x0800a208   0x0800a208   0x0000005c   Code   RO         5857    i.vTaskDelay        tasks.o
    0x0800a264   0x0800a264   0x000000e4   Code   RO         5858    i.vTaskDelete       tasks.o
    0x0800a348   0x0800a348   0x0000019c   Code   RO         5860    i.vTaskGenericNotifyGiveFromISR  tasks.o
    0x0800a4e4   0x0800a4e4   0x00000018   Code   RO         5861    i.vTaskInternalSetTimeOutState  tasks.o
    0x0800a4fc   0x0800a4fc   0x0000000c   Code   RO         5862    i.vTaskMissedYield  tasks.o
    0x0800a508   0x0800a508   0x00000038   Code   RO         5863    i.vTaskPlaceOnEventList  tasks.o
    0x0800a540   0x0800a540   0x00000068   Code   RO         5864    i.vTaskPlaceOnEventListRestricted  tasks.o
    0x0800a5a8   0x0800a5a8   0x0000007c   Code   RO         5872    i.vTaskStartScheduler  tasks.o
    0x0800a624   0x0800a624   0x00000010   Code   RO         5874    i.vTaskSuspendAll   tasks.o
    0x0800a634   0x0800a634   0x000000dc   Code   RO         5875    i.vTaskSwitchContext  tasks.o
    0x0800a710   0x0800a710   0x00000168   Code   RO         6475    i.xPortStartScheduler  port.o
    0x0800a878   0x0800a878   0x0000009a   Code   RO         5471    i.xQueueGenericCreateStatic  queue.o
    0x0800a912   0x0800a912   0x00000002   PAD
    0x0800a914   0x0800a914   0x000000dc   Code   RO         5473    i.xQueueGenericReset  queue.o
    0x0800a9f0   0x0800a9f0   0x000001a8   Code   RO         5474    i.xQueueGenericSend  queue.o
    0x0800ab98   0x0800ab98   0x00000168   Code   RO         5482    i.xQueueReceive     queue.o
    0x0800ad00   0x0800ad00   0x00000090   Code   RO         5877    i.xTaskCheckForTimeOut  tasks.o
    0x0800ad90   0x0800ad90   0x00000038   Code   RO         5878    i.xTaskCreate       tasks.o
    0x0800adc8   0x0800adc8   0x00000040   Code   RO         5879    i.xTaskCreateStatic  tasks.o
    0x0800ae08   0x0800ae08   0x00000020   Code   RO         5887    i.xTaskGetSchedulerState  tasks.o
    0x0800ae28   0x0800ae28   0x0000000c   Code   RO         5889    i.xTaskGetTickCount  tasks.o
    0x0800ae34   0x0800ae34   0x000001b4   Code   RO         5891    i.xTaskIncrementTick  tasks.o
    0x0800afe8   0x0800afe8   0x000000e4   Code   RO         5892    i.xTaskPriorityDisinherit  tasks.o
    0x0800b0cc   0x0800b0cc   0x00000134   Code   RO         5894    i.xTaskRemoveFromEventList  tasks.o
    0x0800b200   0x0800b200   0x000001a4   Code   RO         5895    i.xTaskResumeAll    tasks.o
    0x0800b3a4   0x0800b3a4   0x00000036   Code   RO         6238    i.xTimerCreate      timers.o
    0x0800b3da   0x0800b3da   0x00000002   PAD
    0x0800b3dc   0x0800b3dc   0x00000078   Code   RO         6240    i.xTimerCreateTimerTask  timers.o
    0x0800b454   0x0800b454   0x00000090   Code   RO         6242    i.xTimerGenericCommandFromTask  timers.o
    0x0800b4e4   0x0800b4e4   0x000033f4   Data   RO         5162    .constdata          lcd.o
    0x0800e8d8   0x0800e8d8   0x00000804   Data   RO         6847    .constdata          arm_cortexM4lf_math.lib(arm_common_tables.o)
    0x0800f0dc   0x0800f0dc   0x00000020   Data   RO         6897    Region$$Table       anon$$obj.o


    Execution Region RW_IRAM1 (Exec base: 0x20000000, Load base: 0x0800f0fc, Size: 0x00005058, Max: 0x0000c000, ABSOLUTE, COMPRESSED[0x000002dc])

    Exec Addr    Load Addr    Size         Type   Attr      Idx    E Section Name        Object

    0x20000000   COMPRESSED   0x00000004   Data   RW          340    .data               adc_simple.o
    0x20000004   COMPRESSED   0x00000018   Data   RW          584    .data               led.o
    0x2000001c   COMPRESSED   0x000002c0   Data   RW          624    .data               ntc.o
    0x200002dc   COMPRESSED   0x00000005   Data   RW          980    .data               encoder.o
    0x200002e1   COMPRESSED   0x00000003   PAD
    0x200002e4   COMPRESSED   0x00000014   Data   RW         1067    .data               motor_app.o
    0x200002f8   COMPRESSED   0x00000040   Data   RW         5898    .data               tasks.o
    0x20000338   COMPRESSED   0x00000014   Data   RW         6250    .data               timers.o
    0x2000034c   COMPRESSED   0x0000001c   Data   RW         6410    .data               heap_4.o
    0x20000368   COMPRESSED   0x0000000c   Data   RW         6476    .data               port.o
    0x20000374   COMPRESSED   0x0000000c   Data   RW         6611    .data               pmsm.o
    0x20000380        -       0x00000066   Zero   RW          339    .bss                adc_simple.o
    0x200003e6        -       0x00000040   Zero   RW          756    .bss                uart.o
    0x20000426   COMPRESSED   0x00000002   PAD
    0x20000428        -       0x00000010   Zero   RW          979    .bss                encoder.o
    0x20000438        -       0x00000040   Zero   RW         1066    .bss                motor_app.o
    0x20000478        -       0x00000570   Zero   RW         5897    .bss                tasks.o
    0x200009e8        -       0x000000e8   Zero   RW         6249    .bss                timers.o
    0x20000ad0        -       0x00004000   Zero   RW         6409    .bss                heap_4.o
    0x20004ad0        -       0x00000188   Zero   RW         6610    .bss                pmsm.o
    0x20004c58        -       0x00000400   Zero   RW         1241    STACK               startup_gd32f30x_hd.o


==============================================================================

Image component sizes


      Code (inc. data)   RO Data    RW Data    ZI Data      Debug   Object Name

       444         44          0          4        102       3465   adc_simple.o
       246         12          0          0          0       2143   can.o
       442         28          0          0          0      20666   drv8323rs.o
       778         58          0          5         16       8010   encoder.o
         0          0          0          0          0      44476   event_groups.o
      1080         22          0          0          0       4572   foc.o
       822          6          0          0          0      12677   gd32f30x_adc.o
      1330         18          0          0          0       6201   gd32f30x_can.o
       640          6          0          0          0       6484   gd32f30x_dma.o
       374          6          0          0          0       4120   gd32f30x_gpio.o
        20          0          0          0          0      83337   gd32f30x_it.o
       216         20          0          0          0       1600   gd32f30x_misc.o
       548         68          0          0          0       4043   gd32f30x_rcu.o
        88          0          0          0          0       4190   gd32f30x_spi.o
      1906         48          0          0          0      17899   gd32f30x_timer.o
       378         16          0          0          0       4965   gd32f30x_usart.o
       992         84          0         28      16384       6147   heap_4.o
      1034         16      13300          0          0       7426   lcd.o
       732         20          0          0          0       4326   lcd_init.o
       228         32          0         24          0       2841   led.o
       148          0          0          0          0       3494   list.o
       110         30          0          0          0      17819   main.o
      2984        360          0         20         64      22283   motor_app.o
      1312         60          0          0          0       7073   motor_hardware.o
       236          6          0        704          0       1542   ntc.o
       686          4          0          0          0       1931   pll_estimator.o
      1488        184          0         12        392      18199   pmsm.o
       998         92          0         12          0      11745   port.o
      1620         14          0          0          0      15006   queue.o
       312         34          0          0          0       2482   spi.o
        36          8        304          0       1024        932   startup_gd32f30x_hd.o
       452         30          0          0          0       2741   system_gd32f30x.o
        12          0          0          0          0       6456   systick.o
      4626        442          0         64       1392      40047   tasks.o
      1280        114          0         20        232      55442   timers.o
       476         40          0          0         64       2479   uart.o

    ----------------------------------------------------------------------
     29120       1922      13636        896      19672     459259   Object Totals
         0          0         32          0          0          0   (incl. Generated)
        46          0          0          3          2          0   (incl. Padding)

    ----------------------------------------------------------------------

      Code (inc. data)   RO Data    RW Data    ZI Data      Debug   Library Member Name

         0          0       2052          0          0       4636   arm_common_tables.o
       120         12          0          0          0      17018   arm_cos_f32.o
       132         14          0          0          0        750   arm_sin_f32.o
        86          0          0          0          0          0   __dczerorl2.o
         0          0          0          0          0          0   entry.o
         0          0          0          0          0          0   entry10a.o
         0          0          0          0          0          0   entry11a.o
         8          4          0          0          0          0   entry2.o
         4          0          0          0          0          0   entry5.o
         0          0          0          0          0          0   entry7b.o
         0          0          0          0          0          0   entry8b.o
         8          4          0          0          0          0   entry9a.o
        30          0          0          0          0          0   handlers.o
        36          8          0          0          0         68   init.o
        36          0          0          0          0         68   memcpya.o
        36          0          0          0          0        108   memseta.o

    ----------------------------------------------------------------------
       500         42       2052          0          0      22648   Library Totals
         4          0          0          0          0          0   (incl. Padding)

    ----------------------------------------------------------------------

      Code (inc. data)   RO Data    RW Data    ZI Data      Debug   Library Name

       252         26       2052          0          0      22404   arm_cortexM4lf_math.lib
       244         16          0          0          0        244   mc_w.l

    ----------------------------------------------------------------------
       500         42       2052          0          0      22648   Library Totals

    ----------------------------------------------------------------------

==============================================================================


      Code (inc. data)   RO Data    RW Data    ZI Data      Debug   

     29620       1964      15688        896      19672     457239   Grand Totals
     29620       1964      15688        732      19672     457239   ELF Image Totals (compressed)
     29620       1964      15688        732          0          0   ROM Totals

==============================================================================

    Total RO  Size (Code + RO Data)                45308 (  44.25kB)
    Total RW  Size (RW Data + ZI Data)             20568 (  20.09kB)
    Total ROM Size (Code + RO Data + RW Data)      46040 (  44.96kB)

==============================================================================

